✔ [2/4] Built Audit.Axioms (6.0s)
✔ [3/4] Built Audit.Axioms:c.o (1.1s)
✔ [4/4] Built audit_axioms:exe (6.8s)
{"axioms":["propext","Quot.sound"],"declaration":"FindimCounterexample.RingDual.leftMap._proof_2","module":"FindimCounterexample.Duality","theorem":true}
{"axioms":["propext","Classical.choice","Quot.sound"],"declaration":"FindimCounterexample.Stage4a.Toda.bracket","module":"FindimCounterexample.Stage4aToda","theorem":false}
{"axioms":["propext","Classical.choice","Quot.sound"],"declaration":"FindimCounterexample.Stage4a.PolynomialSelfExtensions.leftMulTau._proof_3","module":"FindimCounterexample.Stage4aInterface","theorem":true}
{"axioms":["propext","Classical.choice","Quot.sound"],"declaration":"FindimCounterexample.Stage4a.shiftHomEquiv._proof_2","module":"FindimCounterexample.Stage4aShift","theorem":true}
{"axioms":["propext","Quot.sound"],"declaration":"FindimCounterexample.RingDual.coordinate._proof_1","module":"FindimCounterexample.Duality","theorem":true}
{"axioms":["propext","Quot.sound"],"declaration":"FindimCounterexample.RingDual.rightMap._proof_2","module":"FindimCounterexample.Duality","theorem":true}
{"axioms":["propext","Classical.choice","Quot.sound"],"declaration":"FindimCounterexample.ProjectiveCoresolution.π","module":"FindimCounterexample.Coresolution","theorem":false}
{"axioms":["propext","Classical.choice","Quot.sound"],"declaration":"FindimCounterexample.Stage4aRank.hom_injective_of_boundary_zero","module":"FindimCounterexample.Stage4aRank","theorem":true}
{"axioms":["propext"],"declaration":"FindimCounterexample.Stage4a.PolynomialSelfExtensions.tau._proof_1","module":"FindimCounterexample.Stage4aInterface","theorem":true}
{"axioms":["propext","Quot.sound"],"declaration":"FindimCounterexample.Transpose.presentationCokernelEquivSyzygy._proof_4","module":"FindimCounterexample.Transpose","theorem":true}
{"axioms":["propext","Quot.sound"],"declaration":"FindimCounterexample.RingDual.eval._proof_3","module":"FindimCounterexample.Duality","theorem":true}
{"axioms":["propext","Classical.choice","Quot.sound"],"declaration":"FindimCounterexample.RingDual.evalEquiv","module":"FindimCounterexample.Duality","theorem":false}
{"axioms":["propext","Classical.choice","Quot.sound"],"declaration":"FindimCounterexample.Stage4a.Toda.bracket_eq_coset._abel_1_1","module":"FindimCounterexample.Stage4aToda","theorem":true}
{"axioms":["propext","Classical.choice","Quot.sound"],"declaration":"FindimCounterexample.Transpose.presentationCokernelEquivSyzygy._proof_8","module":"FindimCounterexample.Transpose","theorem":true}
{"axioms":["propext","Classical.choice","Quot.sound"],"declaration":"FindimCounterexample.RingDual.rightDual_projective","module":"FindimCounterexample.Duality","theorem":true}
{"axioms":["propext","Quot.sound"],"declaration":"FindimCounterexample.RingDual.eval._proof_4","module":"FindimCounterexample.Duality","theorem":true}
{"axioms":["propext","Classical.choice","Quot.sound"],"declaration":"FindimCounterexample.ProjectiveCoresolution.hasProjectiveDimensionLE","module":"FindimCounterexample.Coresolution","theorem":true}
{"axioms":[],"declaration":"FindimCounterexample.StrongNakayama.dualObjects._proof_1","module":"FindimCounterexample.StrongNakayama","theorem":true}
{"axioms":["propext","Classical.choice","Quot.sound"],"declaration":"FindimCounterexample.StrongNakayama.cok_finite","module":"FindimCounterexample.StrongNakayama","theorem":true}
{"axioms":["propext","Classical.choice","Quot.sound"],"declaration":"FindimCounterexample.ExactCoresolution.shortExact","module":"FindimCounterexample.ExactCoresolution","theorem":true}
{"axioms":["propext","Quot.sound"],"declaration":"FindimCounterexample.Stage4a.PolynomialSelfExtensions.rightMulTau._proof_1","module":"FindimCounterexample.Stage4aInterface","theorem":true}
{"axioms":["propext","Quot.sound"],"declaration":"FindimCounterexample.ModuleResolution.complex._proof_1","module":"FindimCounterexample.ModuleResolution","theorem":true}
{"axioms":["propext","Quot.sound"],"declaration":"FindimCounterexample.Stage4a.Cone.oneCone_i_bijective._proof_1_5","module":"FindimCounterexample.Stage4aCone","theorem":true}
{"axioms":["propext","Classical.choice","Quot.sound"],"declaration":"FindimCounterexample.ModuleResolution.augmentation_comp","module":"FindimCounterexample.ModuleResolution","theorem":true}
{"axioms":["propext","Quot.sound"],"declaration":"FindimCounterexample.Stage4a.Cone.oneCone_i_bijective._proof_1_3","module":"FindimCounterexample.Stage4aCone","theorem":true}
{"axioms":["propext","Classical.choice","Quot.sound"],"declaration":"FindimCounterexample.Stage4a.TateDuality.shift_linear","module":"FindimCounterexample.Stage4aInterface","theorem":true}
{"axioms":["propext","Classical.choice","Quot.sound"],"declaration":"FindimCounterexample.Stage4a.PolynomialSelfExtensions","module":"FindimCounterexample.Stage4aInterface","theorem":false}
{"axioms":["propext","Classical.choice","Quot.sound"],"declaration":"FindimCounterexample.ProjectiveCoresolution.projectiveDimension_eq","module":"FindimCounterexample.Coresolution","theorem":true}
{"axioms":["propext","Quot.sound"],"declaration":"FindimCounterexample.StrongNakayama.homRightDualEquiv","module":"FindimCounterexample.StrongNakayamaExt","theorem":false}
{"axioms":["propext","Quot.sound"],"declaration":"FindimCounterexample.ModuleResolution.homDifferential","module":"FindimCounterexample.ModuleResolutionExt","theorem":false}
{"axioms":["propext","Classical.choice","Quot.sound"],"declaration":"FindimCounterexample.Stage4a.HigherObstruction.polynomial_low_degree","module":"FindimCounterexample.Stage4aHigherObstruction","theorem":true}
{"axioms":["propext","Classical.choice","Quot.sound"],"declaration":"FindimCounterexample.Stage4a.TateDuality.subsingleton_complement","module":"FindimCounterexample.Stage4aInterface","theorem":true}
{"axioms":["propext","Quot.sound"],"declaration":"FindimCounterexample.RingDual.rightMap._proof_3","module":"FindimCounterexample.Duality","theorem":true}
{"axioms":["propext","Classical.choice","Quot.sound"],"declaration":"FindimCounterexample.ModuleResolution.projectiveResolution","module":"FindimCounterexample.ModuleResolution","theorem":false}
{"axioms":["propext","Classical.choice","Quot.sound"],"declaration":"FindimCounterexample.ProjectiveCoresolution.c","module":"FindimCounterexample.Coresolution","theorem":false}
{"axioms":["propext","Classical.choice","Quot.sound"],"declaration":"FindimCounterexample.Stage4a.one_factor_rank","module":"FindimCounterexample.Stage4aOneFactor","theorem":true}
{"axioms":["propext","Classical.choice","Quot.sound"],"declaration":"FindimCounterexample.Stage4a.PolynomialSelfExtensions.noConfusion","module":"FindimCounterexample.Stage4aInterface","theorem":false}
{"axioms":["propext","Quot.sound"],"declaration":"FindimCounterexample.Stage4a.HigherObstruction.polynomial_toda_eq_zero_gt_three._proof_1_6","module":"FindimCounterexample.Stage4aHigherObstruction","theorem":true}
{"axioms":["propext","Classical.choice","Quot.sound"],"declaration":"FindimCounterexample.ModuleResolution.augmentation.congr_simp","module":"FindimCounterexample.ModuleResolution","theorem":true}
{"axioms":["propext","Classical.choice","Quot.sound"],"declaration":"FindimCounterexample.Stage4a.Toda.bracket_eq_coset","module":"FindimCounterexample.Stage4aToda","theorem":true}
{"axioms":["propext","Classical.choice","Quot.sound"],"declaration":"FindimCounterexample.Stage4a.TateDuality.recOn","module":"FindimCounterexample.Stage4aInterface","theorem":false}
{"axioms":["propext","Classical.choice","Quot.sound"],"declaration":"FindimCounterexample.ModuleResolution.projectiveResolution.eq_1","module":"FindimCounterexample.ModuleResolutionExt","theorem":true}
{"axioms":["propext","Quot.sound"],"declaration":"FindimCounterexample.Stage4a.Cone.oneCone_pi_bijective._proof_1_2","module":"FindimCounterexample.Stage4aCone","theorem":true}
{"axioms":["propext","Quot.sound"],"declaration":"FindimCounterexample.RingDual.eval_bijective_of_split","module":"FindimCounterexample.Duality","theorem":true}
{"axioms":["propext","Quot.sound"],"declaration":"FindimCounterexample.Stage4a.Cone.connecting_bijective_of_zeros._simp_1_1","module":"FindimCounterexample.Stage4aCone","theorem":true}
{"axioms":["propext","Classical.choice","Quot.sound"],"declaration":"FindimCounterexample.Stage4a.PolynomialSelfExtensions.right_mul_tau_bijective","module":"FindimCounterexample.Stage4aInterface","theorem":true}
{"axioms":["propext","Quot.sound"],"declaration":"FindimCounterexample.RingDual.leftMap","module":"FindimCounterexample.Duality","theorem":false}
{"axioms":["propext","Classical.choice","Quot.sound"],"declaration":"FindimCounterexample.Stage4a.Cone.homMap","module":"FindimCounterexample.Stage4aCone","theorem":false}
{"axioms":["propext","Quot.sound"],"declaration":"FindimCounterexample.Stage4a.PolynomialSelfExtensions.leftMulTau._proof_2","module":"FindimCounterexample.Stage4aInterface","theorem":true}
{"axioms":["propext","Classical.choice","Quot.sound"],"declaration":"FindimCounterexample.ProjectiveCoresolution.mk.sizeOf_spec","module":"FindimCounterexample.Coresolution","theorem":true}
{"axioms":["propext","Classical.choice","Quot.sound"],"declaration":"FindimCounterexample.Stage4a.Toda.DefiningSystem.mk.sizeOf_spec","module":"FindimCounterexample.Stage4aToda","theorem":true}
{"axioms":["propext","Classical.choice","Quot.sound"],"declaration":"FindimCounterexample.ModuleResolution.ext_vanishing_iff","module":"FindimCounterexample.ModuleResolutionExt","theorem":true}
{"axioms":["propext","Classical.choice","Quot.sound"],"declaration":"FindimCounterexample.Stage4a.Toda.indeterminacy._proof_3","module":"FindimCounterexample.Stage4aToda","theorem":true}
{"axioms":["propext","Classical.choice","Quot.sound"],"declaration":"FindimCounterexample.ProjectiveCoresolution.rec","module":"FindimCounterexample.Coresolution","theorem":false}
{"axioms":["propext","Quot.sound"],"declaration":"FindimCounterexample.RingDual.rightMap._proof_4","module":"FindimCounterexample.Duality","theorem":true}
{"axioms":["propext","Classical.choice","Quot.sound"],"declaration":"FindimCounterexample.Stage4a.PolynomialSelfExtensions.finrank_of_dvd","module":"FindimCounterexample.Stage4aInterface","theorem":true}
{"axioms":["propext","Classical.choice","Quot.sound"],"declaration":"FindimCounterexample.Stage4aRank.homBiprodEquiv._proof_2","module":"FindimCounterexample.Stage4aRank","theorem":true}
{"axioms":["propext","Quot.sound"],"declaration":"FindimCounterexample.Stage4a.HigherObstruction.polynomial_toda_eq_zero_gt_three._proof_1","module":"FindimCounterexample.Stage4aHigherObstruction","theorem":true}
{"axioms":["propext","Quot.sound"],"declaration":"FindimCounterexample.Stage4a.PolynomialSelfExtensions.right_mul_tau_bijective_negative._proof_1_2","module":"FindimCounterexample.Stage4aInterface","theorem":true}
{"axioms":["propext","Classical.choice","Quot.sound"],"declaration":"FindimCounterexample.Stage4a.tate_obstruction","module":"FindimCounterexample.Stage4aObstruction","theorem":true}
{"axioms":["propext","Classical.choice","Quot.sound"],"declaration":"FindimCounterexample.Transpose.presentationCokernelIsoSyzygy","module":"FindimCounterexample.Transpose","theorem":false}
{"axioms":["propext","Classical.choice","Quot.sound"],"declaration":"FindimCounterexample.Stage4a.Cone.homMap_comp","module":"FindimCounterexample.Stage4aCone","theorem":true}
{"axioms":["propext","Classical.choice","Quot.sound"],"declaration":"FindimCounterexample.Stage4a.Toda.zero_mem_bracket","module":"FindimCounterexample.Stage4aToda","theorem":true}
{"axioms":["propext","Quot.sound"],"declaration":"FindimCounterexample.Stage4a.Cone.connecting._proof_1","module":"FindimCounterexample.Stage4aCone","theorem":true}
{"axioms":["propext","Classical.choice","Quot.sound"],"declaration":"FindimCounterexample.Stage4a.TateDuality.right_comp_bijective","module":"FindimCounterexample.Stage4aInterface","theorem":true}
{"axioms":["propext","Classical.choice","Quot.sound"],"declaration":"FindimCounterexample.Stage4aRank.range_scalarDifference","module":"FindimCounterexample.Stage4aRank","theorem":true}
{"axioms":["propext","Classical.choice","Quot.sound"],"declaration":"FindimCounterexample.ExactCoresolution.coresolution","module":"FindimCounterexample.ExactCoresolution","theorem":false}
{"axioms":["propext","Classical.choice","Quot.sound"],"declaration":"FindimCounterexample.Stage4a.Toda.DefiningSystem._sizeOf_1","module":"FindimCounterexample.Stage4aToda","theorem":false}
{"axioms":["propext","Quot.sound"],"declaration":"FindimCounterexample.RingDual.leftMap_apply","module":"FindimCounterexample.Duality","theorem":true}
{"axioms":["propext","Quot.sound"],"declaration":"FindimCounterexample.RingDual.eval","module":"FindimCounterexample.Duality","theorem":false}
{"axioms":["propext","Quot.sound"],"declaration":"FindimCounterexample.StrongNakayama.dualObjects","module":"FindimCounterexample.StrongNakayama","theorem":false}
{"axioms":[],"declaration":"FindimCounterexample.Stage4a.Toda.mem_bracket_iff._simp_1_2","module":"FindimCounterexample.Stage4aToda","theorem":true}
{"axioms":["propext","Classical.choice","Quot.sound"],"declaration":"FindimCounterexample.Stage4a.Toda.mem_bracket_iff._abel_1_1","module":"FindimCounterexample.Stage4aToda","theorem":true}
{"axioms":["propext","Classical.choice","Quot.sound"],"declaration":"FindimCounterexample.ModuleResolution.complex._proof_2","module":"FindimCounterexample.ModuleResolution","theorem":true}
{"axioms":["propext","Classical.choice","Quot.sound"],"declaration":"FindimCounterexample.Stage4a.PolynomialSelfExtensions.basis","module":"FindimCounterexample.Stage4aInterface","theorem":false}
{"axioms":["propext","Classical.choice","Quot.sound"],"declaration":"FindimCounterexample.Stage4a.PolynomialSelfExtensions.rec","module":"FindimCounterexample.Stage4aInterface","theorem":false}
{"axioms":["propext","Quot.sound"],"declaration":"FindimCounterexample.Stage4a.Cone.oneCone_i_bijective._proof_1_4","module":"FindimCounterexample.Stage4aCone","theorem":true}
{"axioms":["propext","Quot.sound"],"declaration":"FindimCounterexample.Stage4a.PolynomialSelfExtensions.right_mul_tau_bijective_negative._proof_1_1","module":"FindimCounterexample.Stage4aInterface","theorem":true}
{"axioms":["propext","Classical.choice","Quot.sound"],"declaration":"FindimCounterexample.Stage4a.Cone.targetShift_homMap","module":"FindimCounterexample.Stage4aCone","theorem":true}
{"axioms":["propext","Classical.choice","Quot.sound"],"declaration":"FindimCounterexample.ExactCoresolution.inclusion","module":"FindimCounterexample.ExactCoresolution","theorem":false}
{"axioms":["propext","Quot.sound"],"declaration":"FindimCounterexample.Stage4a.Cone.oneCone_i_bijective._proof_1_6","module":"FindimCounterexample.Stage4aCone","theorem":true}
{"axioms":["propext","Classical.choice","Quot.sound"],"declaration":"FindimCounterexample.ProjectiveCoresolution.mk.injEq","module":"FindimCounterexample.Coresolution","theorem":true}
{"axioms":["propext","Classical.choice","Quot.sound"],"declaration":"FindimCounterexample.Stage4a.Cone.homMap_injective_of_mul","module":"FindimCounterexample.Stage4aCone","theorem":true}
{"axioms":["propext","Quot.sound"],"declaration":"FindimCounterexample.Stage4a.Cone.oneCone_subsingleton._proof_1_4","module":"FindimCounterexample.Stage4aCone","theorem":true}
{"axioms":["propext","Classical.choice","Quot.sound"],"declaration":"FindimCounterexample.Stage4a.Cone.connecting_bijective_of_zeros","module":"FindimCounterexample.Stage4aCone","theorem":true}
{"axioms":["propext","Quot.sound"],"declaration":"FindimCounterexample.Stage4a.Cone.oneCone_finrank._proof_1_1","module":"FindimCounterexample.Stage4aCone","theorem":true}
{"axioms":["propext","Quot.sound"],"declaration":"FindimCounterexample.RingDual.eval._proof_5","module":"FindimCounterexample.Duality","theorem":true}
{"axioms":["propext","Classical.choice","Quot.sound"],"declaration":"FindimCounterexample.ProjectiveCoresolution.p","module":"FindimCounterexample.Coresolution","theorem":false}
{"axioms":["propext","Classical.choice","Quot.sound"],"declaration":"FindimCounterexample.Stage4a.Toda.DefiningSystem.a_q","module":"FindimCounterexample.Stage4aToda","theorem":true}
{"axioms":["propext","Classical.choice","Quot.sound"],"declaration":"FindimCounterexample.Stage4aRank.homBiprodEquiv._proof_4","module":"FindimCounterexample.Stage4aRank","theorem":true}
{"axioms":["propext","Classical.choice","Quot.sound"],"declaration":"FindimCounterexample.Stage4a.PolynomialSelfExtensions.mk.injEq","module":"FindimCounterexample.Stage4aInterface","theorem":true}
{"axioms":["propext","Classical.choice","Quot.sound"],"declaration":"FindimCounterexample.ProjectiveCoresolution","module":"FindimCounterexample.Coresolution","theorem":false}
{"axioms":["propext","Classical.choice","Quot.sound"],"declaration":"FindimCounterexample.Stage4a.PolynomialSelfExtensions.mk.noConfusion","module":"FindimCounterexample.Stage4aInterface","theorem":false}
{"axioms":["propext","Classical.choice","Quot.sound"],"declaration":"FindimCounterexample.Stage4a.Cone.oneCone_pi_bijective","module":"FindimCounterexample.Stage4aCone","theorem":true}
{"axioms":["propext","Quot.sound"],"declaration":"FindimCounterexample.ProjectiveCoresolution.projectiveDimension_eq._proof_1_1","module":"FindimCounterexample.Coresolution","theorem":true}
{"axioms":[],"declaration":"FindimCounterexample.Transpose.ofPresentation._proof_1","module":"FindimCounterexample.Transpose","theorem":true}
{"axioms":["propext","Classical.choice","Quot.sound"],"declaration":"FindimCounterexample.ExactCoresolution.inclusion_projection","module":"FindimCounterexample.ExactCoresolution","theorem":true}
{"axioms":["propext","Classical.choice","Quot.sound"],"declaration":"FindimCounterexample.Stage4a.Toda.mem_bracket_iff","module":"FindimCounterexample.Stage4aToda","theorem":true}
{"axioms":["propext","Classical.choice","Quot.sound"],"declaration":"FindimCounterexample.Stage4a.right_comp_bijective_reindex","module":"FindimCounterexample.Stage4aInterface","theorem":true}
{"axioms":["propext","Classical.choice","Quot.sound"],"declaration":"FindimCounterexample.RingDual.free_expansion","module":"FindimCounterexample.Duality","theorem":true}
{"axioms":["propext","Classical.choice","Quot.sound"],"declaration":"FindimCounterexample.Stage4a.TateDuality.casesOn","module":"FindimCounterexample.Stage4aInterface","theorem":false}
{"axioms":["propext","Classical.choice","Quot.sound"],"declaration":"FindimCounterexample.ProjectiveCoresolution.mk","module":"FindimCounterexample.Coresolution","theorem":false}
{"axioms":["propext","Classical.choice","Quot.sound"],"declaration":"FindimCounterexample.ModuleResolution.differential_comp","module":"FindimCounterexample.ModuleResolution","theorem":true}
{"axioms":["propext","Quot.sound"],"declaration":"FindimCounterexample.Stage4a.HigherObstruction.polynomial_toda_eq_zero_gt_three._proof_1_5","module":"FindimCounterexample.Stage4aHigherObstruction","theorem":true}
{"axioms":["propext","Quot.sound"],"declaration":"FindimCounterexample.RingDual.rightMap","module":"FindimCounterexample.Duality","theorem":false}
{"axioms":["propext","Classical.choice","Quot.sound"],"declaration":"FindimCounterexample.Stage4a.Cone.oneCone_composite_zero","module":"FindimCounterexample.Stage4aCone","theorem":true}
{"axioms":["propext","Classical.choice","Quot.sound"],"declaration":"FindimCounterexample.Stage4a.TateDuality.pairing","module":"FindimCounterexample.Stage4aInterface","theorem":false}
{"axioms":["propext","Classical.choice","Quot.sound"],"declaration":"FindimCounterexample.Stage4a.Cone.exact₁","module":"FindimCounterexample.Stage4aCone","theorem":true}
{"axioms":["propext","Quot.sound"],"declaration":"FindimCounterexample.RingDual.coordinate.eq_1","module":"FindimCounterexample.Duality","theorem":true}
{"axioms":["propext","Classical.choice","Quot.sound"],"declaration":"FindimCounterexample.Stage4a.Toda.juggling","module":"FindimCounterexample.Stage4aToda","theorem":true}
{"axioms":["propext","Quot.sound"],"declaration":"FindimCounterexample.RingDual.rightMap_apply","module":"FindimCounterexample.Duality","theorem":true}
{"axioms":["propext","Classical.choice","Quot.sound"],"declaration":"FindimCounterexample.Stage4a.Cone.targetShiftEquiv.eq_1","module":"FindimCounterexample.Stage4aCone","theorem":true}
{"axioms":["propext","Quot.sound"],"declaration":"FindimCounterexample.Stage4a.Cone.oneCone_composite_zero._proof_1_1","module":"FindimCounterexample.Stage4aCone","theorem":true}
{"axioms":["propext","Classical.choice","Quot.sound"],"declaration":"FindimCounterexample.Stage4a.PolynomialSelfExtensions.leftMulTau","module":"FindimCounterexample.Stage4aInterface","theorem":false}
{"axioms":["propext","Classical.choice","Quot.sound"],"declaration":"FindimCounterexample.Stage4a.TateDuality.mk.injEq","module":"FindimCounterexample.Stage4aInterface","theorem":true}
{"axioms":["Quot.sound"],"declaration":"CategoryTheory.Iso.homCongr.eq_1","module":"FindimCounterexample.Stage4aShift","theorem":true}
{"axioms":["propext","Quot.sound"],"declaration":"FindimCounterexample.Stage4a.PolynomialSelfExtensions.right_mul_tau_injective._proof_1_1","module":"FindimCounterexample.Stage4aInterface","theorem":true}
{"axioms":["propext","Classical.choice","Quot.sound"],"declaration":"FindimCounterexample.Stage4aRank.oneFactor_rank","module":"FindimCounterexample.Stage4aRank","theorem":true}
{"axioms":["propext","Quot.sound"],"declaration":"FindimCounterexample.RingDual.eval_naturality","module":"FindimCounterexample.Duality","theorem":true}
{"axioms":["propext","Classical.choice","Quot.sound"],"declaration":"FindimCounterexample.Stage4a.beta_shift_comp_eq_zero","module":"FindimCounterexample.Stage4aFactorization","theorem":true}
{"axioms":["propext","Classical.choice","Quot.sound"],"declaration":"FindimCounterexample.Stage4a.TateDuality.rec","module":"FindimCounterexample.Stage4aInterface","theorem":false}
{"axioms":["propext","Classical.choice","Quot.sound"],"declaration":"FindimCounterexample.Stage4a.Cone.oneCone_finrank._proof_1_2","module":"FindimCounterexample.Stage4aCone","theorem":true}
{"axioms":["propext","Quot.sound"],"declaration":"FindimCounterexample.RingDual.leftMap._proof_4","module":"FindimCounterexample.Duality","theorem":true}
{"axioms":["propext","Quot.sound"],"declaration":"FindimCounterexample.Transpose.syzygy","module":"FindimCounterexample.Transpose","theorem":false}
{"axioms":["propext","Classical.choice","Quot.sound"],"declaration":"FindimCounterexample.Stage4a.beta_comp_eq_zero","module":"FindimCounterexample.Stage4aFactorization","theorem":true}
{"axioms":["propext","Classical.choice","Quot.sound"],"declaration":"FindimCounterexample.Stage4a.TateDuality.mk._flat_ctor","module":"FindimCounterexample.Stage4aInterface","theorem":false}
{"axioms":["propext","Quot.sound"],"declaration":"FindimCounterexample.Stage4a.PolynomialSelfExtensions.rightMulTau._proof_2","module":"FindimCounterexample.Stage4aInterface","theorem":true}
{"axioms":["propext","Quot.sound"],"declaration":"FindimCounterexample.Stage4aRank.scalarDifference._proof_2","module":"FindimCounterexample.Stage4aRank","theorem":true}
{"axioms":["propext","Classical.choice","Quot.sound"],"declaration":"FindimCounterexample.Stage4a.Toda.DefiningSystem","module":"FindimCounterexample.Stage4aToda","theorem":false}
{"axioms":["propext","Quot.sound"],"declaration":"FindimCounterexample.Stage4a.HigherObstruction.polynomial_toda_eq_zero_gt_three._proof_1_2","module":"FindimCounterexample.Stage4aHigherObstruction","theorem":true}
{"axioms":["propext","Classical.choice","Quot.sound"],"declaration":"FindimCounterexample.Stage4a.TateDuality.pairing.congr_simp","module":"FindimCounterexample.Stage4aInterface","theorem":true}
{"axioms":["propext","Classical.choice","Quot.sound"],"declaration":"FindimCounterexample.StrongNakayama.not_projective_one","module":"FindimCounterexample.StrongNakayama","theorem":true}
{"axioms":["propext","Classical.choice","Quot.sound"],"declaration":"FindimCounterexample.Stage4a.Toda.DefiningSystem.noConfusion","module":"FindimCounterexample.Stage4aToda","theorem":false}
{"axioms":[],"declaration":"FindimCounterexample.RingDual.rightMap._proof_1","module":"FindimCounterexample.Duality","theorem":true}
{"axioms":["propext","Classical.choice","Quot.sound"],"declaration":"FindimCounterexample.Transpose.cok_eq_transpose","module":"FindimCounterexample.Transpose","theorem":true}
{"axioms":["propext","Classical.choice","Quot.sound"],"declaration":"FindimCounterexample.Stage4a.Cone.homMap_surjective_of_mul","module":"FindimCounterexample.Stage4aCone","theorem":true}
{"axioms":["propext","Classical.choice","Quot.sound"],"declaration":"FindimCounterexample.Stage4a.PolynomialSelfExtensions.mk","module":"FindimCounterexample.Stage4aInterface","theorem":false}
{"axioms":["propext","Quot.sound"],"declaration":"FindimCounterexample.ModuleResolution.homDifferential._proof_2","module":"FindimCounterexample.ModuleResolutionExt","theorem":true}
{"axioms":["propext","Quot.sound"],"declaration":"FindimCounterexample.RingDual.eval._proof_7","module":"FindimCounterexample.Duality","theorem":true}
{"axioms":["propext","Classical.choice","Quot.sound"],"declaration":"FindimCounterexample.ExactCoresolution.projection","module":"FindimCounterexample.ExactCoresolution","theorem":false}
{"axioms":["propext","Classical.choice","Quot.sound"],"declaration":"FindimCounterexample.Stage4a.Toda.DefiningSystem.rec","module":"FindimCounterexample.Stage4aToda","theorem":false}
{"axioms":["propext","Classical.choice","Quot.sound"],"declaration":"FindimCounterexample.Stage4a.shiftHomEquiv.congr_simp","module":"FindimCounterexample.Stage4aObstruction","theorem":true}
{"axioms":["propext","Classical.choice","Quot.sound"],"declaration":"FindimCounterexample.Stage4a.Cone.oneCone_finrank","module":"FindimCounterexample.Stage4aCone","theorem":true}
{"axioms":["propext","Classical.choice","Quot.sound"],"declaration":"FindimCounterexample.ExactCoresolution.inclusion._proof_1","module":"FindimCounterexample.ExactCoresolution","theorem":true}
{"axioms":["propext","Classical.choice","Quot.sound"],"declaration":"FindimCounterexample.Stage4aRank.scalarDifference_not_surjective._proof_1_1","module":"FindimCounterexample.Stage4aRank","theorem":true}
{"axioms":["propext","Classical.choice","Quot.sound"],"declaration":"FindimCounterexample.Stage4a.Toda.DefiningSystem.ctorIdx","module":"FindimCounterexample.Stage4aToda","theorem":false}
{"axioms":["propext","Classical.choice","Quot.sound"],"declaration":"FindimCounterexample.Stage4a.Toda.DefiningSystem.mk._flat_ctor","module":"FindimCounterexample.Stage4aToda","theorem":false}
{"axioms":["propext","Classical.choice","Quot.sound"],"declaration":"FindimCounterexample.Stage4a.Toda.DefiningSystem.noConfusionType","module":"FindimCounterexample.Stage4aToda","theorem":false}
{"axioms":["propext","Classical.choice","Quot.sound"],"declaration":"FindimCounterexample.Stage4a.Toda.indeterminacy","module":"FindimCounterexample.Stage4aToda","theorem":false}
{"axioms":["propext","Quot.sound"],"declaration":"FindimCounterexample.Stage4a.HigherObstruction.polynomial_toda_eq_zero_gt_three._proof_1_8","module":"FindimCounterexample.Stage4aHigherObstruction","theorem":true}
{"axioms":["propext","Quot.sound"],"declaration":"FindimCounterexample.RingDual.coordinate._proof_2","module":"FindimCounterexample.Duality","theorem":true}
{"axioms":["propext","Quot.sound"],"declaration":"FindimCounterexample.Stage4a.TateDuality._proof_1","module":"FindimCounterexample.Stage4aInterface","theorem":true}
{"axioms":["propext","Classical.choice","Quot.sound"],"declaration":"FindimCounterexample.Stage4a.Toda.indeterminacy._proof_2","module":"FindimCounterexample.Stage4aToda","theorem":true}
{"axioms":["propext","Classical.choice","Quot.sound"],"declaration":"FindimCounterexample.Stage4a.Cone.exact₂","module":"FindimCounterexample.Stage4aCone","theorem":true}
{"axioms":["propext"],"declaration":"FindimCounterexample.ModuleResolution.augmentation._proof_1","module":"FindimCounterexample.ModuleResolution","theorem":true}
{"axioms":["propext","Quot.sound"],"declaration":"FindimCounterexample.RingDual.eval._proof_1","module":"FindimCounterexample.Duality","theorem":true}
{"axioms":["propext","Classical.choice","Quot.sound"],"declaration":"FindimCounterexample.ExactCoresolution.cok","module":"FindimCounterexample.ExactCoresolution","theorem":false}
{"axioms":["propext","Classical.choice","Quot.sound"],"declaration":"FindimCounterexample.Stage4a.TateDuality._sizeOf_1","module":"FindimCounterexample.Stage4aInterface","theorem":false}
{"axioms":["propext","Classical.choice","Quot.sound"],"declaration":"FindimCounterexample.RingDual.rightDual_finite","module":"FindimCounterexample.Duality","theorem":true}
{"axioms":["propext","Classical.choice","Quot.sound"],"declaration":"FindimCounterexample.Stage4a.PolynomialSelfExtensions.casesOn","module":"FindimCounterexample.Stage4aInterface","theorem":false}
{"axioms":["propext","Classical.choice","Quot.sound"],"declaration":"FindimCounterexample.Transpose.ofPresentation","module":"FindimCounterexample.Transpose","theorem":false}
{"axioms":["propext","Classical.choice","Quot.sound"],"declaration":"FindimCounterexample.Stage4a.Cone.deshiftTau.eq_1","module":"FindimCounterexample.Stage4aCone","theorem":true}
{"axioms":["propext","Quot.sound"],"declaration":"FindimCounterexample.StrongNakayama.coresolution._proof_1","module":"FindimCounterexample.StrongNakayama","theorem":true}
{"axioms":["propext","Classical.choice","Quot.sound"],"declaration":"FindimCounterexample.ProjectiveCoresolution.recOn","module":"FindimCounterexample.Coresolution","theorem":false}
{"axioms":["propext","Quot.sound"],"declaration":"FindimCounterexample.RingDual.evalEquiv._proof_1","module":"FindimCounterexample.Duality","theorem":true}
{"axioms":["propext","Quot.sound"],"declaration":"FindimCounterexample.RingDual.eval_apply","module":"FindimCounterexample.Duality","theorem":true}
{"axioms":["propext","Classical.choice","Quot.sound"],"declaration":"FindimCounterexample.Stage4a.Cone.targetShiftEquiv","module":"FindimCounterexample.Stage4aCone","theorem":false}
{"axioms":["propext","Classical.choice","Quot.sound"],"declaration":"FindimCounterexample.Stage4a.TateDuality.naturality_source","module":"FindimCounterexample.Stage4aInterface","theorem":true}
{"axioms":["propext","Quot.sound"],"declaration":"FindimCounterexample.Stage4a.PolynomialSelfExtensions.left_mul_tau_bijective_nonneg._proof_1_1","module":"FindimCounterexample.Stage4aInterface","theorem":true}
{"axioms":["propext","Classical.choice","Quot.sound"],"declaration":"FindimCounterexample.Stage4a.Toda.bracket_eq_zero_of_subsingleton","module":"FindimCounterexample.Stage4aToda","theorem":true}
{"axioms":["propext","Quot.sound"],"declaration":"FindimCounterexample.Stage4aRank.scalarDifference","module":"FindimCounterexample.Stage4aRank","theorem":false}
{"axioms":["propext","Classical.choice","Quot.sound"],"declaration":"FindimCounterexample.ProjectiveCoresolution.ctorIdx","module":"FindimCounterexample.Coresolution","theorem":false}
{"axioms":["propext","Classical.choice","Quot.sound"],"declaration":"FindimCounterexample.Stage4a.Toda.DefiningSystem.casesOn","module":"FindimCounterexample.Stage4aToda","theorem":false}
{"axioms":["propext","Classical.choice","Quot.sound"],"declaration":"FindimCounterexample.StrongNakayama.projectiveDimension_eq","module":"FindimCounterexample.StrongNakayama","theorem":true}
{"axioms":["propext","Quot.sound"],"declaration":"FindimCounterexample.Stage4a.Cone.normalized_subsingleton._proof_1_1","module":"FindimCounterexample.Stage4aCone","theorem":true}
{"axioms":["propext","Quot.sound"],"declaration":"FindimCounterexample.Stage4a.Cone.oneCone_composite_zero._proof_1_2","module":"FindimCounterexample.Stage4aCone","theorem":true}
{"axioms":["propext","Classical.choice","Quot.sound"],"declaration":"FindimCounterexample.Stage4a.Cone.subsingleton_of_surjective_injective","module":"FindimCounterexample.Stage4aCone","theorem":true}
{"axioms":["propext","Classical.choice","Quot.sound"],"declaration":"FindimCounterexample.Stage4a.one_factor_obstruction","module":"FindimCounterexample.Stage4aOneFactor","theorem":true}
{"axioms":["propext","Classical.choice","Quot.sound"],"declaration":"FindimCounterexample.Stage4a.Cone.subsingleton_targetShift","module":"FindimCounterexample.Stage4aCone","theorem":true}
{"axioms":["propext","Classical.choice","Quot.sound"],"declaration":"FindimCounterexample.Stage4aRank.triangle_finrank_eq_two","module":"FindimCounterexample.Stage4aRank","theorem":true}
{"axioms":["propext","Classical.choice","Quot.sound"],"declaration":"FindimCounterexample.ProjectiveCoresolution.mk.noConfusion","module":"FindimCounterexample.Coresolution","theorem":false}
{"axioms":["propext","Quot.sound"],"declaration":"FindimCounterexample.Stage4a.TateDuality.comp_smul._proof_1_1","module":"FindimCounterexample.Stage4aInterface","theorem":true}
{"axioms":["propext","Classical.choice","Quot.sound"],"declaration":"FindimCounterexample.Stage4a.Cone.oneCone_i_bijective","module":"FindimCounterexample.Stage4aCone","theorem":true}
{"axioms":["propext","Classical.choice","Quot.sound"],"declaration":"FindimCounterexample.Stage4a.TateDuality.noConfusion","module":"FindimCounterexample.Stage4aInterface","theorem":false}
{"axioms":["propext","Quot.sound"],"declaration":"FindimCounterexample.Transpose.ofPresentation._proof_2","module":"FindimCounterexample.Transpose","theorem":true}
{"axioms":["propext","Quot.sound"],"declaration":"FindimCounterexample.RingDual.eval._proof_2","module":"FindimCounterexample.Duality","theorem":true}
{"axioms":["propext","Classical.choice","Quot.sound"],"declaration":"FindimCounterexample.Stage4a.TateDuality.mk.inj","module":"FindimCounterexample.Stage4aInterface","theorem":true}
{"axioms":["propext","Classical.choice","Quot.sound"],"declaration":"FindimCounterexample.Stage4a.PolynomialSelfExtensions.rightMulTau._proof_3","module":"FindimCounterexample.Stage4aInterface","theorem":true}
{"axioms":["propext","Classical.choice","Quot.sound"],"declaration":"FindimCounterexample.Stage4a.TateDuality._sizeOf_inst","module":"FindimCounterexample.Stage4aInterface","theorem":false}
{"axioms":["propext","Classical.choice","Quot.sound"],"declaration":"FindimCounterexample.Stage4a.HigherObstruction.bracket_eq_zero_of_vanishings","module":"FindimCounterexample.Stage4aHigherObstruction","theorem":true}
{"axioms":["propext","Quot.sound"],"declaration":"FindimCounterexample.Stage4aRank.scalarDifference.eq_1","module":"FindimCounterexample.Stage4aRank","theorem":true}
{"axioms":["propext","Classical.choice","Quot.sound"],"declaration":"FindimCounterexample.ProjectiveCoresolution.sc","module":"FindimCounterexample.Coresolution","theorem":false}
{"axioms":["propext","Quot.sound"],"declaration":"FindimCounterexample.Stage4a.HigherObstruction.polynomial_toda_eq_zero_gt_three._proof_1_1","module":"FindimCounterexample.Stage4aHigherObstruction","theorem":true}
{"axioms":["propext","Classical.choice","Quot.sound"],"declaration":"FindimCounterexample.ModuleResolution.projectiveResolution._proof_1","module":"FindimCounterexample.ModuleResolution","theorem":true}
{"axioms":["propext","Classical.choice","Quot.sound"],"declaration":"FindimCounterexample.Stage4a.PolynomialSelfExtensions._sizeOf_inst","module":"FindimCounterexample.Stage4aInterface","theorem":false}
{"axioms":["propext","Classical.choice","Quot.sound"],"declaration":"FindimCounterexample.Stage4a.PolynomialSelfExtensions.mk.inj","module":"FindimCounterexample.Stage4aInterface","theorem":true}
{"axioms":["propext"],"declaration":"FindimCounterexample.RingDual.leftMap._proof_1","module":"FindimCounterexample.Duality","theorem":true}
{"axioms":["propext","Classical.choice","Quot.sound"],"declaration":"FindimCounterexample.ModuleResolution.projectiveResolution._proof_2","module":"FindimCounterexample.ModuleResolution","theorem":true}
{"axioms":["propext","Classical.choice","Quot.sound"],"declaration":"FindimCounterexample.Stage4aRank.finrank_eq_two_of_exact._proof_1_1","module":"FindimCounterexample.Stage4aRank","theorem":true}
{"axioms":["propext","Classical.choice","Quot.sound"],"declaration":"FindimCounterexample.Stage4aRank.homBiprodEquiv._proof_5","module":"FindimCounterexample.Stage4aRank","theorem":true}
{"axioms":["propext","Quot.sound"],"declaration":"FindimCounterexample.Transpose.presentationCokernelEquivSyzygy._proof_6","module":"FindimCounterexample.Transpose","theorem":true}
{"axioms":["propext","Classical.choice","Quot.sound"],"declaration":"FindimCounterexample.Stage4a.Toda.DefiningSystem.mk.noConfusion","module":"FindimCounterexample.Stage4aToda","theorem":false}
{"axioms":["propext","Classical.choice","Quot.sound"],"declaration":"FindimCounterexample.Stage4a.PolynomialSelfExtensions.left_mul_tau_bijective","module":"FindimCounterexample.Stage4aInterface","theorem":true}
{"axioms":["propext","Classical.choice","Quot.sound"],"declaration":"FindimCounterexample.Stage4a.Toda.bracket_eq_of_distinguished_cones","module":"FindimCounterexample.Stage4aToda","theorem":true}
{"axioms":["propext","Classical.choice","Quot.sound"],"declaration":"FindimCounterexample.StrongNakayama.projective_zero","module":"FindimCounterexample.StrongNakayama","theorem":true}
{"axioms":["propext","Classical.choice","Quot.sound"],"declaration":"FindimCounterexample.Stage4aRank.shifted_biprod_row_zero","module":"FindimCounterexample.Stage4aRank","theorem":true}
{"axioms":["propext","Classical.choice","Quot.sound"],"declaration":"FindimCounterexample.Stage4a.TateDuality.mk.noConfusion","module":"FindimCounterexample.Stage4aInterface","theorem":false}
{"axioms":["propext","Quot.sound"],"declaration":"FindimCounterexample.Stage4a.TateDuality.composition_reindexed._proof_1","module":"FindimCounterexample.Stage4aInterface","theorem":true}
{"axioms":["propext","Classical.choice","Quot.sound"],"declaration":"FindimCounterexample.StrongNakayama.unbounded_of_ext","module":"FindimCounterexample.StrongNakayamaExt","theorem":true}
{"axioms":["propext","Classical.choice","Quot.sound"],"declaration":"FindimCounterexample.ModuleResolution.augmentation._proof_2","module":"FindimCounterexample.ModuleResolution","theorem":true}
{"axioms":["propext","Classical.choice","Quot.sound"],"declaration":"FindimCounterexample.Transpose.presentationCokernelEquivSyzygy","module":"FindimCounterexample.Transpose","theorem":false}
{"axioms":["propext","Classical.choice","Quot.sound"],"declaration":"FindimCounterexample.Stage4a.PolynomialSelfExtensions.mk._flat_ctor","module":"FindimCounterexample.Stage4aInterface","theorem":false}
{"axioms":["propext","Classical.choice","Quot.sound"],"declaration":"FindimCounterexample.Stage4a.PolynomialSelfExtensions.right_mul_tau_bijective_nonneg","module":"FindimCounterexample.Stage4aInterface","theorem":true}
{"axioms":["propext","Classical.choice","Quot.sound"],"declaration":"FindimCounterexample.Stage4a.Toda.indeterminacy._abel_1","module":"FindimCounterexample.Stage4aToda","theorem":true}
{"axioms":["propext","Classical.choice","Quot.sound"],"declaration":"FindimCounterexample.Stage4a.shiftHomEquiv_apply","module":"FindimCounterexample.Stage4aShift","theorem":true}
{"axioms":["propext","Classical.choice","Quot.sound"],"declaration":"FindimCounterexample.StrongNakayama.projectiveDimension_eq_of_ext","module":"FindimCounterexample.StrongNakayamaExt","theorem":true}
{"axioms":["propext","Classical.choice","Quot.sound"],"declaration":"FindimCounterexample.ModuleResolution.complex_X","module":"FindimCounterexample.ModuleResolution","theorem":true}
{"axioms":["propext","Classical.choice","Quot.sound"],"declaration":"FindimCounterexample.ProjectiveCoresolution.mk.inj","module":"FindimCounterexample.Coresolution","theorem":true}
{"axioms":["propext","Quot.sound"],"declaration":"FindimCounterexample.Stage4aRank.homBiprodEquiv._proof_1","module":"FindimCounterexample.Stage4aRank","theorem":true}
{"axioms":["propext","Classical.choice","Quot.sound"],"declaration":"FindimCounterexample.Stage4aRank.hom_range_eq_ker","module":"FindimCounterexample.Stage4aRank","theorem":true}
{"axioms":["propext","Classical.choice","Quot.sound"],"declaration":"FindimCounterexample.Stage4a.PolynomialSelfExtensions.finrank_multiple","module":"FindimCounterexample.Stage4aInterface","theorem":true}
{"axioms":["propext","Classical.choice","Quot.sound"],"declaration":"FindimCounterexample.ModuleResolution.augmentation","module":"FindimCounterexample.ModuleResolution","theorem":false}
{"axioms":["propext","Classical.choice","Quot.sound"],"declaration":"FindimCounterexample.Stage4a.PolynomialSelfExtensions.noConfusionType","module":"FindimCounterexample.Stage4aInterface","theorem":false}
{"axioms":["propext","Classical.choice","Quot.sound"],"declaration":"FindimCounterexample.ModuleResolution.complex_exactAt_succ","module":"FindimCounterexample.ModuleResolution","theorem":true}
{"axioms":["propext","Quot.sound"],"declaration":"FindimCounterexample.ProjectiveCoresolution.hasProjectiveDimensionLE._proof_1_1","module":"FindimCounterexample.Coresolution","theorem":true}
{"axioms":["propext","Quot.sound"],"declaration":"FindimCounterexample.Stage4a.Cone.oneCone_pi_bijective._proof_1_1","module":"FindimCounterexample.Stage4aCone","theorem":true}
{"axioms":["propext","Classical.choice","Quot.sound"],"declaration":"FindimCounterexample.Stage4a.TateDuality.ctorIdx","module":"FindimCounterexample.Stage4aInterface","theorem":false}
{"axioms":["propext","Classical.choice","Quot.sound"],"declaration":"FindimCounterexample.Stage4aRank.homBiprodEquiv","module":"FindimCounterexample.Stage4aRank","theorem":false}
{"axioms":["propext","Classical.choice","Quot.sound"],"declaration":"FindimCounterexample.ProjectiveCoresolution.projective","module":"FindimCounterexample.Coresolution","theorem":true}
{"axioms":["propext","Classical.choice","Quot.sound"],"declaration":"FindimCounterexample.ResolutionExt.ext_zero_iff_injective","module":"FindimCounterexample.ResolutionExt","theorem":true}
{"axioms":["propext","Classical.choice","Quot.sound"],"declaration":"FindimCounterexample.StrongNakayama.coresolution","module":"FindimCounterexample.StrongNakayama","theorem":false}
{"axioms":["propext","Quot.sound"],"declaration":"FindimCounterexample.Stage4a.HigherObstruction.bracket_eq_zero_of_vanishings._proof_1_2","module":"FindimCounterexample.Stage4aHigherObstruction","theorem":true}
{"axioms":["propext","Quot.sound"],"declaration":"FindimCounterexample.Stage4a.PolynomialSelfExtensions._proof_1","module":"FindimCounterexample.Stage4aInterface","theorem":true}
{"axioms":["propext","Quot.sound"],"declaration":"FindimCounterexample.Stage4a.Cone.oneCone_i_bijective._proof_1_1","module":"FindimCounterexample.Stage4aCone","theorem":true}
{"axioms":["propext","Classical.choice","Quot.sound"],"declaration":"FindimCounterexample.Stage4a.shiftHomEquiv","module":"FindimCounterexample.Stage4aShift","theorem":false}
{"axioms":["propext","Classical.choice","Quot.sound"],"declaration":"FindimCounterexample.Stage4a.Toda.DefiningSystem.i_b","module":"FindimCounterexample.Stage4aToda","theorem":true}
{"axioms":["propext","Classical.choice","Quot.sound"],"declaration":"FindimCounterexample.Stage4a.PolynomialSelfExtensions.recOn","module":"FindimCounterexample.Stage4aInterface","theorem":false}
{"axioms":["propext","Classical.choice","Quot.sound"],"declaration":"FindimCounterexample.ProjectiveCoresolution.not_hasProjectiveDimensionLT","module":"FindimCounterexample.Coresolution","theorem":true}
{"axioms":["propext","Quot.sound"],"declaration":"FindimCounterexample.Stage4a.Cone.homMap_bijective_of_zeros._simp_1_1","module":"FindimCounterexample.Stage4aCone","theorem":true}
{"axioms":["propext","Classical.choice","Quot.sound"],"declaration":"FindimCounterexample.Stage4a.PolynomialSelfExtensions.basis_zero","module":"FindimCounterexample.Stage4aInterface","theorem":true}
{"axioms":["propext","Classical.choice","Quot.sound"],"declaration":"FindimCounterexample.StrongNakayama.ext_vanishing_iff_dual_exact","module":"FindimCounterexample.StrongNakayamaExt","theorem":true}
{"axioms":["propext","Classical.choice","Quot.sound"],"declaration":"FindimCounterexample.Stage4a.Toda.bracket_eq_coset._abel_1_2","module":"FindimCounterexample.Stage4aToda","theorem":true}
{"axioms":["propext","Classical.choice","Quot.sound"],"declaration":"FindimCounterexample.RingDual.freeDualEquiv._proof_4","module":"FindimCounterexample.Duality","theorem":true}
{"axioms":["propext","Classical.choice","Quot.sound"],"declaration":"FindimCounterexample.Stage4a.PolynomialSelfExtensions.ctorIdx","module":"FindimCounterexample.Stage4aInterface","theorem":false}
{"axioms":["propext","Classical.choice","Quot.sound"],"declaration":"FindimCounterexample.ProjectiveCoresolution.noConfusionType","module":"FindimCounterexample.Coresolution","theorem":false}
{"axioms":["propext","Classical.choice","Quot.sound"],"declaration":"FindimCounterexample.Stage4a.Cone.exact₃","module":"FindimCounterexample.Stage4aCone","theorem":true}
{"axioms":["propext","Quot.sound"],"declaration":"FindimCounterexample.RingDual.eval._proof_8","module":"FindimCounterexample.Duality","theorem":true}
{"axioms":["propext","Classical.choice","Quot.sound"],"declaration":"FindimCounterexample.Stage4a.Toda.DefiningSystem.recOn","module":"FindimCounterexample.Stage4aToda","theorem":false}
{"axioms":["propext","Quot.sound"],"declaration":"FindimCounterexample.Stage4aRank.scalarDifference._proof_1","module":"FindimCounterexample.Stage4aRank","theorem":true}
{"axioms":["propext","Quot.sound"],"declaration":"FindimCounterexample.ModuleResolution.homDifferential._proof_3","module":"FindimCounterexample.ModuleResolutionExt","theorem":true}
{"axioms":["propext","Quot.sound"],"declaration":"FindimCounterexample.Stage4a.HigherObstruction.polynomial_toda_eq_zero._proof_1_1","module":"FindimCounterexample.Stage4aHigherObstruction","theorem":true}
{"axioms":["propext","Classical.choice","Quot.sound"],"declaration":"FindimCounterexample.Stage4a.PolynomialSelfExtensions.tau_ne_zero","module":"FindimCounterexample.Stage4aInterface","theorem":true}
{"axioms":["propext","Quot.sound"],"declaration":"FindimCounterexample.Stage4a.PolynomialSelfExtensions.right_mul_tau_surjective._proof_1_1","module":"FindimCounterexample.Stage4aInterface","theorem":true}
{"axioms":["propext","Quot.sound"],"declaration":"FindimCounterexample.Stage4a.HigherObstruction.polynomial_toda_eq_zero_gt_three._proof_1_3","module":"FindimCounterexample.Stage4aHigherObstruction","theorem":true}
{"axioms":["propext","Classical.choice","Quot.sound"],"declaration":"FindimCounterexample.Stage4aRank.finrank_eq_two_of_exact","module":"FindimCounterexample.Stage4aRank","theorem":true}
{"axioms":["propext","Classical.choice","Quot.sound"],"declaration":"FindimCounterexample.Stage4a.PolynomialSelfExtensions.right_mul_tau_bijective_negative","module":"FindimCounterexample.Stage4aInterface","theorem":true}
{"axioms":["propext","Classical.choice","Quot.sound"],"declaration":"FindimCounterexample.Stage4a.Toda.bracket_subset_of_cone_iso","module":"FindimCounterexample.Stage4aToda","theorem":true}
{"axioms":[],"declaration":"FindimCounterexample.Transpose.syzygy.match_1","module":"FindimCounterexample.Transpose","theorem":false}
{"axioms":["propext","Classical.choice","Quot.sound"],"declaration":"FindimCounterexample.Stage4a.HigherObstruction.polynomial_toda_eq_zero","module":"FindimCounterexample.Stage4aHigherObstruction","theorem":true}
{"axioms":["propext","Classical.choice","Quot.sound"],"declaration":"FindimCounterexample.Stage4a.subsingleton_shiftHom","module":"FindimCounterexample.Stage4aShift","theorem":true}
{"axioms":["propext","Classical.choice","Quot.sound"],"declaration":"FindimCounterexample.ResolutionExt.ext_succ_iff_cocycles_boundaries","module":"FindimCounterexample.ResolutionExt","theorem":true}
{"axioms":["propext","Classical.choice","Quot.sound"],"declaration":"FindimCounterexample.Stage4a.Cone.homMap.eq_1","module":"FindimCounterexample.Stage4aCone","theorem":true}
{"axioms":["propext","Classical.choice","Quot.sound"],"declaration":"FindimCounterexample.Stage4a.Cone.connecting.eq_1","module":"FindimCounterexample.Stage4aCone","theorem":true}
{"axioms":["propext","Classical.choice","Quot.sound"],"declaration":"FindimCounterexample.Stage4a.TateDuality","module":"FindimCounterexample.Stage4aInterface","theorem":false}
{"axioms":["propext","Classical.choice","Quot.sound"],"declaration":"FindimCounterexample.ProjectiveCoresolution.mk._flat_ctor","module":"FindimCounterexample.Coresolution","theorem":false}
{"axioms":["propext","Classical.choice","Quot.sound"],"declaration":"FindimCounterexample.Stage4a.PolynomialSelfExtensions._sizeOf_1","module":"FindimCounterexample.Stage4aInterface","theorem":false}
{"axioms":["propext","Quot.sound"],"declaration":"FindimCounterexample.Stage4a.TateDuality.right_comp_bijective._proof_1_1","module":"FindimCounterexample.Stage4aInterface","theorem":true}
{"axioms":["propext","Classical.choice","Quot.sound"],"declaration":"FindimCounterexample.Stage4a.PolynomialSelfExtensions.leftMulTau._proof_4","module":"FindimCounterexample.Stage4aInterface","theorem":true}
{"axioms":["propext","Classical.choice","Quot.sound"],"declaration":"FindimCounterexample.ModuleResolution.complex","module":"FindimCounterexample.ModuleResolution","theorem":false}
{"axioms":[],"declaration":"FindimCounterexample.ExactCoresolution.cok.match_1","module":"FindimCounterexample.ExactCoresolution","theorem":false}
{"axioms":["propext","Classical.choice","Quot.sound"],"declaration":"FindimCounterexample.ProjectiveCoresolution._sizeOf_inst","module":"FindimCounterexample.Coresolution","theorem":false}
{"axioms":["propext","Classical.choice","Quot.sound"],"declaration":"FindimCounterexample.ModuleResolution.complex.eq_1","module":"FindimCounterexample.ModuleResolution","theorem":true}
{"axioms":["propext","Classical.choice","Quot.sound"],"declaration":"FindimCounterexample.RingDual.split_of_dual_split","module":"FindimCounterexample.Duality","theorem":true}
{"axioms":["propext","Classical.choice","Quot.sound"],"declaration":"FindimCounterexample.Stage4a.Toda.DefiningSystem.b","module":"FindimCounterexample.Stage4aToda","theorem":false}
{"axioms":["propext","Classical.choice","Quot.sound"],"declaration":"FindimCounterexample.Stage4a.TateDuality.mk","module":"FindimCounterexample.Stage4aInterface","theorem":false}
{"axioms":["propext","Quot.sound"],"declaration":"FindimCounterexample.Stage4a.Cone.oneCone_subsingleton._proof_1_3","module":"FindimCounterexample.Stage4aCone","theorem":true}
{"axioms":["propext","Classical.choice","Quot.sound"],"declaration":"FindimCounterexample.Stage4a.TateDuality.composition","module":"FindimCounterexample.Stage4aInterface","theorem":true}
{"axioms":["propext","Quot.sound"],"declaration":"FindimCounterexample.StrongNakayama.dualDifferential","module":"FindimCounterexample.StrongNakayama","theorem":false}
{"axioms":["propext","Quot.sound"],"declaration":"FindimCounterexample.Transpose.presentationCokernelEquivSyzygy._proof_5","module":"FindimCounterexample.Transpose","theorem":true}
{"axioms":["propext","Classical.choice","Quot.sound"],"declaration":"FindimCounterexample.ProjectiveCoresolution.w","module":"FindimCounterexample.Coresolution","theorem":true}
{"axioms":["propext","Classical.choice","Quot.sound"],"declaration":"FindimCounterexample.Stage4a.PolynomialSelfExtensions.mk.sizeOf_spec","module":"FindimCounterexample.Stage4aInterface","theorem":true}
{"axioms":["propext","Classical.choice","Quot.sound"],"declaration":"FindimCounterexample.Stage4a.Cone.oneCone_profile","module":"FindimCounterexample.Stage4aCone","theorem":true}
{"axioms":["propext","Classical.choice","Quot.sound"],"declaration":"FindimCounterexample.RingDual.freeDualEquiv","module":"FindimCounterexample.Duality","theorem":false}
{"axioms":["propext","Classical.choice","Quot.sound"],"declaration":"FindimCounterexample.Stage4aRank.scalarDifference_not_surjective","module":"FindimCounterexample.Stage4aRank","theorem":true}
{"axioms":["propext","Classical.choice","Quot.sound"],"declaration":"FindimCounterexample.Stage4aRank.homBiprodEquiv._proof_3","module":"FindimCounterexample.Stage4aRank","theorem":true}
{"axioms":["propext","Quot.sound"],"declaration":"FindimCounterexample.Stage4a.HigherObstruction.polynomial_toda_eq_zero_gt_three._proof_1_4","module":"FindimCounterexample.Stage4aHigherObstruction","theorem":true}
{"axioms":["propext","Classical.choice","Quot.sound"],"declaration":"FindimCounterexample.Stage4a.shiftHomEquiv._proof_1","module":"FindimCounterexample.Stage4aShift","theorem":true}
{"axioms":["propext","Classical.choice","Quot.sound"],"declaration":"FindimCounterexample.ModuleResolution.complex_d_succ","module":"FindimCounterexample.ModuleResolution","theorem":true}
{"axioms":["propext","Classical.choice","Quot.sound"],"declaration":"FindimCounterexample.Stage4a.TateDuality.finrank_complement","module":"FindimCounterexample.Stage4aInterface","theorem":true}
{"axioms":["propext","Classical.choice","Quot.sound"],"declaration":"FindimCounterexample.ProjectiveCoresolution.noConfusion","module":"FindimCounterexample.Coresolution","theorem":false}
{"axioms":["propext","Classical.choice","Quot.sound"],"declaration":"FindimCounterexample.Stage4a.Toda.DefiningSystem.mk.inj","module":"FindimCounterexample.Stage4aToda","theorem":true}
{"axioms":["propext","Quot.sound"],"declaration":"FindimCounterexample.Stage4a.Cone.oneCone_composite_zero._proof_1_3","module":"FindimCounterexample.Stage4aCone","theorem":true}
{"axioms":["propext","Classical.choice","Quot.sound"],"declaration":"FindimCounterexample.Stage4a.PolynomialSelfExtensions.rightMulTau","module":"FindimCounterexample.Stage4aInterface","theorem":false}
{"axioms":[],"declaration":"FindimCounterexample.RingDual.LeftDual","module":"FindimCounterexample.Duality","theorem":false}
{"axioms":["propext","Classical.choice","Quot.sound"],"declaration":"FindimCounterexample.Stage4a.Toda.DefiningSystem.mk.injEq","module":"FindimCounterexample.Stage4aToda","theorem":true}
{"axioms":["propext","Quot.sound"],"declaration":"FindimCounterexample.Transpose.presentedModule._proof_1","module":"FindimCounterexample.Transpose","theorem":true}
{"axioms":["propext","Classical.choice","Quot.sound"],"declaration":"FindimCounterexample.Stage4a.Toda.definingSystem_nonempty","module":"FindimCounterexample.Stage4aToda","theorem":true}
{"axioms":["propext","Classical.choice","Quot.sound"],"declaration":"FindimCounterexample.StrongNakayama.coresolution._proof_2","module":"FindimCounterexample.StrongNakayama","theorem":true}
{"axioms":["propext","Classical.choice","Quot.sound"],"declaration":"FindimCounterexample.Transpose.presentationCokernelEquivSyzygy._proof_7","module":"FindimCounterexample.Transpose","theorem":true}
{"axioms":["propext","Classical.choice","Quot.sound"],"declaration":"FindimCounterexample.ModuleResolution.augmentation_quasiIso","module":"FindimCounterexample.ModuleResolution","theorem":true}
{"axioms":["propext","Classical.choice","Quot.sound"],"declaration":"FindimCounterexample.Stage4a.Toda.DefiningSystem.a","module":"FindimCounterexample.Stage4aToda","theorem":false}
{"axioms":["propext","Classical.choice","Quot.sound"],"declaration":"FindimCounterexample.Stage4a.Toda.bracket_eq_singleton","module":"FindimCounterexample.Stage4aToda","theorem":true}
{"axioms":["propext","Classical.choice","Quot.sound"],"declaration":"FindimCounterexample.RingDual.dual_expansion","module":"FindimCounterexample.Duality","theorem":true}
{"axioms":["propext","Quot.sound"],"declaration":"FindimCounterexample.Stage4a.HigherObstruction.bracket_eq_zero_of_vanishings._proof_1_1","module":"FindimCounterexample.Stage4aHigherObstruction","theorem":true}
{"axioms":["propext","Quot.sound"],"declaration":"FindimCounterexample.Stage4a.PolynomialSelfExtensions.leftMulTau._proof_1","module":"FindimCounterexample.Stage4aInterface","theorem":true}
{"axioms":["propext","Quot.sound"],"declaration":"FindimCounterexample.Transpose.presentationCokernelEquivSyzygy._proof_2","module":"FindimCounterexample.Transpose","theorem":true}
{"axioms":["propext","Classical.choice","Quot.sound"],"declaration":"FindimCounterexample.Stage4a.TateDuality.right_comp_injective","module":"FindimCounterexample.Stage4aInterface","theorem":true}
{"axioms":["propext","Quot.sound"],"declaration":"FindimCounterexample.ModuleResolution.homDifferential._proof_1","module":"FindimCounterexample.ModuleResolutionExt","theorem":true}
{"axioms":["propext","Classical.choice","Quot.sound"],"declaration":"FindimCounterexample.Stage4a.PolynomialSelfExtensions.left_mul_tau_bijective_nonneg","module":"FindimCounterexample.Stage4aInterface","theorem":true}
{"axioms":["propext","Classical.choice","Quot.sound"],"declaration":"FindimCounterexample.Stage4a.PolynomialSelfExtensions.basis_mul","module":"FindimCounterexample.Stage4aInterface","theorem":true}
{"axioms":["propext","Classical.choice","Quot.sound"],"declaration":"FindimCounterexample.Stage4a.HigherObstruction.polynomial_toda_eq_zero_gt_three","module":"FindimCounterexample.Stage4aHigherObstruction","theorem":true}
{"axioms":["propext","Classical.choice","Quot.sound"],"declaration":"FindimCounterexample.RingDual.eval_bijective_free","module":"FindimCounterexample.Duality","theorem":true}
{"axioms":["propext","Quot.sound"],"declaration":"FindimCounterexample.StrongNakayama.homRightDualEquiv._proof_1","module":"FindimCounterexample.StrongNakayamaExt","theorem":true}
{"axioms":["propext","Classical.choice","Quot.sound"],"declaration":"FindimCounterexample.Stage4a.shiftHomEquiv.eq_1","module":"FindimCounterexample.Stage4aShift","theorem":true}
{"axioms":["propext","Classical.choice","Quot.sound"],"declaration":"FindimCounterexample.ProjectiveCoresolution.ι","module":"FindimCounterexample.Coresolution","theorem":false}
{"axioms":["propext","Classical.choice","Quot.sound"],"declaration":"FindimCounterexample.Stage4a.TateDuality.comp_smul","module":"FindimCounterexample.Stage4aInterface","theorem":true}
{"axioms":["propext","Quot.sound"],"declaration":"FindimCounterexample.RingDual.freeDualEquiv._proof_1","module":"FindimCounterexample.Duality","theorem":true}
{"axioms":["propext","Quot.sound"],"declaration":"FindimCounterexample.Stage4a.HigherObstruction.polynomial_toda_eq_zero_gt_three._proof_1_7","module":"FindimCounterexample.Stage4aHigherObstruction","theorem":true}
{"axioms":["propext","Classical.choice","Quot.sound"],"declaration":"FindimCounterexample.Stage4a.PolynomialSelfExtensions.right_mul_tau_injective","module":"FindimCounterexample.Stage4aInterface","theorem":true}
{"axioms":["Quot.sound"],"declaration":"FindimCounterexample.Stage4a.subsingleton_hom_of_iso","module":"FindimCounterexample.Stage4aShift","theorem":true}
{"axioms":["propext","Classical.choice","Quot.sound"],"declaration":"FindimCounterexample.Stage4a.TateDuality.noConfusionType","module":"FindimCounterexample.Stage4aInterface","theorem":false}
{"axioms":["propext","Classical.choice","Quot.sound"],"declaration":"FindimCounterexample.ProjectiveCoresolution._sizeOf_1","module":"FindimCounterexample.Coresolution","theorem":false}
{"axioms":["propext","Classical.choice","Quot.sound"],"declaration":"FindimCounterexample.Stage4a.Cone.normalized_subsingleton","module":"FindimCounterexample.Stage4aCone","theorem":true}
{"axioms":["propext","Quot.sound"],"declaration":"FindimCounterexample.StrongNakayama.homDifferential_eq_dualDifferential","module":"FindimCounterexample.StrongNakayamaExt","theorem":true}
{"axioms":["propext","Classical.choice","Quot.sound"],"declaration":"FindimCounterexample.Stage4a.TateDuality.mk.sizeOf_spec","module":"FindimCounterexample.Stage4aInterface","theorem":true}
{"axioms":["propext","Classical.choice","Quot.sound"],"declaration":"FindimCounterexample.Stage4a.Cone.deshiftTau._proof_1","module":"FindimCounterexample.Stage4aCone","theorem":true}
{"axioms":["propext","Quot.sound"],"declaration":"FindimCounterexample.RingDual.freeDualEquiv._proof_2","module":"FindimCounterexample.Duality","theorem":true}
{"axioms":["propext","Quot.sound"],"declaration":"FindimCounterexample.Transpose.presentationCokernelEquivSyzygy._proof_3","module":"FindimCounterexample.Transpose","theorem":true}
{"axioms":["propext","Quot.sound"],"declaration":"FindimCounterexample.RingDual.RightDual","module":"FindimCounterexample.Duality","theorem":false}
{"axioms":["propext","Classical.choice","Quot.sound"],"declaration":"FindimCounterexample.ExactCoresolution.range_inclusion","module":"FindimCounterexample.ExactCoresolution","theorem":true}
{"axioms":["propext","Classical.choice","Quot.sound"],"declaration":"FindimCounterexample.Stage4a.TateDuality.right_factorization","module":"FindimCounterexample.Stage4aInterface","theorem":true}
{"axioms":["propext","Quot.sound"],"declaration":"FindimCounterexample.Stage4a.PolynomialSelfExtensions.right_mul_tau_bijective_nonneg._proof_1_1","module":"FindimCounterexample.Stage4aInterface","theorem":true}
{"axioms":["propext","Classical.choice","Quot.sound"],"declaration":"FindimCounterexample.Stage4a.Toda.indeterminacy._proof_1","module":"FindimCounterexample.Stage4aToda","theorem":true}
{"axioms":["propext","Classical.choice","Quot.sound"],"declaration":"FindimCounterexample.Stage4a.Toda.bracket_eq_zero_of_factor","module":"FindimCounterexample.Stage4aToda","theorem":true}
{"axioms":["propext","Classical.choice","Quot.sound"],"declaration":"FindimCounterexample.Stage4a.PolynomialSelfExtensions.rightMulTau._proof_4","module":"FindimCounterexample.Stage4aInterface","theorem":true}
{"axioms":["propext","Classical.choice","Quot.sound"],"declaration":"FindimCounterexample.RingDual.eval_bijective","module":"FindimCounterexample.Duality","theorem":true}
{"axioms":["propext","Classical.choice","Quot.sound"],"declaration":"FindimCounterexample.Stage4a.Cone.connecting","module":"FindimCounterexample.Stage4aCone","theorem":false}
{"axioms":["propext","Quot.sound"],"declaration":"FindimCounterexample.ExactCoresolution.cok._proof_1","module":"FindimCounterexample.ExactCoresolution","theorem":true}
{"axioms":["propext","Quot.sound"],"declaration":"FindimCounterexample.Stage4a.Cone.oneCone_i_bijective._proof_1_2","module":"FindimCounterexample.Stage4aCone","theorem":true}
{"axioms":["propext","Classical.choice","Quot.sound"],"declaration":"FindimCounterexample.Stage4a.Cone.deshiftTau","module":"FindimCounterexample.Stage4aCone","theorem":false}
{"axioms":["propext","Classical.choice","Quot.sound"],"declaration":"FindimCounterexample.Stage4a.Cone.oneCone_subsingleton","module":"FindimCounterexample.Stage4aCone","theorem":true}
{"axioms":["propext","Classical.choice","Quot.sound"],"declaration":"FindimCounterexample.Stage4a.PolynomialSelfExtensions.subsingleton_of_not_dvd","module":"FindimCounterexample.Stage4aInterface","theorem":true}
{"axioms":["propext","Quot.sound"],"declaration":"FindimCounterexample.Transpose.presentationCokernelEquivSyzygy._proof_1","module":"FindimCounterexample.Transpose","theorem":true}
{"axioms":["propext","Classical.choice","Quot.sound"],"declaration":"FindimCounterexample.StrongNakayama.unbounded","module":"FindimCounterexample.StrongNakayama","theorem":true}
{"axioms":["propext","Quot.sound"],"declaration":"FindimCounterexample.Stage4a.Cone.oneCone_subsingleton._proof_1_2","module":"FindimCounterexample.Stage4aCone","theorem":true}
{"axioms":["propext","Classical.choice","Quot.sound"],"declaration":"FindimCounterexample.Stage4a.PolynomialSelfExtensions.tau","module":"FindimCounterexample.Stage4aInterface","theorem":false}
{"axioms":["propext","Classical.choice","Quot.sound"],"declaration":"FindimCounterexample.ProjectiveCoresolution.shortExact","module":"FindimCounterexample.Coresolution","theorem":true}
{"axioms":["propext","Classical.choice","Quot.sound"],"declaration":"FindimCounterexample.Transpose.presentedModule","module":"FindimCounterexample.Transpose","theorem":false}
{"axioms":["propext","Classical.choice","Quot.sound"],"declaration":"FindimCounterexample.Stage4a.TateDuality.naturality_target","module":"FindimCounterexample.Stage4aInterface","theorem":true}
{"axioms":["propext","Quot.sound"],"declaration":"FindimCounterexample.RingDual.rightMap_comp","module":"FindimCounterexample.Duality","theorem":true}
{"axioms":["propext","Classical.choice","Quot.sound"],"declaration":"FindimCounterexample.Stage4a.left_comp_bijective_reindex","module":"FindimCounterexample.Stage4aInterface","theorem":true}
{"axioms":["propext","Classical.choice","Quot.sound"],"declaration":"FindimCounterexample.Stage4a.Cone.connecting_comp","module":"FindimCounterexample.Stage4aCone","theorem":true}
{"axioms":["propext","Quot.sound"],"declaration":"FindimCounterexample.RingDual.eval._proof_6","module":"FindimCounterexample.Duality","theorem":true}
{"axioms":["propext","Classical.choice","Quot.sound"],"declaration":"FindimCounterexample.Stage4a.Cone.homMap_bijective_of_zeros","module":"FindimCounterexample.Stage4aCone","theorem":true}
{"axioms":["propext","Quot.sound"],"declaration":"FindimCounterexample.RingDual.leftMap._proof_3","module":"FindimCounterexample.Duality","theorem":true}
{"axioms":["propext","Quot.sound"],"declaration":"FindimCounterexample.RingDual.freeDualEquiv._proof_3","module":"FindimCounterexample.Duality","theorem":true}
{"axioms":["propext","Classical.choice","Quot.sound"],"declaration":"FindimCounterexample.Stage4a.PolynomialSelfExtensions.right_mul_tau_surjective","module":"FindimCounterexample.Stage4aInterface","theorem":true}
{"axioms":["propext","Classical.choice","Quot.sound"],"declaration":"FindimCounterexample.Stage4a.Toda.DefiningSystem.mk","module":"FindimCounterexample.Stage4aToda","theorem":false}
{"axioms":["propext","Classical.choice","Quot.sound"],"declaration":"FindimCounterexample.ResolutionExt.ext_vanishing_iff","module":"FindimCounterexample.ResolutionExt","theorem":true}
{"axioms":["propext","Classical.choice","Quot.sound"],"declaration":"FindimCounterexample.Stage4a.Toda.DefiningSystem._sizeOf_inst","module":"FindimCounterexample.Stage4aToda","theorem":false}
{"axioms":["propext","Classical.choice","Quot.sound"],"declaration":"FindimCounterexample.Stage4a.TateDuality.composition_reindexed","module":"FindimCounterexample.Stage4aInterface","theorem":true}
{"axioms":["propext","Classical.choice","Quot.sound"],"declaration":"FindimCounterexample.StrongNakayama.cok","module":"FindimCounterexample.StrongNakayama","theorem":false}
{"axioms":["propext","Classical.choice","Quot.sound"],"declaration":"FindimCounterexample.Stage4a.Toda.bracket_nonempty","module":"FindimCounterexample.Stage4aToda","theorem":true}
{"axioms":["propext","Classical.choice","Quot.sound"],"declaration":"FindimCounterexample.ProjectiveCoresolution.casesOn","module":"FindimCounterexample.Coresolution","theorem":false}
{"axioms":["propext","Quot.sound"],"declaration":"FindimCounterexample.RingDual.coordinate","module":"FindimCounterexample.Duality","theorem":false}
{"axioms":["propext","Classical.choice","Quot.sound"],"declaration":"FindimCounterexample.ModuleResolution.augmentation_f_zero","module":"FindimCounterexample.ModuleResolution","theorem":true}
{"axioms":["propext","Quot.sound"],"declaration":"FindimCounterexample.Stage4a.Cone.connecting._proof_2","module":"FindimCounterexample.Stage4aCone","theorem":true}
{"axioms":["propext","Classical.choice","Quot.sound"],"declaration":"FindimCounterexample.Stage4a.Cone.oneCone_finrank._proof_1_3","module":"FindimCounterexample.Stage4aCone","theorem":true}
{"declarations":368,"modules":["FindimCounterexample.Coresolution","FindimCounterexample.Duality","FindimCounterexample.ExactCoresolution","FindimCounterexample.ModuleResolution","FindimCounterexample.ModuleResolutionExt","FindimCounterexample.ResolutionExt","FindimCounterexample.Stage4aCone","FindimCounterexample.Stage4aFactorization","FindimCounterexample.Stage4aHigherObstruction","FindimCounterexample.Stage4aInterface","FindimCounterexample.Stage4aObstruction","FindimCounterexample.Stage4aOneFactor","FindimCounterexample.Stage4aRank","FindimCounterexample.Stage4aShift","FindimCounterexample.Stage4aToda","FindimCounterexample.StrongNakayama","FindimCounterexample.StrongNakayamaExt","FindimCounterexample.Transpose","FindimCounterexample"],"theorems":271}
