✔ [2/4] Built Audit.Axioms (7.9s)
✔ [3/4] Built Audit.Axioms:c.o (1.5s)
✔ [4/4] Built audit_axioms:exe (11s)
{"axioms":["propext","Quot.sound"],"declaration":"FindimCounterexample.RingDual.leftMap._proof_2","module":"FindimCounterexample.Duality","theorem":true}
{"axioms":["propext","Quot.sound"],"declaration":"FindimCounterexample.RingDual.coordinate._proof_1","module":"FindimCounterexample.Duality","theorem":true}
{"axioms":["propext","Quot.sound"],"declaration":"FindimCounterexample.RingDual.rightMap._proof_2","module":"FindimCounterexample.Duality","theorem":true}
{"axioms":["propext","Classical.choice","Quot.sound"],"declaration":"FindimCounterexample.ProjectiveCoresolution.π","module":"FindimCounterexample.Coresolution","theorem":false}
{"axioms":["propext","Quot.sound"],"declaration":"FindimCounterexample.Transpose.presentationCokernelEquivSyzygy._proof_4","module":"FindimCounterexample.Transpose","theorem":true}
{"axioms":["propext","Quot.sound"],"declaration":"FindimCounterexample.RingDual.eval._proof_3","module":"FindimCounterexample.Duality","theorem":true}
{"axioms":["propext","Classical.choice","Quot.sound"],"declaration":"FindimCounterexample.RingDual.evalEquiv","module":"FindimCounterexample.Duality","theorem":false}
{"axioms":["propext","Classical.choice","Quot.sound"],"declaration":"FindimCounterexample.Transpose.presentationCokernelEquivSyzygy._proof_8","module":"FindimCounterexample.Transpose","theorem":true}
{"axioms":["propext","Classical.choice","Quot.sound"],"declaration":"FindimCounterexample.RingDual.rightDual_projective","module":"FindimCounterexample.Duality","theorem":true}
{"axioms":["propext","Quot.sound"],"declaration":"FindimCounterexample.RingDual.eval._proof_4","module":"FindimCounterexample.Duality","theorem":true}
{"axioms":["propext","Classical.choice","Quot.sound"],"declaration":"FindimCounterexample.ProjectiveCoresolution.hasProjectiveDimensionLE","module":"FindimCounterexample.Coresolution","theorem":true}
{"axioms":[],"declaration":"FindimCounterexample.StrongNakayama.dualObjects._proof_1","module":"FindimCounterexample.StrongNakayama","theorem":true}
{"axioms":["propext","Classical.choice","Quot.sound"],"declaration":"FindimCounterexample.StrongNakayama.cok_finite","module":"FindimCounterexample.StrongNakayama","theorem":true}
{"axioms":["propext","Classical.choice","Quot.sound"],"declaration":"FindimCounterexample.ExactCoresolution.shortExact","module":"FindimCounterexample.ExactCoresolution","theorem":true}
{"axioms":["propext","Quot.sound"],"declaration":"FindimCounterexample.ModuleResolution.complex._proof_1","module":"FindimCounterexample.ModuleResolution","theorem":true}
{"axioms":["propext","Classical.choice","Quot.sound"],"declaration":"FindimCounterexample.ModuleResolution.augmentation_comp","module":"FindimCounterexample.ModuleResolution","theorem":true}
{"axioms":["propext","Classical.choice","Quot.sound"],"declaration":"FindimCounterexample.ProjectiveCoresolution.projectiveDimension_eq","module":"FindimCounterexample.Coresolution","theorem":true}
{"axioms":["propext","Quot.sound"],"declaration":"FindimCounterexample.StrongNakayama.homRightDualEquiv","module":"FindimCounterexample.StrongNakayamaExt","theorem":false}
{"axioms":["propext","Quot.sound"],"declaration":"FindimCounterexample.ModuleResolution.homDifferential","module":"FindimCounterexample.ModuleResolutionExt","theorem":false}
{"axioms":["propext","Quot.sound"],"declaration":"FindimCounterexample.RingDual.rightMap._proof_3","module":"FindimCounterexample.Duality","theorem":true}
{"axioms":["propext","Classical.choice","Quot.sound"],"declaration":"FindimCounterexample.ModuleResolution.projectiveResolution","module":"FindimCounterexample.ModuleResolution","theorem":false}
{"axioms":["propext","Classical.choice","Quot.sound"],"declaration":"FindimCounterexample.ProjectiveCoresolution.c","module":"FindimCounterexample.Coresolution","theorem":false}
{"axioms":["propext","Classical.choice","Quot.sound"],"declaration":"FindimCounterexample.ModuleResolution.augmentation.congr_simp","module":"FindimCounterexample.ModuleResolution","theorem":true}
{"axioms":["propext","Classical.choice","Quot.sound"],"declaration":"FindimCounterexample.ModuleResolution.projectiveResolution.eq_1","module":"FindimCounterexample.ModuleResolutionExt","theorem":true}
{"axioms":["propext","Quot.sound"],"declaration":"FindimCounterexample.RingDual.eval_bijective_of_split","module":"FindimCounterexample.Duality","theorem":true}
{"axioms":["propext","Quot.sound"],"declaration":"FindimCounterexample.RingDual.leftMap","module":"FindimCounterexample.Duality","theorem":false}
{"axioms":["propext","Classical.choice","Quot.sound"],"declaration":"FindimCounterexample.ProjectiveCoresolution.mk.sizeOf_spec","module":"FindimCounterexample.Coresolution","theorem":true}
{"axioms":["propext","Classical.choice","Quot.sound"],"declaration":"FindimCounterexample.ModuleResolution.ext_vanishing_iff","module":"FindimCounterexample.ModuleResolutionExt","theorem":true}
{"axioms":["propext","Classical.choice","Quot.sound"],"declaration":"FindimCounterexample.ProjectiveCoresolution.rec","module":"FindimCounterexample.Coresolution","theorem":false}
{"axioms":["propext","Quot.sound"],"declaration":"FindimCounterexample.RingDual.rightMap._proof_4","module":"FindimCounterexample.Duality","theorem":true}
{"axioms":["propext","Classical.choice","Quot.sound"],"declaration":"FindimCounterexample.Transpose.presentationCokernelIsoSyzygy","module":"FindimCounterexample.Transpose","theorem":false}
{"axioms":["propext","Classical.choice","Quot.sound"],"declaration":"FindimCounterexample.ExactCoresolution.coresolution","module":"FindimCounterexample.ExactCoresolution","theorem":false}
{"axioms":["propext","Quot.sound"],"declaration":"FindimCounterexample.RingDual.leftMap_apply","module":"FindimCounterexample.Duality","theorem":true}
{"axioms":["propext","Quot.sound"],"declaration":"FindimCounterexample.RingDual.eval","module":"FindimCounterexample.Duality","theorem":false}
{"axioms":["propext","Quot.sound"],"declaration":"FindimCounterexample.StrongNakayama.dualObjects","module":"FindimCounterexample.StrongNakayama","theorem":false}
{"axioms":["propext","Classical.choice","Quot.sound"],"declaration":"FindimCounterexample.ModuleResolution.complex._proof_2","module":"FindimCounterexample.ModuleResolution","theorem":true}
{"axioms":["propext","Classical.choice","Quot.sound"],"declaration":"FindimCounterexample.ExactCoresolution.inclusion","module":"FindimCounterexample.ExactCoresolution","theorem":false}
{"axioms":["propext","Classical.choice","Quot.sound"],"declaration":"FindimCounterexample.ProjectiveCoresolution.mk.injEq","module":"FindimCounterexample.Coresolution","theorem":true}
{"axioms":["propext","Quot.sound"],"declaration":"FindimCounterexample.RingDual.eval._proof_5","module":"FindimCounterexample.Duality","theorem":true}
{"axioms":["propext","Classical.choice","Quot.sound"],"declaration":"FindimCounterexample.ProjectiveCoresolution.p","module":"FindimCounterexample.Coresolution","theorem":false}
{"axioms":["propext","Classical.choice","Quot.sound"],"declaration":"FindimCounterexample.ProjectiveCoresolution","module":"FindimCounterexample.Coresolution","theorem":false}
{"axioms":["propext","Quot.sound"],"declaration":"FindimCounterexample.ProjectiveCoresolution.projectiveDimension_eq._proof_1_1","module":"FindimCounterexample.Coresolution","theorem":true}
{"axioms":[],"declaration":"FindimCounterexample.Transpose.ofPresentation._proof_1","module":"FindimCounterexample.Transpose","theorem":true}
{"axioms":["propext","Classical.choice","Quot.sound"],"declaration":"FindimCounterexample.ExactCoresolution.inclusion_projection","module":"FindimCounterexample.ExactCoresolution","theorem":true}
{"axioms":["propext","Classical.choice","Quot.sound"],"declaration":"FindimCounterexample.RingDual.free_expansion","module":"FindimCounterexample.Duality","theorem":true}
{"axioms":["propext","Classical.choice","Quot.sound"],"declaration":"FindimCounterexample.ProjectiveCoresolution.mk","module":"FindimCounterexample.Coresolution","theorem":false}
{"axioms":["propext","Classical.choice","Quot.sound"],"declaration":"FindimCounterexample.ModuleResolution.differential_comp","module":"FindimCounterexample.ModuleResolution","theorem":true}
{"axioms":["propext","Quot.sound"],"declaration":"FindimCounterexample.RingDual.rightMap","module":"FindimCounterexample.Duality","theorem":false}
{"axioms":["propext","Quot.sound"],"declaration":"FindimCounterexample.RingDual.coordinate.eq_1","module":"FindimCounterexample.Duality","theorem":true}
{"axioms":["propext","Quot.sound"],"declaration":"FindimCounterexample.RingDual.rightMap_apply","module":"FindimCounterexample.Duality","theorem":true}
{"axioms":["propext","Quot.sound"],"declaration":"FindimCounterexample.RingDual.eval_naturality","module":"FindimCounterexample.Duality","theorem":true}
{"axioms":["propext","Quot.sound"],"declaration":"FindimCounterexample.RingDual.leftMap._proof_4","module":"FindimCounterexample.Duality","theorem":true}
{"axioms":["propext","Quot.sound"],"declaration":"FindimCounterexample.Transpose.syzygy","module":"FindimCounterexample.Transpose","theorem":false}
{"axioms":["propext","Classical.choice","Quot.sound"],"declaration":"FindimCounterexample.StrongNakayama.not_projective_one","module":"FindimCounterexample.StrongNakayama","theorem":true}
{"axioms":[],"declaration":"FindimCounterexample.RingDual.rightMap._proof_1","module":"FindimCounterexample.Duality","theorem":true}
{"axioms":["propext","Classical.choice","Quot.sound"],"declaration":"FindimCounterexample.Transpose.cok_eq_transpose","module":"FindimCounterexample.Transpose","theorem":true}
{"axioms":["propext","Quot.sound"],"declaration":"FindimCounterexample.ModuleResolution.homDifferential._proof_2","module":"FindimCounterexample.ModuleResolutionExt","theorem":true}
{"axioms":["propext","Quot.sound"],"declaration":"FindimCounterexample.RingDual.eval._proof_7","module":"FindimCounterexample.Duality","theorem":true}
{"axioms":["propext","Classical.choice","Quot.sound"],"declaration":"FindimCounterexample.ExactCoresolution.projection","module":"FindimCounterexample.ExactCoresolution","theorem":false}
{"axioms":["propext","Classical.choice","Quot.sound"],"declaration":"FindimCounterexample.ExactCoresolution.inclusion._proof_1","module":"FindimCounterexample.ExactCoresolution","theorem":true}
{"axioms":["propext","Quot.sound"],"declaration":"FindimCounterexample.RingDual.coordinate._proof_2","module":"FindimCounterexample.Duality","theorem":true}
{"axioms":["propext","Classical.choice","Quot.sound"],"declaration":"FindimCounterexample.RankObstruction.extinction_bound","module":"FindimCounterexample.Stage4bExtinction","theorem":true}
{"axioms":["propext"],"declaration":"FindimCounterexample.ModuleResolution.augmentation._proof_1","module":"FindimCounterexample.ModuleResolution","theorem":true}
{"axioms":["propext","Quot.sound"],"declaration":"FindimCounterexample.RingDual.eval._proof_1","module":"FindimCounterexample.Duality","theorem":true}
{"axioms":["propext","Classical.choice","Quot.sound"],"declaration":"FindimCounterexample.ExactCoresolution.cok","module":"FindimCounterexample.ExactCoresolution","theorem":false}
{"axioms":["propext","Classical.choice","Quot.sound"],"declaration":"FindimCounterexample.RingDual.rightDual_finite","module":"FindimCounterexample.Duality","theorem":true}
{"axioms":["propext","Classical.choice","Quot.sound"],"declaration":"FindimCounterexample.Transpose.ofPresentation","module":"FindimCounterexample.Transpose","theorem":false}
{"axioms":["propext","Quot.sound"],"declaration":"FindimCounterexample.StrongNakayama.coresolution._proof_1","module":"FindimCounterexample.StrongNakayama","theorem":true}
{"axioms":["propext","Classical.choice","Quot.sound"],"declaration":"FindimCounterexample.ProjectiveCoresolution.recOn","module":"FindimCounterexample.Coresolution","theorem":false}
{"axioms":["propext","Classical.choice","Quot.sound"],"declaration":"FindimCounterexample.RankObstruction.apply_pow_finrank_eq_zero","module":"FindimCounterexample.Stage4bRankObstruction","theorem":true}
{"axioms":["propext","Quot.sound"],"declaration":"FindimCounterexample.RingDual.evalEquiv._proof_1","module":"FindimCounterexample.Duality","theorem":true}
{"axioms":["propext","Quot.sound"],"declaration":"FindimCounterexample.RingDual.eval_apply","module":"FindimCounterexample.Duality","theorem":true}
{"axioms":["propext","Classical.choice","Quot.sound"],"declaration":"FindimCounterexample.ProjectiveCoresolution.ctorIdx","module":"FindimCounterexample.Coresolution","theorem":false}
{"axioms":["propext","Classical.choice","Quot.sound"],"declaration":"FindimCounterexample.StrongNakayama.projectiveDimension_eq","module":"FindimCounterexample.StrongNakayama","theorem":true}
{"axioms":["propext","Classical.choice","Quot.sound"],"declaration":"FindimCounterexample.ProjectiveCoresolution.mk.noConfusion","module":"FindimCounterexample.Coresolution","theorem":false}
{"axioms":["propext","Quot.sound"],"declaration":"FindimCounterexample.Transpose.ofPresentation._proof_2","module":"FindimCounterexample.Transpose","theorem":true}
{"axioms":["propext","Classical.choice","Quot.sound"],"declaration":"FindimCounterexample.RankObstruction.apply_pow_eq_zero_of_eventually","module":"FindimCounterexample.Stage4bRankObstruction","theorem":true}
{"axioms":["propext","Quot.sound"],"declaration":"FindimCounterexample.RingDual.eval._proof_2","module":"FindimCounterexample.Duality","theorem":true}
{"axioms":["propext","Classical.choice","Quot.sound"],"declaration":"FindimCounterexample.ProjectiveCoresolution.sc","module":"FindimCounterexample.Coresolution","theorem":false}
{"axioms":["propext","Classical.choice","Quot.sound"],"declaration":"FindimCounterexample.ModuleResolution.projectiveResolution._proof_1","module":"FindimCounterexample.ModuleResolution","theorem":true}
{"axioms":["propext"],"declaration":"FindimCounterexample.RingDual.leftMap._proof_1","module":"FindimCounterexample.Duality","theorem":true}
{"axioms":["propext","Classical.choice","Quot.sound"],"declaration":"FindimCounterexample.ModuleResolution.projectiveResolution._proof_2","module":"FindimCounterexample.ModuleResolution","theorem":true}
{"axioms":["propext","Quot.sound"],"declaration":"FindimCounterexample.Transpose.presentationCokernelEquivSyzygy._proof_6","module":"FindimCounterexample.Transpose","theorem":true}
{"axioms":["propext","Classical.choice","Quot.sound"],"declaration":"FindimCounterexample.StrongNakayama.projective_zero","module":"FindimCounterexample.StrongNakayama","theorem":true}
{"axioms":["propext","Classical.choice","Quot.sound"],"declaration":"FindimCounterexample.StrongNakayama.unbounded_of_ext","module":"FindimCounterexample.StrongNakayamaExt","theorem":true}
{"axioms":["propext","Classical.choice","Quot.sound"],"declaration":"FindimCounterexample.ModuleResolution.augmentation._proof_2","module":"FindimCounterexample.ModuleResolution","theorem":true}
{"axioms":["propext","Classical.choice","Quot.sound"],"declaration":"FindimCounterexample.Transpose.presentationCokernelEquivSyzygy","module":"FindimCounterexample.Transpose","theorem":false}
{"axioms":["propext","Classical.choice","Quot.sound"],"declaration":"FindimCounterexample.StrongNakayama.projectiveDimension_eq_of_ext","module":"FindimCounterexample.StrongNakayamaExt","theorem":true}
{"axioms":["propext","Classical.choice","Quot.sound"],"declaration":"FindimCounterexample.ModuleResolution.complex_X","module":"FindimCounterexample.ModuleResolution","theorem":true}
{"axioms":["propext","Classical.choice","Quot.sound"],"declaration":"FindimCounterexample.ProjectiveCoresolution.mk.inj","module":"FindimCounterexample.Coresolution","theorem":true}
{"axioms":["propext","Classical.choice","Quot.sound"],"declaration":"FindimCounterexample.ModuleResolution.augmentation","module":"FindimCounterexample.ModuleResolution","theorem":false}
{"axioms":["propext","Classical.choice","Quot.sound"],"declaration":"FindimCounterexample.ModuleResolution.complex_exactAt_succ","module":"FindimCounterexample.ModuleResolution","theorem":true}
{"axioms":["propext","Quot.sound"],"declaration":"FindimCounterexample.ProjectiveCoresolution.hasProjectiveDimensionLE._proof_1_1","module":"FindimCounterexample.Coresolution","theorem":true}
{"axioms":["propext","Classical.choice","Quot.sound"],"declaration":"FindimCounterexample.ProjectiveCoresolution.projective","module":"FindimCounterexample.Coresolution","theorem":true}
{"axioms":["propext","Classical.choice","Quot.sound"],"declaration":"FindimCounterexample.ResolutionExt.ext_zero_iff_injective","module":"FindimCounterexample.ResolutionExt","theorem":true}
{"axioms":["propext","Classical.choice","Quot.sound"],"declaration":"FindimCounterexample.StrongNakayama.coresolution","module":"FindimCounterexample.StrongNakayama","theorem":false}
{"axioms":["propext","Classical.choice","Quot.sound"],"declaration":"FindimCounterexample.ProjectiveCoresolution.not_hasProjectiveDimensionLT","module":"FindimCounterexample.Coresolution","theorem":true}
{"axioms":["propext","Classical.choice","Quot.sound"],"declaration":"FindimCounterexample.StrongNakayama.ext_vanishing_iff_dual_exact","module":"FindimCounterexample.StrongNakayamaExt","theorem":true}
{"axioms":["propext","Classical.choice","Quot.sound"],"declaration":"FindimCounterexample.RingDual.freeDualEquiv._proof_4","module":"FindimCounterexample.Duality","theorem":true}
{"axioms":["propext","Classical.choice","Quot.sound"],"declaration":"FindimCounterexample.ProjectiveCoresolution.noConfusionType","module":"FindimCounterexample.Coresolution","theorem":false}
{"axioms":["propext","Quot.sound"],"declaration":"FindimCounterexample.RingDual.eval._proof_8","module":"FindimCounterexample.Duality","theorem":true}
{"axioms":["propext","Quot.sound"],"declaration":"FindimCounterexample.ModuleResolution.homDifferential._proof_3","module":"FindimCounterexample.ModuleResolutionExt","theorem":true}
{"axioms":[],"declaration":"FindimCounterexample.Transpose.syzygy.match_1","module":"FindimCounterexample.Transpose","theorem":false}
{"axioms":["propext","Classical.choice","Quot.sound"],"declaration":"FindimCounterexample.ResolutionExt.ext_succ_iff_cocycles_boundaries","module":"FindimCounterexample.ResolutionExt","theorem":true}
{"axioms":["propext","Classical.choice","Quot.sound"],"declaration":"FindimCounterexample.ProjectiveCoresolution.mk._flat_ctor","module":"FindimCounterexample.Coresolution","theorem":false}
{"axioms":["propext","Classical.choice","Quot.sound"],"declaration":"FindimCounterexample.ModuleResolution.complex","module":"FindimCounterexample.ModuleResolution","theorem":false}
{"axioms":[],"declaration":"FindimCounterexample.ExactCoresolution.cok.match_1","module":"FindimCounterexample.ExactCoresolution","theorem":false}
{"axioms":["propext","Classical.choice","Quot.sound"],"declaration":"FindimCounterexample.ProjectiveCoresolution._sizeOf_inst","module":"FindimCounterexample.Coresolution","theorem":false}
{"axioms":["propext","Classical.choice","Quot.sound"],"declaration":"FindimCounterexample.ModuleResolution.complex.eq_1","module":"FindimCounterexample.ModuleResolution","theorem":true}
{"axioms":["propext","Classical.choice","Quot.sound"],"declaration":"FindimCounterexample.RingDual.split_of_dual_split","module":"FindimCounterexample.Duality","theorem":true}
{"axioms":["propext","Quot.sound"],"declaration":"FindimCounterexample.StrongNakayama.dualDifferential","module":"FindimCounterexample.StrongNakayama","theorem":false}
{"axioms":["propext","Quot.sound"],"declaration":"FindimCounterexample.Transpose.presentationCokernelEquivSyzygy._proof_5","module":"FindimCounterexample.Transpose","theorem":true}
{"axioms":["propext","Classical.choice","Quot.sound"],"declaration":"FindimCounterexample.ProjectiveCoresolution.w","module":"FindimCounterexample.Coresolution","theorem":true}
{"axioms":["propext","Classical.choice","Quot.sound"],"declaration":"FindimCounterexample.RingDual.freeDualEquiv","module":"FindimCounterexample.Duality","theorem":false}
{"axioms":["propext","Classical.choice","Quot.sound"],"declaration":"FindimCounterexample.ModuleResolution.complex_d_succ","module":"FindimCounterexample.ModuleResolution","theorem":true}
{"axioms":["propext","Classical.choice","Quot.sound"],"declaration":"FindimCounterexample.ProjectiveCoresolution.noConfusion","module":"FindimCounterexample.Coresolution","theorem":false}
{"axioms":[],"declaration":"FindimCounterexample.RingDual.LeftDual","module":"FindimCounterexample.Duality","theorem":false}
{"axioms":["propext","Quot.sound"],"declaration":"FindimCounterexample.Transpose.presentedModule._proof_1","module":"FindimCounterexample.Transpose","theorem":true}
{"axioms":["propext","Classical.choice","Quot.sound"],"declaration":"FindimCounterexample.StrongNakayama.coresolution._proof_2","module":"FindimCounterexample.StrongNakayama","theorem":true}
{"axioms":["propext","Classical.choice","Quot.sound"],"declaration":"FindimCounterexample.Transpose.presentationCokernelEquivSyzygy._proof_7","module":"FindimCounterexample.Transpose","theorem":true}
{"axioms":["propext","Classical.choice","Quot.sound"],"declaration":"FindimCounterexample.ModuleResolution.augmentation_quasiIso","module":"FindimCounterexample.ModuleResolution","theorem":true}
{"axioms":["propext","Classical.choice","Quot.sound"],"declaration":"FindimCounterexample.RingDual.dual_expansion","module":"FindimCounterexample.Duality","theorem":true}
{"axioms":["propext","Quot.sound"],"declaration":"FindimCounterexample.Transpose.presentationCokernelEquivSyzygy._proof_2","module":"FindimCounterexample.Transpose","theorem":true}
{"axioms":["propext","Quot.sound"],"declaration":"FindimCounterexample.ModuleResolution.homDifferential._proof_1","module":"FindimCounterexample.ModuleResolutionExt","theorem":true}
{"axioms":["propext","Classical.choice","Quot.sound"],"declaration":"FindimCounterexample.RingDual.eval_bijective_free","module":"FindimCounterexample.Duality","theorem":true}
{"axioms":["propext","Quot.sound"],"declaration":"FindimCounterexample.StrongNakayama.homRightDualEquiv._proof_1","module":"FindimCounterexample.StrongNakayamaExt","theorem":true}
{"axioms":["propext","Classical.choice","Quot.sound"],"declaration":"FindimCounterexample.ProjectiveCoresolution.ι","module":"FindimCounterexample.Coresolution","theorem":false}
{"axioms":["propext","Quot.sound"],"declaration":"FindimCounterexample.RingDual.freeDualEquiv._proof_1","module":"FindimCounterexample.Duality","theorem":true}
{"axioms":["propext","Classical.choice","Quot.sound"],"declaration":"FindimCounterexample.ProjectiveCoresolution._sizeOf_1","module":"FindimCounterexample.Coresolution","theorem":false}
{"axioms":["propext","Quot.sound"],"declaration":"FindimCounterexample.StrongNakayama.homDifferential_eq_dualDifferential","module":"FindimCounterexample.StrongNakayamaExt","theorem":true}
{"axioms":["propext","Quot.sound"],"declaration":"FindimCounterexample.RingDual.freeDualEquiv._proof_2","module":"FindimCounterexample.Duality","theorem":true}
{"axioms":["propext","Quot.sound"],"declaration":"FindimCounterexample.Transpose.presentationCokernelEquivSyzygy._proof_3","module":"FindimCounterexample.Transpose","theorem":true}
{"axioms":["propext","Quot.sound"],"declaration":"FindimCounterexample.RingDual.RightDual","module":"FindimCounterexample.Duality","theorem":false}
{"axioms":["propext","Classical.choice","Quot.sound"],"declaration":"FindimCounterexample.ExactCoresolution.range_inclusion","module":"FindimCounterexample.ExactCoresolution","theorem":true}
{"axioms":["propext","Classical.choice","Quot.sound"],"declaration":"FindimCounterexample.RingDual.eval_bijective","module":"FindimCounterexample.Duality","theorem":true}
{"axioms":["propext","Quot.sound"],"declaration":"FindimCounterexample.ExactCoresolution.cok._proof_1","module":"FindimCounterexample.ExactCoresolution","theorem":true}
{"axioms":["propext","Quot.sound"],"declaration":"FindimCounterexample.Transpose.presentationCokernelEquivSyzygy._proof_1","module":"FindimCounterexample.Transpose","theorem":true}
{"axioms":["propext","Classical.choice","Quot.sound"],"declaration":"FindimCounterexample.StrongNakayama.unbounded","module":"FindimCounterexample.StrongNakayama","theorem":true}
{"axioms":["propext","Classical.choice","Quot.sound"],"declaration":"FindimCounterexample.ProjectiveCoresolution.shortExact","module":"FindimCounterexample.Coresolution","theorem":true}
{"axioms":["propext","Classical.choice","Quot.sound"],"declaration":"FindimCounterexample.Transpose.presentedModule","module":"FindimCounterexample.Transpose","theorem":false}
{"axioms":["propext","Quot.sound"],"declaration":"_private.FindimCounterexample.Stage4bRankObstruction.0.FindimCounterexample.RankObstruction.dual_pow_apply","module":"FindimCounterexample.Stage4bRankObstruction","theorem":true}
{"axioms":["propext","Quot.sound"],"declaration":"FindimCounterexample.RingDual.rightMap_comp","module":"FindimCounterexample.Duality","theorem":true}
{"axioms":["propext","Quot.sound"],"declaration":"FindimCounterexample.RingDual.eval._proof_6","module":"FindimCounterexample.Duality","theorem":true}
{"axioms":["propext","Quot.sound"],"declaration":"FindimCounterexample.RingDual.leftMap._proof_3","module":"FindimCounterexample.Duality","theorem":true}
{"axioms":["propext","Quot.sound"],"declaration":"FindimCounterexample.RingDual.freeDualEquiv._proof_3","module":"FindimCounterexample.Duality","theorem":true}
{"axioms":["propext","Classical.choice","Quot.sound"],"declaration":"FindimCounterexample.ResolutionExt.ext_vanishing_iff","module":"FindimCounterexample.ResolutionExt","theorem":true}
{"axioms":["propext","Classical.choice","Quot.sound"],"declaration":"FindimCounterexample.StrongNakayama.cok","module":"FindimCounterexample.StrongNakayama","theorem":false}
{"axioms":["propext","Classical.choice","Quot.sound"],"declaration":"FindimCounterexample.ProjectiveCoresolution.casesOn","module":"FindimCounterexample.Coresolution","theorem":false}
{"axioms":["propext","Quot.sound"],"declaration":"FindimCounterexample.RingDual.coordinate","module":"FindimCounterexample.Duality","theorem":false}
{"axioms":["propext","Classical.choice","Quot.sound"],"declaration":"FindimCounterexample.ModuleResolution.augmentation_f_zero","module":"FindimCounterexample.ModuleResolution","theorem":true}
{"declarations":150,"modules":["FindimCounterexample.Coresolution","FindimCounterexample.Duality","FindimCounterexample.ExactCoresolution","FindimCounterexample.ModuleResolution","FindimCounterexample.ModuleResolutionExt","FindimCounterexample.ResolutionExt","FindimCounterexample.Stage4bExtinction","FindimCounterexample.Stage4bRankObstruction","FindimCounterexample.StrongNakayama","FindimCounterexample.StrongNakayamaExt","FindimCounterexample.Transpose","FindimCounterexample"],"theorems":105}
