15.83 Lambda dimension 392 projective dimensions [236, 136, 12, 8] generators 22
15.91 Z dimension 16 Y 15 all off-diagonal module relations PASS
44.94 F left dim 352 top ['e', 'e', 'e', 'e', 'e', 'e', 'e', 'e', 'e', 'e', 'e', 'e', 'e', 'e', 'e', 'e', 'e', 'e', 'e', 'e', 'e', 'e', 'e', 'e', 'f', 'f', 'f', 'f', 'f', 'f', 'f', 'f'] P 352 next 0
Timeout (0:01:00)!
Thread 0x00007fa865ae9bc0 [python3] (most recent call first):
  File "computations/05-candidate1/profile.py", line 20 in left_cover
  File "computations/05-candidate1/ext.py", line 144 in run
  File "computations/05-candidate1/ext.py", line 167 in <module>
  File "computations/05-candidate1/runner.py", line 38 in execute
  File "computations/05-candidate1/runner.py", line 45 in <module>
74.89 F dual right dim 352 top ['e', 'e', 'e', 'e', 'e', 'e', 'e', 'e', 'e', 'e', 'e', 'e', 'e', 'e', 'e', 'e', 'e', 'e', 'e', 'e', 'e', 'e', 'e', 'e', 'f', 'f', 'f', 'f', 'f', 'f', 'f', 'f'] P 352 next 0
80.59 Lambda degree 0 syzygy 16 Betti [0, 1, 0, 1] P 144 next 128
101.02 Lambda degree 1 syzygy 128 Betti [1, 0, 0, 1] P 244 next 116
119.88 Lambda degree 2 syzygy 116 Betti [1, 0, 1, 0] P 248 next 132
Timeout (0:01:00)!
Thread 0x00007fa865ae9bc0 [python3] (most recent call first):
  File "/usr/lib/python3.14/site-packages/sage/matrix/matrix_space.py", line 1184 in _element_constructor_
  File "/usr/lib/python3.14/site-packages/sage/modules/free_module.py", line 8181 in _echelonized_basis
  File "/usr/lib/python3.14/site-packages/sage/modules/free_module.py", line 6835 in __init__
  File "/usr/lib/python3.14/site-packages/sage/modules/free_module.py", line 8052 in __init__
  File "/usr/lib/python3.14/site-packages/sage/modules/free_module.py", line 8247 in __init__
  File "/usr/lib/python3.14/site-packages/sage/modules/free_module.py", line 1795 in span
  File "computations/05-candidate1/ext.py", line 91 in cover
  File "computations/05-candidate1/ext.py", line 151 in run
  File "computations/05-candidate1/ext.py", line 167 in <module>
  File "computations/05-candidate1/runner.py", line 38 in execute
  File "computations/05-candidate1/runner.py", line 45 in <module>
149.6 Lambda degree 3 syzygy 132 Betti [1, 1, 1, 0] P 384 next 252
Timeout (0:01:00)!
Thread 0x00007fa865ae9bc0 [python3] (most recent call first):
  File "/usr/lib/python3.14/site-packages/sage/matrix/matrix_space.py", line 1184 in _element_constructor_
  File "computations/05-candidate1/ext.py", line 40 in indec_action
  File "computations/05-candidate1/ext.py", line 61 in apply
  File "computations/05-candidate1/ext.py", line 103 in action
  File "computations/05-candidate1/ext.py", line 46 in act
  File "computations/05-candidate1/ext.py", line 48 in apply
  File "computations/05-candidate1/ext.py", line 97 in cover
  File "computations/05-candidate1/ext.py", line 151 in run
  File "computations/05-candidate1/ext.py", line 167 in <module>
  File "computations/05-candidate1/runner.py", line 38 in execute
  File "computations/05-candidate1/runner.py", line 45 in <module>
197.47 Lambda degree 4 syzygy 252 Betti [2, 0, 1, 1] P 492 next 240
197.61 self {'degree': 0, 'cochains': 8, 'out_rank': 1, 'in_rank': 0, 'Ext': 7}
197.74 self {'degree': 1, 'cochains': 7, 'out_rank': 5, 'in_rank': 1, 'Ext': 1}
197.86 self {'degree': 2, 'cochains': 8, 'out_rank': 3, 'in_rank': 5, 'Ext': 0}
197.99 self {'degree': 3, 'cochains': 9, 'out_rank': 6, 'in_rank': 3, 'Ext': 0}
203.15 regular {'degree': 0, 'cochains': 144, 'out_rank': 16, 'in_rank': 0, 'Ext': 128}
208.07 regular {'degree': 1, 'cochains': 148, 'out_rank': 132, 'in_rank': 16, 'Ext': 0}
213.97 regular {'degree': 2, 'cochains': 248, 'out_rank': 116, 'in_rank': 132, 'Ext': 0}
220.98 regular {'degree': 3, 'cochains': 256, 'out_rank': 140, 'in_rank': 116, 'Ext': 0}
