replaying FindimCounterexample.SelectionCentral
replaying FindimCounterexample.SelectionDirectSum
replaying FindimCounterexample.FiniteQuotients
replaying FindimCounterexample.SelectionCommutator
replaying FindimCounterexample.SelectionPresentation
replaying FindimCounterexample.ExactCoresolution
replaying FindimCounterexample.SelectionFiniteOrbits
replaying FindimCounterexample.MatrixTransvections
replaying FindimCounterexample.SelectionFiniteRelations
replaying FindimCounterexample.SelectionShift
replaying FindimCounterexample.FiniteQuotientRing
replaying FindimCounterexample.StrongNakayama
replaying FindimCounterexample.Coresolution
replaying FindimCounterexample.SelectionTorus
replaying FindimCounterexample.FiniteQuotientCenter
replaying FindimCounterexample.StrongNakayamaExt
replaying FindimCounterexample.Duality
replaying FindimCounterexample.FiniteQuotientSeparation
replaying FindimCounterexample.ModuleResolutionExt
replaying FindimCounterexample.SelectionIndependence
replaying FindimCounterexample.Transpose
replaying FindimCounterexample.ResolutionExt
replaying FindimCounterexample.SelectionGroup
replaying FindimCounterexample.ModuleResolution
replaying FindimCounterexample.SelectionFinitePresentation
replaying FindimCounterexample
