lakefile.toml: OK
lake-manifest.json: OK
lean-toolchain: OK
FindimCounterexample.lean: OK
Audit/Axioms.lean: OK
Audit/Statements.lean: OK
FindimCounterexample/Coresolution.lean: OK
FindimCounterexample/Duality.lean: OK
FindimCounterexample/ExactCoresolution.lean: OK
FindimCounterexample/FiniteQuotientCenter.lean: OK
FindimCounterexample/FiniteQuotientRing.lean: OK
FindimCounterexample/FiniteQuotientSeparation.lean: OK
FindimCounterexample/FiniteQuotients.lean: OK
FindimCounterexample/MatrixTransvections.lean: OK
FindimCounterexample/ModuleResolution.lean: OK
FindimCounterexample/ModuleResolutionExt.lean: OK
FindimCounterexample/ResolutionExt.lean: OK
FindimCounterexample/SelectionCentral.lean: OK
FindimCounterexample/SelectionCommutator.lean: OK
FindimCounterexample/SelectionDirectSum.lean: OK
FindimCounterexample/SelectionFiniteOrbits.lean: OK
FindimCounterexample/SelectionFinitePresentation.lean: OK
FindimCounterexample/SelectionFiniteRelations.lean: OK
FindimCounterexample/SelectionGroup.lean: OK
FindimCounterexample/SelectionIndependence.lean: OK
FindimCounterexample/SelectionPresentation.lean: OK
FindimCounterexample/SelectionShift.lean: OK
FindimCounterexample/SelectionTorus.lean: OK
FindimCounterexample/StrongNakayama.lean: OK
FindimCounterexample/StrongNakayamaExt.lean: OK
FindimCounterexample/Transpose.lean: OK
