@ProjectiveCoresolution.hasProjectiveDimensionLE : ∀ {𝒞 : Type u_1} [inst : CategoryTheory.Category.{u_2, u_1} 𝒞]
  [inst_1 : CategoryTheory.Abelian 𝒞] (R : ProjectiveCoresolution 𝒞),
  CategoryTheory.Projective (R.c 0) → ∀ (n : ℕ), CategoryTheory.HasProjectiveDimensionLE (R.c n) n
@ProjectiveCoresolution.not_hasProjectiveDimensionLT : ∀ {𝒞 : Type u_1} [inst : CategoryTheory.Category.{u_2, u_1} 𝒞]
  [inst_1 : CategoryTheory.Abelian 𝒞] (R : ProjectiveCoresolution 𝒞),
  ¬CategoryTheory.Projective (R.c 1) → ∀ (n : ℕ), ¬CategoryTheory.HasProjectiveDimensionLT (R.c (n + 1)) (n + 1)
@ProjectiveCoresolution.projectiveDimension_eq : ∀ {𝒞 : Type u_1} [inst : CategoryTheory.Category.{u_2, u_1} 𝒞]
  [inst_1 : CategoryTheory.Abelian 𝒞] (R : ProjectiveCoresolution 𝒞),
  CategoryTheory.Projective (R.c 0) →
    ¬CategoryTheory.Projective (R.c 1) →
      ∀ (n : ℕ),
        1 ≤ n → CategoryTheory.HasProjectiveDimensionLE (R.c n) n ∧ ¬CategoryTheory.HasProjectiveDimensionLT (R.c n) n
'FindimCounterexample.ProjectiveCoresolution.hasProjectiveDimensionLE' depends on axioms: [propext,
 Classical.choice,
 Quot.sound]
'FindimCounterexample.ProjectiveCoresolution.not_hasProjectiveDimensionLT' depends on axioms: [propext,
 Classical.choice,
 Quot.sound]
'FindimCounterexample.ProjectiveCoresolution.projectiveDimension_eq' depends on axioms: [propext,
 Classical.choice,
 Quot.sound]
@RingDual.freeDualEquiv : {A : Type u_1} →
  [inst : Ring A] → (ι : Type u_2) → [Fintype ι] → [DecidableEq ι] → RingDual.RightDual A (ι → Aᵐᵒᵖ) ≃ₗ[A] ι → A
@RingDual.evalEquiv : {A : Type u_1} →
  [inst : Ring A] →
    {P : Type u_2} →
      [inst_1 : AddCommGroup P] →
        [inst_2 : Module Aᵐᵒᵖ P] →
          [Module.Finite Aᵐᵒᵖ P] → [Module.Projective Aᵐᵒᵖ P] → P ≃ₗ[Aᵐᵒᵖ] RingDual.LeftDual A (RingDual.RightDual A P)
@RingDual.rightDual_projective : ∀ {A : Type u_1} [inst : Ring A] {P : Type u_2} [inst_1 : AddCommGroup P]
  [inst_2 : Module Aᵐᵒᵖ P] [Module.Finite Aᵐᵒᵖ P] [Module.Projective Aᵐᵒᵖ P],
  Module.Projective A (RingDual.RightDual A P)
@RingDual.rightDual_finite : ∀ {A : Type u_1} [inst : Ring A] {P : Type u_2} [inst_1 : AddCommGroup P]
  [inst_2 : Module Aᵐᵒᵖ P] [Module.Finite Aᵐᵒᵖ P] [Module.Projective Aᵐᵒᵖ P], Module.Finite A (RingDual.RightDual A P)
@RingDual.split_of_dual_split : ∀ {A : Type u_1} [inst : Ring A] {P : Type u_2} {P' : Type u_3}
  [inst_1 : AddCommGroup P] [inst_2 : AddCommGroup P'] [inst_3 : Module Aᵐᵒᵖ P] [inst_4 : Module Aᵐᵒᵖ P']
  [Module.Finite Aᵐᵒᵖ P] [Module.Projective Aᵐᵒᵖ P] [Module.Finite Aᵐᵒᵖ P'] [Module.Projective Aᵐᵒᵖ P']
  (f : P →ₗ[Aᵐᵒᵖ] P') (r : RingDual.RightDual A P →ₗ[A] RingDual.RightDual A P'),
  r ∘ₗ RingDual.rightMap f = LinearMap.id → ∃ s, f ∘ₗ s = LinearMap.id
@ExactCoresolution.coresolution : {A : Type u_1} →
  [inst : Ring A] →
    (X : ℕ → ModuleCat A) →
      (d : (n : ℕ) → ↑(X n) →ₗ[A] ↑(X (n + 1))) →
        (∀ (n : ℕ), (d n).range = (d (n + 1)).ker) →
          Function.Injective ⇑(d 0) →
            (∀ (n : ℕ), CategoryTheory.Projective (X (n + 1))) → ProjectiveCoresolution (ModuleCat A)
@StrongNakayama.coresolution : {A : Type u_1} →
  [inst : Ring A] →
    (P : ℕ → ModuleCat Aᵐᵒᵖ) →
      (d : (n : ℕ) → ↑(P (n + 1)) →ₗ[Aᵐᵒᵖ] ↑(P n)) →
        [∀ (n : ℕ), Module.Finite Aᵐᵒᵖ ↑(P n)] →
          [∀ (n : ℕ), Module.Projective Aᵐᵒᵖ ↑(P n)] →
            Function.Injective ⇑(StrongNakayama.dualDifferential P d 0) →
              (∀ (n : ℕ),
                  (StrongNakayama.dualDifferential P d n).range = (StrongNakayama.dualDifferential P d (n + 1)).ker) →
                ProjectiveCoresolution (ModuleCat A)
@StrongNakayama.projective_zero : ∀ {A : Type u_1} [inst : Ring A] (P : ℕ → ModuleCat Aᵐᵒᵖ)
  (d : (n : ℕ) → ↑(P (n + 1)) →ₗ[Aᵐᵒᵖ] ↑(P n)) [∀ (n : ℕ), Module.Finite Aᵐᵒᵖ ↑(P n)]
  [∀ (n : ℕ), Module.Projective Aᵐᵒᵖ ↑(P n)], CategoryTheory.Projective (StrongNakayama.cok P d 0)
@StrongNakayama.cok_finite : ∀ {A : Type u_1} [inst : Ring A] (P : ℕ → ModuleCat Aᵐᵒᵖ)
  (d : (n : ℕ) → ↑(P (n + 1)) →ₗ[Aᵐᵒᵖ] ↑(P n)) [∀ (n : ℕ), Module.Finite Aᵐᵒᵖ ↑(P n)]
  [∀ (n : ℕ), Module.Projective Aᵐᵒᵖ ↑(P n)] (n : ℕ), Module.Finite A ↑(StrongNakayama.cok P d n)
@StrongNakayama.not_projective_one : ∀ {A : Type u_1} [inst : Ring A] (P : ℕ → ModuleCat Aᵐᵒᵖ)
  (d : (n : ℕ) → ↑(P (n + 1)) →ₗ[Aᵐᵒᵖ] ↑(P n)) [∀ (n : ℕ), Module.Finite Aᵐᵒᵖ ↑(P n)]
  [∀ (n : ℕ), Module.Projective Aᵐᵒᵖ ↑(P n)],
  Function.Injective ⇑(StrongNakayama.dualDifferential P d 0) →
    (∀ (n : ℕ), (StrongNakayama.dualDifferential P d n).range = (StrongNakayama.dualDifferential P d (n + 1)).ker) →
      ∀ {E : Type u_3} [inst_3 : AddCommGroup E] [inst_4 : Module Aᵐᵒᵖ E] [Nontrivial E] (ε : ↑(P 0) →ₗ[Aᵐᵒᵖ] E),
        Function.Surjective ⇑ε → ε ∘ₗ d 0 = 0 → ¬CategoryTheory.Projective (StrongNakayama.cok P d 1)
@StrongNakayama.projectiveDimension_eq : ∀ {A : Type u_1} [inst : Ring A] (P : ℕ → ModuleCat Aᵐᵒᵖ)
  (d : (n : ℕ) → ↑(P (n + 1)) →ₗ[Aᵐᵒᵖ] ↑(P n)) [∀ (n : ℕ), Module.Finite Aᵐᵒᵖ ↑(P n)]
  [∀ (n : ℕ), Module.Projective Aᵐᵒᵖ ↑(P n)],
  Function.Injective ⇑(StrongNakayama.dualDifferential P d 0) →
    (∀ (n : ℕ), (StrongNakayama.dualDifferential P d n).range = (StrongNakayama.dualDifferential P d (n + 1)).ker) →
      ∀ {E : Type u_3} [inst_3 : AddCommGroup E] [inst_4 : Module Aᵐᵒᵖ E] [Nontrivial E] (ε : ↑(P 0) →ₗ[Aᵐᵒᵖ] E),
        Function.Surjective ⇑ε →
          ε ∘ₗ d 0 = 0 →
            ∀ (n : ℕ),
              1 ≤ n →
                CategoryTheory.HasProjectiveDimensionLE (StrongNakayama.cok P d n) n ∧
                  ¬CategoryTheory.HasProjectiveDimensionLT (StrongNakayama.cok P d n) n
@StrongNakayama.unbounded : ∀ {A : Type u_1} [inst : Ring A] (P : ℕ → ModuleCat Aᵐᵒᵖ)
  (d : (n : ℕ) → ↑(P (n + 1)) →ₗ[Aᵐᵒᵖ] ↑(P n)) [∀ (n : ℕ), Module.Finite Aᵐᵒᵖ ↑(P n)]
  [∀ (n : ℕ), Module.Projective Aᵐᵒᵖ ↑(P n)],
  Function.Injective ⇑(StrongNakayama.dualDifferential P d 0) →
    (∀ (n : ℕ), (StrongNakayama.dualDifferential P d n).range = (StrongNakayama.dualDifferential P d (n + 1)).ker) →
      ∀ {E : Type u_3} [inst_3 : AddCommGroup E] [inst_4 : Module Aᵐᵒᵖ E] [Nontrivial E] (ε : ↑(P 0) →ₗ[Aᵐᵒᵖ] E),
        Function.Surjective ⇑ε →
          ε ∘ₗ d 0 = 0 →
            ∀ (n : ℕ),
              1 ≤ n →
                ∃ M,
                  Module.Finite A ↑M ∧
                    CategoryTheory.HasProjectiveDimensionLE M n ∧ ¬CategoryTheory.HasProjectiveDimensionLT M n
'FindimCounterexample.RingDual.freeDualEquiv' depends on axioms: [propext, Classical.choice, Quot.sound]
'FindimCounterexample.RingDual.evalEquiv' depends on axioms: [propext, Classical.choice, Quot.sound]
'FindimCounterexample.RingDual.rightDual_projective' depends on axioms: [propext, Classical.choice, Quot.sound]
'FindimCounterexample.RingDual.rightDual_finite' depends on axioms: [propext, Classical.choice, Quot.sound]
'FindimCounterexample.RingDual.split_of_dual_split' depends on axioms: [propext, Classical.choice, Quot.sound]
'FindimCounterexample.ExactCoresolution.coresolution' depends on axioms: [propext, Classical.choice, Quot.sound]
'FindimCounterexample.StrongNakayama.coresolution' depends on axioms: [propext, Classical.choice, Quot.sound]
'FindimCounterexample.StrongNakayama.projective_zero' depends on axioms: [propext, Classical.choice, Quot.sound]
'FindimCounterexample.StrongNakayama.cok_finite' depends on axioms: [propext, Classical.choice, Quot.sound]
'FindimCounterexample.StrongNakayama.not_projective_one' depends on axioms: [propext, Classical.choice, Quot.sound]
'FindimCounterexample.StrongNakayama.projectiveDimension_eq' depends on axioms: [propext, Classical.choice, Quot.sound]
'FindimCounterexample.StrongNakayama.unbounded' depends on axioms: [propext, Classical.choice, Quot.sound]
@ResolutionExt.ext_zero_iff_injective : ∀ {C : Type u_3} [inst : CategoryTheory.Category.{u_2, u_3} C]
  [inst_1 : CategoryTheory.Abelian C] [inst_2 : CategoryTheory.HasExt C] {X Y : C}
  (R : CategoryTheory.ProjectiveResolution X),
  Subsingleton (CategoryTheory.Abelian.Ext X Y 0) ↔
    Function.Injective fun f => CategoryTheory.CategoryStruct.comp (R.complex.d 1 0) f
@ResolutionExt.ext_succ_iff_cocycles_boundaries : ∀ {C : Type u_3} [inst : CategoryTheory.Category.{u_2, u_3} C]
  [inst_1 : CategoryTheory.Abelian C] [inst_2 : CategoryTheory.HasExt C] {X Y : C}
  (R : CategoryTheory.ProjectiveResolution X) (n : ℕ),
  Subsingleton (CategoryTheory.Abelian.Ext X Y (n + 1)) ↔
    ∀ (f : R.complex.X (n + 1) ⟶ Y),
      CategoryTheory.CategoryStruct.comp (R.complex.d (n + 2) (n + 1)) f = 0 →
        ∃ g, CategoryTheory.CategoryStruct.comp (R.complex.d (n + 1) n) g = f
@ResolutionExt.ext_vanishing_iff : ∀ {C : Type u_3} [inst : CategoryTheory.Category.{u_2, u_3} C]
  [inst_1 : CategoryTheory.Abelian C] [inst_2 : CategoryTheory.HasExt C] {X Y : C}
  (R : CategoryTheory.ProjectiveResolution X),
  (∀ (n : ℕ), Subsingleton (CategoryTheory.Abelian.Ext X Y n)) ↔
    (Function.Injective fun f => CategoryTheory.CategoryStruct.comp (R.complex.d 1 0) f) ∧
      ∀ (n : ℕ) (f : R.complex.X (n + 1) ⟶ Y),
        CategoryTheory.CategoryStruct.comp (R.complex.d (n + 2) (n + 1)) f = 0 →
          ∃ g, CategoryTheory.CategoryStruct.comp (R.complex.d (n + 1) n) g = f
@ModuleResolution.projectiveResolution : {R : Type u_1} →
  [inst : Ring R] →
    (P : ℕ → ModuleCat R) →
      (d : (n : ℕ) → ↑(P (n + 1)) →ₗ[R] ↑(P n)) →
        (∀ (n : ℕ), (d (n + 1)).range = (d n).ker) →
          {E : ModuleCat R} →
            (ε : ↑(P 0) →ₗ[R] ↑E) →
              (d 0).range = ε.ker →
                Function.Surjective ⇑ε → [∀ (n : ℕ), Module.Projective R ↑(P n)] → CategoryTheory.ProjectiveResolution E
@ModuleResolution.ext_vanishing_iff : ∀ {R : Type u_1} [inst : Ring R] (P : ℕ → ModuleCat R)
  (d : (n : ℕ) → ↑(P (n + 1)) →ₗ[R] ↑(P n)) (N : ModuleCat R) [inst_1 : Small.{u_2, u_1} R]
  [∀ (n : ℕ), Module.Projective R ↑(P n)],
  (∀ (n : ℕ), (d (n + 1)).range = (d n).ker) →
    ∀ {E : ModuleCat R} (ε : ↑(P 0) →ₗ[R] ↑E),
      (d 0).range = ε.ker →
        Function.Surjective ⇑ε →
          ((∀ (n : ℕ), Subsingleton (CategoryTheory.Abelian.Ext E N n)) ↔
            Function.Injective ⇑(ModuleResolution.homDifferential P d N 0) ∧
              ∀ (n : ℕ),
                (ModuleResolution.homDifferential P d N n).range = (ModuleResolution.homDifferential P d N (n + 1)).ker)
@StrongNakayama.homRightDualEquiv : {A : Type u_1} →
  [inst : Ring A] → (P : ℕ → ModuleCat Aᵐᵒᵖ) → (n : ℕ) → (P n ⟶ ModuleCat.of Aᵐᵒᵖ A) ≃+ RingDual.RightDual A ↑(P n)
@StrongNakayama.homDifferential_eq_dualDifferential : ∀ {A : Type u_1} [inst : Ring A] (P : ℕ → ModuleCat Aᵐᵒᵖ)
  (d : (n : ℕ) → ↑(P (n + 1)) →ₗ[Aᵐᵒᵖ] ↑(P n)) (n : ℕ),
  ModuleResolution.homDifferential P d (ModuleCat.of Aᵐᵒᵖ A) n = (StrongNakayama.dualDifferential P d n).toAddMonoidHom
@StrongNakayama.ext_vanishing_iff_dual_exact : ∀ {A : Type u_1} [inst : Ring A] (P : ℕ → ModuleCat Aᵐᵒᵖ)
  (d : (n : ℕ) → ↑(P (n + 1)) →ₗ[Aᵐᵒᵖ] ↑(P n)) [∀ (n : ℕ), Module.Projective Aᵐᵒᵖ ↑(P n)],
  (∀ (n : ℕ), (d (n + 1)).range = (d n).ker) →
    ∀ {E : ModuleCat Aᵐᵒᵖ} (ε : ↑(P 0) →ₗ[Aᵐᵒᵖ] ↑E),
      (d 0).range = ε.ker →
        Function.Surjective ⇑ε →
          ((∀ (n : ℕ), Subsingleton (CategoryTheory.Abelian.Ext E (ModuleCat.of Aᵐᵒᵖ A) n)) ↔
            Function.Injective ⇑(StrongNakayama.dualDifferential P d 0) ∧
              ∀ (n : ℕ),
                (StrongNakayama.dualDifferential P d n).range = (StrongNakayama.dualDifferential P d (n + 1)).ker)
@StrongNakayama.projectiveDimension_eq_of_ext : ∀ {A : Type u_1} [inst : Ring A] (P : ℕ → ModuleCat Aᵐᵒᵖ)
  (d : (n : ℕ) → ↑(P (n + 1)) →ₗ[Aᵐᵒᵖ] ↑(P n)) [∀ (n : ℕ), Module.Projective Aᵐᵒᵖ ↑(P n)],
  (∀ (n : ℕ), (d (n + 1)).range = (d n).ker) →
    ∀ {E : ModuleCat Aᵐᵒᵖ} (ε : ↑(P 0) →ₗ[Aᵐᵒᵖ] ↑E),
      (d 0).range = ε.ker →
        Function.Surjective ⇑ε →
          ∀ [∀ (n : ℕ), Module.Finite Aᵐᵒᵖ ↑(P n)] [Nontrivial ↑E],
            (∀ (n : ℕ), Subsingleton (CategoryTheory.Abelian.Ext E (ModuleCat.of Aᵐᵒᵖ A) n)) →
              ∀ (n : ℕ),
                1 ≤ n →
                  Module.Finite A ↑(StrongNakayama.cok P d n) ∧
                    CategoryTheory.HasProjectiveDimensionLE (StrongNakayama.cok P d n) n ∧
                      ¬CategoryTheory.HasProjectiveDimensionLT (StrongNakayama.cok P d n) n
@StrongNakayama.unbounded_of_ext : ∀ {A : Type u_1} [inst : Ring A] (P : ℕ → ModuleCat Aᵐᵒᵖ)
  (d : (n : ℕ) → ↑(P (n + 1)) →ₗ[Aᵐᵒᵖ] ↑(P n)) [∀ (n : ℕ), Module.Projective Aᵐᵒᵖ ↑(P n)],
  (∀ (n : ℕ), (d (n + 1)).range = (d n).ker) →
    ∀ {E : ModuleCat Aᵐᵒᵖ} (ε : ↑(P 0) →ₗ[Aᵐᵒᵖ] ↑E),
      (d 0).range = ε.ker →
        Function.Surjective ⇑ε →
          ∀ [∀ (n : ℕ), Module.Finite Aᵐᵒᵖ ↑(P n)] [Nontrivial ↑E],
            (∀ (n : ℕ), Subsingleton (CategoryTheory.Abelian.Ext E (ModuleCat.of Aᵐᵒᵖ A) n)) →
              ∀ (n : ℕ),
                1 ≤ n →
                  ∃ M,
                    Module.Finite A ↑M ∧
                      CategoryTheory.HasProjectiveDimensionLE M n ∧ ¬CategoryTheory.HasProjectiveDimensionLT M n
@Transpose.presentedModule : {A : Type u_1} →
  [inst : Ring A] → {Q₁ Q₀ : ModuleCat Aᵐᵒᵖ} → (↑Q₁ →ₗ[Aᵐᵒᵖ] ↑Q₀) → ModuleCat Aᵐᵒᵖ
@Transpose.ofPresentation : {A : Type u_1} →
  [inst : Ring A] → {Q₁ Q₀ : ModuleCat Aᵐᵒᵖ} → (↑Q₁ →ₗ[Aᵐᵒᵖ] ↑Q₀) → ModuleCat A
@Transpose.cok_eq_transpose : ∀ {A : Type u_1} [inst : Ring A] (P : ℕ → ModuleCat Aᵐᵒᵖ)
  (d : (n : ℕ) → ↑(P (n + 1)) →ₗ[Aᵐᵒᵖ] ↑(P n)) (n : ℕ), StrongNakayama.cok P d (n + 1) = Transpose.ofPresentation (d n)
@Transpose.syzygy : {A : Type u_1} →
  [inst : Ring A] →
    (P : ℕ → ModuleCat Aᵐᵒᵖ) →
      ((n : ℕ) → ↑(P (n + 1)) →ₗ[Aᵐᵒᵖ] ↑(P n)) → (E : ModuleCat Aᵐᵒᵖ) → (↑(P 0) →ₗ[Aᵐᵒᵖ] ↑E) → ℕ → ModuleCat Aᵐᵒᵖ
@Transpose.presentationCokernelEquivSyzygy : {A : Type u_1} →
  [inst : Ring A] →
    (P : ℕ → ModuleCat Aᵐᵒᵖ) →
      (d : (n : ℕ) → ↑(P (n + 1)) →ₗ[Aᵐᵒᵖ] ↑(P n)) →
        (E : ModuleCat Aᵐᵒᵖ) →
          (ε : ↑(P 0) →ₗ[Aᵐᵒᵖ] ↑E) →
            Function.Surjective ⇑ε →
              (d 0).range = ε.ker →
                (∀ (n : ℕ), (d (n + 1)).range = (d n).ker) →
                  (n : ℕ) → ↑(Transpose.presentedModule (d n)) ≃ₗ[Aᵐᵒᵖ] ↑(Transpose.syzygy P d E ε n)
@Transpose.presentationCokernelIsoSyzygy : {A : Type u_1} →
  [inst : Ring A] →
    (P : ℕ → ModuleCat Aᵐᵒᵖ) →
      (d : (n : ℕ) → ↑(P (n + 1)) →ₗ[Aᵐᵒᵖ] ↑(P n)) →
        (E : ModuleCat Aᵐᵒᵖ) →
          (ε : ↑(P 0) →ₗ[Aᵐᵒᵖ] ↑E) →
            Function.Surjective ⇑ε →
              (d 0).range = ε.ker →
                (∀ (n : ℕ), (d (n + 1)).range = (d n).ker) →
                  (n : ℕ) → Transpose.presentedModule (d n) ≅ Transpose.syzygy P d E ε n
'FindimCounterexample.ResolutionExt.ext_zero_iff_injective' depends on axioms: [propext, Classical.choice, Quot.sound]
'FindimCounterexample.ResolutionExt.ext_succ_iff_cocycles_boundaries' depends on axioms: [propext,
 Classical.choice,
 Quot.sound]
'FindimCounterexample.ResolutionExt.ext_vanishing_iff' depends on axioms: [propext, Classical.choice, Quot.sound]
'FindimCounterexample.ModuleResolution.projectiveResolution' depends on axioms: [propext, Classical.choice, Quot.sound]
'FindimCounterexample.ModuleResolution.ext_vanishing_iff' depends on axioms: [propext, Classical.choice, Quot.sound]
'FindimCounterexample.StrongNakayama.homRightDualEquiv' depends on axioms: [propext, Quot.sound]
'FindimCounterexample.StrongNakayama.homDifferential_eq_dualDifferential' depends on axioms: [propext, Quot.sound]
'FindimCounterexample.StrongNakayama.ext_vanishing_iff_dual_exact' depends on axioms: [propext,
 Classical.choice,
 Quot.sound]
'FindimCounterexample.StrongNakayama.projectiveDimension_eq_of_ext' depends on axioms: [propext,
 Classical.choice,
 Quot.sound]
'FindimCounterexample.StrongNakayama.unbounded_of_ext' depends on axioms: [propext, Classical.choice, Quot.sound]
'FindimCounterexample.Transpose.presentedModule' depends on axioms: [propext, Classical.choice, Quot.sound]
'FindimCounterexample.Transpose.ofPresentation' depends on axioms: [propext, Classical.choice, Quot.sound]
'FindimCounterexample.Transpose.cok_eq_transpose' depends on axioms: [propext, Classical.choice, Quot.sound]
'FindimCounterexample.Transpose.syzygy' depends on axioms: [propext, Quot.sound]
'FindimCounterexample.Transpose.presentationCokernelEquivSyzygy' depends on axioms: [propext,
 Classical.choice,
 Quot.sound]
'FindimCounterexample.Transpose.presentationCokernelIsoSyzygy' depends on axioms: [propext,
 Classical.choice,
 Quot.sound]
@Stage3cFractions.exists_common_denominator_finset : ∀ {C : Type u_4} {D : Type u_5}
  [inst : CategoryTheory.Category.{u_2, u_4} C] [inst_1 : CategoryTheory.Category.{u_3, u_5} D]
  (L : CategoryTheory.Functor C D) (W : CategoryTheory.MorphismProperty C) [L.IsLocalization W]
  [W.HasRightCalculusOfFractions] {ι : Type u_1} (s : Finset ι) {X : C} {Y : ι → C}
  (γ : (i : ι) → L.obj X ⟶ L.obj (Y i)),
  ∃ X' u, W u ∧ ∀ i ∈ s, ∃ f, CategoryTheory.CategoryStruct.comp (L.map u) (γ i) = L.map f
@Stage3cFractions.exists_common_denominator : ∀ {C : Type u_4} {D : Type u_5}
  [inst : CategoryTheory.Category.{u_2, u_4} C] [inst_1 : CategoryTheory.Category.{u_3, u_5} D]
  (L : CategoryTheory.Functor C D) (W : CategoryTheory.MorphismProperty C) [inst_2 : L.IsLocalization W]
  [W.HasRightCalculusOfFractions] {ι : Type u_1} [Finite ι] {X : C} {Y : ι → C} (γ : (i : ι) → L.obj X ⟶ L.obj (Y i)),
  ∃ X' u,
    ∃ (hu : W u),
      ∃ f,
        ∀ (i : ι),
          γ i = CategoryTheory.CategoryStruct.comp (CategoryTheory.Localization.isoOfHom L W u hu).inv (L.map (f i))
@Stage3cFractions.exists_equalising_denominator_finset : ∀ {C : Type u_4} {D : Type u_5}
  [inst : CategoryTheory.Category.{u_2, u_4} C] [inst_1 : CategoryTheory.Category.{u_3, u_5} D]
  (L : CategoryTheory.Functor C D) (W : CategoryTheory.MorphismProperty C) [L.IsLocalization W]
  [W.HasRightCalculusOfFractions] {ι : Type u_1} (s : Finset ι) {X : C} {Y : ι → C} (f g : (i : ι) → X ⟶ Y i),
  (∀ i ∈ s, L.map (f i) = L.map (g i)) →
    ∃ X' u, W u ∧ ∀ i ∈ s, CategoryTheory.CategoryStruct.comp u (f i) = CategoryTheory.CategoryStruct.comp u (g i)
@Stage3cFractions.exists_equalising_denominator : ∀ {C : Type u_4} {D : Type u_5}
  [inst : CategoryTheory.Category.{u_2, u_4} C] [inst_1 : CategoryTheory.Category.{u_3, u_5} D]
  (L : CategoryTheory.Functor C D) (W : CategoryTheory.MorphismProperty C) [L.IsLocalization W]
  [W.HasRightCalculusOfFractions] {ι : Type u_1} [Finite ι] {X : C} {Y : ι → C} (f g : (i : ι) → X ⟶ Y i),
  (∀ (i : ι), L.map (f i) = L.map (g i)) →
    ∃ X' u, W u ∧ ∀ (i : ι), CategoryTheory.CategoryStruct.comp u (f i) = CategoryTheory.CategoryStruct.comp u (g i)
@Stage3cFractions.exists_annihilating_denominator : ∀ {C : Type u_4} {D : Type u_5}
  [inst : CategoryTheory.Category.{u_2, u_4} C] [inst_1 : CategoryTheory.Category.{u_3, u_5} D]
  (L : CategoryTheory.Functor C D) (W : CategoryTheory.MorphismProperty C) [L.IsLocalization W]
  [W.HasRightCalculusOfFractions] [inst_4 : CategoryTheory.Preadditive C] [inst_5 : CategoryTheory.Preadditive D]
  [L.Additive] {ι : Type u_1} [Finite ι] {X : C} {Y : ι → C} (g : (i : ι) → X ⟶ Y i),
  (∀ (i : ι), L.map (g i) = 0) → ∃ X' u, W u ∧ ∀ (i : ι), CategoryTheory.CategoryStruct.comp u (g i) = 0
'FindimCounterexample.Stage3cFractions.exists_common_denominator_finset' depends on axioms: [propext,
 Classical.choice,
 Quot.sound]
'FindimCounterexample.Stage3cFractions.exists_common_denominator' depends on axioms: [propext,
 Classical.choice,
 Quot.sound]
'FindimCounterexample.Stage3cFractions.exists_equalising_denominator_finset' depends on axioms: [propext,
 Classical.choice,
 Quot.sound]
'FindimCounterexample.Stage3cFractions.exists_equalising_denominator' depends on axioms: [propext,
 Classical.choice,
 Quot.sound]
'FindimCounterexample.Stage3cFractions.exists_annihilating_denominator' depends on axioms: [propext,
 Classical.choice,
 Quot.sound]
@Stage3cKaroubi.shift : {C : Type u_2} →
  [inst : CategoryTheory.Category.{u_1, u_2} C] →
    [CategoryTheory.HasShift C ℤ] →
      ℤ → CategoryTheory.Functor (CategoryTheory.Idempotents.Karoubi C) (CategoryTheory.Idempotents.Karoubi C)
@Stage3cKaroubi.karoubi_hasBinaryBiproducts : ∀ {C : Type u_2} [inst : CategoryTheory.Category.{u_1, u_2} C]
  [inst_1 : CategoryTheory.Preadditive C] [CategoryTheory.Limits.HasFiniteBiproducts C],
  CategoryTheory.Limits.HasBinaryBiproducts (CategoryTheory.Idempotents.Karoubi C)
@Stage3cKaroubi.shift_additive : ∀ {C : Type u_2} [inst : CategoryTheory.Category.{u_1, u_2} C]
  [inst_1 : CategoryTheory.HasShift C ℤ] [inst_2 : CategoryTheory.Preadditive C] (n : ℤ)
  [(CategoryTheory.shiftFunctor C n).Additive], (Stage3cKaroubi.shift n).Additive
@Stage3cKaroubi.shift_obj_X : ∀ {C : Type u_2} [inst : CategoryTheory.Category.{u_1, u_2} C]
  [inst_1 : CategoryTheory.HasShift C ℤ] (n : ℤ) (P : CategoryTheory.Idempotents.Karoubi C),
  ((Stage3cKaroubi.shift n).obj P).X = (CategoryTheory.shiftFunctor C n).obj P.X
@Stage3cKaroubi.shift_obj_p : ∀ {C : Type u_2} [inst : CategoryTheory.Category.{u_1, u_2} C]
  [inst_1 : CategoryTheory.HasShift C ℤ] (n : ℤ) (P : CategoryTheory.Idempotents.Karoubi C),
  ((Stage3cKaroubi.shift n).obj P).p = (CategoryTheory.shiftFunctor C n).map P.p
@Stage3cKaroubi.shift_map_f : ∀ {C : Type u_2} [inst : CategoryTheory.Category.{u_1, u_2} C]
  [inst_1 : CategoryTheory.HasShift C ℤ] (n : ℤ) {P Q : CategoryTheory.Idempotents.Karoubi C} (f : P ⟶ Q),
  ((Stage3cKaroubi.shift n).map f).f = (CategoryTheory.shiftFunctor C n).map f.f
@Stage3cKaroubi.shiftToKaroubiIso : {C : Type u_2} →
  [inst : CategoryTheory.Category.{u_1, u_2} C] →
    [inst_1 : CategoryTheory.HasShift C ℤ] →
      (n : ℤ) →
        (X : C) →
          (CategoryTheory.Idempotents.toKaroubi C).obj ((CategoryTheory.shiftFunctor C n).obj X) ≅
            (Stage3cKaroubi.shift n).obj ((CategoryTheory.Idempotents.toKaroubi C).obj X)
@Stage3cKaroubi.shiftToKaroubiIso_hom_f : ∀ {C : Type u_2} [inst : CategoryTheory.Category.{u_1, u_2} C]
  [inst_1 : CategoryTheory.HasShift C ℤ] (n : ℤ) (X : C),
  (Stage3cKaroubi.shiftToKaroubiIso n X).hom.f =
    CategoryTheory.CategoryStruct.id ((CategoryTheory.shiftFunctor C n).obj X)
@Stage3cKaroubi.shiftToKaroubiIso_inv_f : ∀ {C : Type u_2} [inst : CategoryTheory.Category.{u_1, u_2} C]
  [inst_1 : CategoryTheory.HasShift C ℤ] (n : ℤ) (X : C),
  (Stage3cKaroubi.shiftToKaroubiIso n X).inv.f =
    CategoryTheory.CategoryStruct.id ((CategoryTheory.shiftFunctor C n).obj X)
@Stage3cKaroubi.shiftToKaroubiIso_naturality : ∀ {C : Type u_2} [inst : CategoryTheory.Category.{u_1, u_2} C]
  [inst_1 : CategoryTheory.HasShift C ℤ] (n : ℤ) {X Y : C} (f : X ⟶ Y),
  CategoryTheory.CategoryStruct.comp
      ((CategoryTheory.Idempotents.toKaroubi C).map ((CategoryTheory.shiftFunctor C n).map f))
      (Stage3cKaroubi.shiftToKaroubiIso n Y).hom =
    CategoryTheory.CategoryStruct.comp (Stage3cKaroubi.shiftToKaroubiIso n X).hom
      ((Stage3cKaroubi.shift n).map ((CategoryTheory.Idempotents.toKaroubi C).map f))
@Stage3cKaroubi.shiftToKaroubiIso_inv_naturality : ∀ {C : Type u_2} [inst : CategoryTheory.Category.{u_1, u_2} C]
  [inst_1 : CategoryTheory.HasShift C ℤ] (n : ℤ) {X Y : C} (f : X ⟶ Y),
  CategoryTheory.CategoryStruct.comp (Stage3cKaroubi.shiftToKaroubiIso n X).inv
      ((CategoryTheory.Idempotents.toKaroubi C).map ((CategoryTheory.shiftFunctor C n).map f)) =
    CategoryTheory.CategoryStruct.comp ((Stage3cKaroubi.shift n).map ((CategoryTheory.Idempotents.toKaroubi C).map f))
      (Stage3cKaroubi.shiftToKaroubiIso n Y).inv
@Stage3cKaroubi.shiftAddIso : {C : Type u_2} →
  [inst : CategoryTheory.Category.{u_1, u_2} C] →
    [inst_1 : CategoryTheory.HasShift C ℤ] →
      (m n : ℤ) →
        (P : CategoryTheory.Idempotents.Karoubi C) →
          (Stage3cKaroubi.shift n).obj ((Stage3cKaroubi.shift m).obj P) ≅ (Stage3cKaroubi.shift (m + n)).obj P
@Stage3cKaroubi.lift_exact : ∀ {C : Type u_2} [inst : CategoryTheory.Category.{u_1, u_2} C]
  [inst_1 : CategoryTheory.Preadditive C] {X Y Z : C} (f : X ⟶ Y) (g : Y ⟶ Z),
  (∀ (W : C) (a : W ⟶ Y),
      CategoryTheory.CategoryStruct.comp a g = 0 → ∃ b, a = CategoryTheory.CategoryStruct.comp b f) →
    ∀ {P : CategoryTheory.Idempotents.Karoubi C} (a : P ⟶ (CategoryTheory.Idempotents.toKaroubi C).obj Y),
      CategoryTheory.CategoryStruct.comp a ((CategoryTheory.Idempotents.toKaroubi C).map g) = 0 →
        ∃ b, a = CategoryTheory.CategoryStruct.comp b ((CategoryTheory.Idempotents.toKaroubi C).map f)
@Stage3cKaroubi.coyoneda_exact₂ : ∀ {C : Type u_2} [inst : CategoryTheory.Category.{u_1, u_2} C]
  [inst_1 : CategoryTheory.Preadditive C] [inst_2 : CategoryTheory.Limits.HasZeroObject C]
  [inst_3 : CategoryTheory.HasShift C ℤ] [inst_4 : ∀ (n : ℤ), (CategoryTheory.shiftFunctor C n).Additive]
  [inst_5 : CategoryTheory.Pretriangulated C],
  ∀ T ∈ CategoryTheory.Pretriangulated.distinguishedTriangles,
    ∀ {P : CategoryTheory.Idempotents.Karoubi C} (a : P ⟶ (CategoryTheory.Idempotents.toKaroubi C).obj T.obj₂),
      CategoryTheory.CategoryStruct.comp a ((CategoryTheory.Idempotents.toKaroubi C).map T.mor₂) = 0 →
        ∃ b, a = CategoryTheory.CategoryStruct.comp b ((CategoryTheory.Idempotents.toKaroubi C).map T.mor₁)
@Stage3cKaroubi.coyoneda_exact₃ : ∀ {C : Type u_2} [inst : CategoryTheory.Category.{u_1, u_2} C]
  [inst_1 : CategoryTheory.Preadditive C] [inst_2 : CategoryTheory.Limits.HasZeroObject C]
  [inst_3 : CategoryTheory.HasShift C ℤ] [inst_4 : ∀ (n : ℤ), (CategoryTheory.shiftFunctor C n).Additive]
  [inst_5 : CategoryTheory.Pretriangulated C],
  ∀ T ∈ CategoryTheory.Pretriangulated.distinguishedTriangles,
    ∀ {P : CategoryTheory.Idempotents.Karoubi C} (a : P ⟶ (CategoryTheory.Idempotents.toKaroubi C).obj T.obj₃),
      CategoryTheory.CategoryStruct.comp a ((CategoryTheory.Idempotents.toKaroubi C).map T.mor₃) = 0 →
        ∃ b, a = CategoryTheory.CategoryStruct.comp b ((CategoryTheory.Idempotents.toKaroubi C).map T.mor₂)
@Stage3cKaroubi.coyoneda_exact₁ : ∀ {C : Type u_2} [inst : CategoryTheory.Category.{u_1, u_2} C]
  [inst_1 : CategoryTheory.Preadditive C] [inst_2 : CategoryTheory.Limits.HasZeroObject C]
  [inst_3 : CategoryTheory.HasShift C ℤ] [inst_4 : ∀ (n : ℤ), (CategoryTheory.shiftFunctor C n).Additive]
  [inst_5 : CategoryTheory.Pretriangulated C],
  ∀ T ∈ CategoryTheory.Pretriangulated.distinguishedTriangles,
    ∀ {P : CategoryTheory.Idempotents.Karoubi C}
      (a : P ⟶ (CategoryTheory.Idempotents.toKaroubi C).obj ((CategoryTheory.shiftFunctor C 1).obj T.obj₁)),
      CategoryTheory.CategoryStruct.comp a
            ((CategoryTheory.Idempotents.toKaroubi C).map ((CategoryTheory.shiftFunctor C 1).map T.mor₁)) =
          0 →
        ∃ b, a = CategoryTheory.CategoryStruct.comp b ((CategoryTheory.Idempotents.toKaroubi C).map T.mor₃)
@Stage3cConeSplitting.nonempty_iso_of_hom_exact : ∀ {D : Type u_2} [inst : CategoryTheory.Category.{u_1, u_2} D]
  [inst_1 : CategoryTheory.Preadditive D] {A X B : D} [inst_2 : CategoryTheory.Limits.HasBinaryBiproduct A B]
  (a : A ⟶ X) (b : X ⟶ B),
  CategoryTheory.CategoryStruct.comp a b = 0 →
    (∀ (Z : D) (g : Z ⟶ A), CategoryTheory.CategoryStruct.comp g a = 0 → g = 0) →
      (∀ (Z : D) (g : Z ⟶ X),
          CategoryTheory.CategoryStruct.comp g b = 0 → ∃ h, g = CategoryTheory.CategoryStruct.comp h a) →
        (∀ (Z : D) (g : Z ⟶ B), ∃ h, g = CategoryTheory.CategoryStruct.comp h b) → Nonempty (X ≅ A ⊞ B)
@Stage3cConeSplitting.nonempty_iso_of_complementary_retracts : ∀ {D : Type u_2}
  [inst : CategoryTheory.Category.{u_1, u_2} D] [inst_1 : CategoryTheory.Preadditive D] {X₁ X₂ X₃ X₄ X₅ A B : D}
  [inst_2 : CategoryTheory.Limits.HasBinaryBiproduct B A] (f : X₁ ⟶ X₂) (j : X₂ ⟶ X₃) (v : X₃ ⟶ X₄) (w : X₄ ⟶ X₅),
  CategoryTheory.CategoryStruct.comp j v = 0 →
    (∀ (Z : D) (g : Z ⟶ X₂),
        CategoryTheory.CategoryStruct.comp g j = 0 → ∃ h, g = CategoryTheory.CategoryStruct.comp h f) →
      (∀ (Z : D) (g : Z ⟶ X₃),
          CategoryTheory.CategoryStruct.comp g v = 0 → ∃ h, g = CategoryTheory.CategoryStruct.comp h j) →
        (∀ (Z : D) (g : Z ⟶ X₄),
            CategoryTheory.CategoryStruct.comp g w = 0 → ∃ h, g = CategoryTheory.CategoryStruct.comp h v) →
          ∀ (iB : B ⟶ X₂) (pB : X₂ ⟶ B) (iA : A ⟶ X₄) (pA : X₄ ⟶ A),
            CategoryTheory.CategoryStruct.comp iB pB = CategoryTheory.CategoryStruct.id B →
              CategoryTheory.CategoryStruct.comp f pB = 0 →
                CategoryTheory.CategoryStruct.comp pB (CategoryTheory.CategoryStruct.comp iB j) = j →
                  CategoryTheory.CategoryStruct.comp iA pA = CategoryTheory.CategoryStruct.id A →
                    CategoryTheory.CategoryStruct.comp iA w = 0 →
                      CategoryTheory.CategoryStruct.comp v (CategoryTheory.CategoryStruct.comp pA iA) = v →
                        Nonempty (X₃ ≅ B ⊞ A)
@Stage3cConeSplitting.coneSplittingIso : {C : Type u_2} →
  [inst : CategoryTheory.Category.{u_1, u_2} C] →
    [inst_1 : CategoryTheory.Preadditive C] →
      [inst_2 : CategoryTheory.Limits.HasZeroObject C] →
        [inst_3 : CategoryTheory.HasShift C ℤ] →
          [inst_4 : ∀ (n : ℤ), (CategoryTheory.shiftFunctor C n).Additive] →
            [inst_5 : CategoryTheory.Pretriangulated C] →
              (T : CategoryTheory.Pretriangulated.Triangle C) →
                T ∈ CategoryTheory.Pretriangulated.distinguishedTriangles →
                  {I A B : CategoryTheory.Idempotents.Karoubi C} →
                    (e1 : (CategoryTheory.Idempotents.toKaroubi C).obj T.obj₁ ≅ I ⊞ A) →
                      (e2 : (CategoryTheory.Idempotents.toKaroubi C).obj T.obj₂ ≅ I ⊞ B) →
                        CategoryTheory.CategoryStruct.comp e1.inv
                              (CategoryTheory.CategoryStruct.comp ((CategoryTheory.Idempotents.toKaroubi C).map T.mor₁)
                                e2.hom) =
                            CategoryTheory.CategoryStruct.comp CategoryTheory.Limits.biprod.fst
                              CategoryTheory.Limits.biprod.inl →
                          ((CategoryTheory.Idempotents.toKaroubi C).obj T.obj₃ ≅ B ⊞ (Stage3cKaroubi.shift 1).obj A)
'FindimCounterexample.Stage3cKaroubi.shift' depends on axioms: [propext, Classical.choice, Quot.sound]
'FindimCounterexample.Stage3cKaroubi.karoubi_hasBinaryBiproducts' depends on axioms: [propext,
 Classical.choice,
 Quot.sound]
'FindimCounterexample.Stage3cKaroubi.shift_additive' depends on axioms: [propext, Classical.choice, Quot.sound]
'FindimCounterexample.Stage3cKaroubi.shift_obj_X' depends on axioms: [propext, Classical.choice, Quot.sound]
'FindimCounterexample.Stage3cKaroubi.shift_obj_p' depends on axioms: [propext, Classical.choice, Quot.sound]
'FindimCounterexample.Stage3cKaroubi.shift_map_f' depends on axioms: [propext, Classical.choice, Quot.sound]
'FindimCounterexample.Stage3cKaroubi.shiftToKaroubiIso' depends on axioms: [propext, Classical.choice, Quot.sound]
'FindimCounterexample.Stage3cKaroubi.shiftToKaroubiIso_hom_f' depends on axioms: [propext, Classical.choice, Quot.sound]
'FindimCounterexample.Stage3cKaroubi.shiftToKaroubiIso_inv_f' depends on axioms: [propext, Classical.choice, Quot.sound]
'FindimCounterexample.Stage3cKaroubi.shiftToKaroubiIso_naturality' depends on axioms: [propext,
 Classical.choice,
 Quot.sound]
'FindimCounterexample.Stage3cKaroubi.shiftToKaroubiIso_inv_naturality' depends on axioms: [propext,
 Classical.choice,
 Quot.sound]
'FindimCounterexample.Stage3cKaroubi.shiftAddIso' depends on axioms: [propext, Classical.choice, Quot.sound]
'FindimCounterexample.Stage3cKaroubi.lift_exact' depends on axioms: [propext, Quot.sound]
'FindimCounterexample.Stage3cKaroubi.coyoneda_exact₂' depends on axioms: [propext, Classical.choice, Quot.sound]
'FindimCounterexample.Stage3cKaroubi.coyoneda_exact₃' depends on axioms: [propext, Classical.choice, Quot.sound]
'FindimCounterexample.Stage3cKaroubi.coyoneda_exact₁' depends on axioms: [propext, Classical.choice, Quot.sound]
'FindimCounterexample.Stage3cConeSplitting.nonempty_iso_of_hom_exact' depends on axioms: [propext,
 Classical.choice,
 Quot.sound]
'FindimCounterexample.Stage3cConeSplitting.nonempty_iso_of_complementary_retracts' depends on axioms: [propext,
 Classical.choice,
 Quot.sound]
'FindimCounterexample.Stage3cConeSplitting.coneSplittingIso' depends on axioms: [propext, Classical.choice, Quot.sound]
@Stage3cOddDouble.complementDecomposition : {C : Type u_2} →
  [inst : CategoryTheory.Category.{u_1, u_2} C] →
    [inst_1 : CategoryTheory.Preadditive C] →
      [inst_2 : CategoryTheory.Limits.HasFiniteBiproducts C] →
        (U : CategoryTheory.Idempotents.Karoubi C) → (CategoryTheory.Idempotents.toKaroubi C).obj U.X ≅ U.complement ⊞ U
@Stage3cOddDouble.complement_matrix : ∀ {C : Type u_2} [inst : CategoryTheory.Category.{u_1, u_2} C]
  [inst_1 : CategoryTheory.Preadditive C] [inst_2 : CategoryTheory.Limits.HasFiniteBiproducts C]
  (U : CategoryTheory.Idempotents.Karoubi C),
  CategoryTheory.CategoryStruct.comp (Stage3cOddDouble.complementDecomposition U).inv
      (CategoryTheory.CategoryStruct.comp
        ((CategoryTheory.Idempotents.toKaroubi C).map (CategoryTheory.CategoryStruct.id U.X - U.p))
        (Stage3cOddDouble.complementDecomposition U).hom) =
    CategoryTheory.CategoryStruct.comp CategoryTheory.Limits.biprod.fst CategoryTheory.Limits.biprod.inl
@Stage3cOddDouble.firstDouble : {C : Type u_2} →
  [inst : CategoryTheory.Category.{u_1, u_2} C] →
    [inst_1 : CategoryTheory.Preadditive C] →
      [inst_2 : CategoryTheory.Limits.HasZeroObject C] →
        [inst_3 : CategoryTheory.HasShift C ℤ] →
          [inst_4 : ∀ (n : ℤ), (CategoryTheory.shiftFunctor C n).Additive] →
            [inst_5 : CategoryTheory.Pretriangulated C] →
              (U : CategoryTheory.Idempotents.Karoubi C) →
                (X : C) × ((CategoryTheory.Idempotents.toKaroubi C).obj X ≅ U ⊞ (Stage3cKaroubi.shift 1).obj U)
@Stage3cOddDouble.shiftedDecomposition : {C : Type u_2} →
  [inst : CategoryTheory.Category.{u_1, u_2} C] →
    [inst_1 : CategoryTheory.Preadditive C] →
      [inst_2 : CategoryTheory.HasShift C ℤ] →
        [∀ (n : ℤ), (CategoryTheory.shiftFunctor C n).Additive] →
          [inst_4 : CategoryTheory.Limits.HasFiniteBiproducts C] →
            (U : CategoryTheory.Idempotents.Karoubi C) →
              {X : C} →
                ((CategoryTheory.Idempotents.toKaroubi C).obj X ≅ U ⊞ (Stage3cKaroubi.shift 1).obj U) →
                  ((CategoryTheory.Idempotents.toKaroubi C).obj ((CategoryTheory.shiftFunctor C 1).obj X) ≅
                    (Stage3cKaroubi.shift 1).obj U ⊞ (Stage3cKaroubi.shift 2).obj U)
@Stage3cOddDouble.thirdDouble : {C : Type u_2} →
  [inst : CategoryTheory.Category.{u_1, u_2} C] →
    [inst_1 : CategoryTheory.Preadditive C] →
      [inst_2 : CategoryTheory.Limits.HasZeroObject C] →
        [inst_3 : CategoryTheory.HasShift C ℤ] →
          [inst_4 : ∀ (n : ℤ), (CategoryTheory.shiftFunctor C n).Additive] →
            [inst_5 : CategoryTheory.Pretriangulated C] →
              (U : CategoryTheory.Idempotents.Karoubi C) →
                (X : C) × ((CategoryTheory.Idempotents.toKaroubi C).obj X ≅ U ⊞ (Stage3cKaroubi.shift 3).obj U)
@Stage3cOddDouble.exists_odd_doubles : ∀ {C : Type u_2} [inst : CategoryTheory.Category.{u_1, u_2} C]
  [inst_1 : CategoryTheory.Preadditive C] [inst_2 : CategoryTheory.Limits.HasZeroObject C]
  [inst_3 : CategoryTheory.HasShift C ℤ] [inst_4 : ∀ (n : ℤ), (CategoryTheory.shiftFunctor C n).Additive]
  [inst_5 : CategoryTheory.Pretriangulated C] (U : CategoryTheory.Idempotents.Karoubi C),
  ∃ X V,
    Nonempty ((CategoryTheory.Idempotents.toKaroubi C).obj X ≅ U ⊞ (Stage3cKaroubi.shift 1).obj U) ∧
      Nonempty ((CategoryTheory.Idempotents.toKaroubi C).obj V ≅ U ⊞ (Stage3cKaroubi.shift 3).obj U)
'FindimCounterexample.Stage3cOddDouble.complementDecomposition' depends on axioms: [propext,
 Classical.choice,
 Quot.sound]
'FindimCounterexample.Stage3cOddDouble.complement_matrix' depends on axioms: [propext, Classical.choice, Quot.sound]
'FindimCounterexample.Stage3cOddDouble.firstDouble' depends on axioms: [propext, Classical.choice, Quot.sound]
'FindimCounterexample.Stage3cOddDouble.shiftedDecomposition' depends on axioms: [propext, Classical.choice, Quot.sound]
'FindimCounterexample.Stage3cOddDouble.thirdDouble' depends on axioms: [propext, Classical.choice, Quot.sound]
'FindimCounterexample.Stage3cOddDouble.exists_odd_doubles' depends on axioms: [propext, Classical.choice, Quot.sound]
