{"axioms":["propext","Quot.sound"],"declaration":"FindimCounterexample.RingDual.leftMap._proof_2","module":"FindimCounterexample.Duality","theorem":true}
{"axioms":[],"declaration":"FindimCounterexample.SelectionGroup.Root.noConfusionType","module":"FindimCounterexample.SelectionGroup","theorem":false}
{"axioms":[],"declaration":"FindimCounterexample.SelectionGroup.Root.w.sizeOf_spec","module":"FindimCounterexample.SelectionGroup","theorem":true}
{"axioms":["propext","Quot.sound"],"declaration":"FindimCounterexample.RingDual.coordinate._proof_1","module":"FindimCounterexample.Duality","theorem":true}
{"axioms":["propext","Quot.sound"],"declaration":"FindimCounterexample.RingDual.rightMap._proof_2","module":"FindimCounterexample.Duality","theorem":true}
{"axioms":["propext","Classical.choice","Quot.sound"],"declaration":"FindimCounterexample.ProjectiveCoresolution.π","module":"FindimCounterexample.Coresolution","theorem":false}
{"axioms":["propext","Classical.choice","Quot.sound"],"declaration":"FindimCounterexample.SelectionGroup.v_commute_z","module":"FindimCounterexample.SelectionCentral","theorem":true}
{"axioms":[],"declaration":"FindimCounterexample.SelectionGroup.instDecidableEqRoot.decEq._proof_7","module":"FindimCounterexample.SelectionGroup","theorem":true}
{"axioms":[],"declaration":"FindimCounterexample.SelectionGroup.Generator.noConfusionType","module":"FindimCounterexample.SelectionGroup","theorem":false}
{"axioms":["propext","Quot.sound"],"declaration":"FindimCounterexample.Transpose.presentationCokernelEquivSyzygy._proof_4","module":"FindimCounterexample.Transpose","theorem":true}
{"axioms":["propext","Quot.sound"],"declaration":"FindimCounterexample.RingDual.eval._proof_3","module":"FindimCounterexample.Duality","theorem":true}
{"axioms":["propext","Classical.choice","Quot.sound"],"declaration":"FindimCounterexample.RingDual.evalEquiv","module":"FindimCounterexample.Duality","theorem":false}
{"axioms":["propext","Classical.choice","Quot.sound"],"declaration":"FindimCounterexample.SelectionGroup.wv_transfer","module":"FindimCounterexample.SelectionGroup","theorem":true}
{"axioms":["propext","Classical.choice","Quot.sound"],"declaration":"FindimCounterexample.Transpose.presentationCokernelEquivSyzygy._proof_8","module":"FindimCounterexample.Transpose","theorem":true}
{"axioms":["propext","Classical.choice","Quot.sound"],"declaration":"FindimCounterexample.RingDual.rightDual_projective","module":"FindimCounterexample.Duality","theorem":true}
{"axioms":["propext","Quot.sound"],"declaration":"FindimCounterexample.RingDual.eval._proof_4","module":"FindimCounterexample.Duality","theorem":true}
{"axioms":["propext","Classical.choice","Quot.sound"],"declaration":"FindimCounterexample.ProjectiveCoresolution.hasProjectiveDimensionLE","module":"FindimCounterexample.Coresolution","theorem":true}
{"axioms":[],"declaration":"FindimCounterexample.StrongNakayama.dualObjects._proof_1","module":"FindimCounterexample.StrongNakayama","theorem":true}
{"axioms":["propext","Classical.choice","Quot.sound"],"declaration":"FindimCounterexample.StrongNakayama.cok_finite","module":"FindimCounterexample.StrongNakayama","theorem":true}
{"axioms":[],"declaration":"FindimCounterexample.SelectionGroup.Pair","module":"FindimCounterexample.SelectionGroup","theorem":false}
{"axioms":["propext","Classical.choice","Quot.sound"],"declaration":"FindimCounterexample.ExactCoresolution.shortExact","module":"FindimCounterexample.ExactCoresolution","theorem":true}
{"axioms":[],"declaration":"FindimCounterexample.SelectionGroup.Generator.recOn","module":"FindimCounterexample.SelectionGroup","theorem":false}
{"axioms":["propext","Classical.choice","Quot.sound"],"declaration":"FindimCounterexample.SelectionGroup.S.eq_1","module":"FindimCounterexample.SelectionGroup","theorem":true}
{"axioms":["propext","Classical.choice","Quot.sound"],"declaration":"FindimCounterexample.SelectionGroup.beta._proof_1","module":"FindimCounterexample.SelectionShift","theorem":true}
{"axioms":["propext","Quot.sound"],"declaration":"FindimCounterexample.ModuleResolution.complex._proof_1","module":"FindimCounterexample.ModuleResolution","theorem":true}
{"axioms":["propext","Classical.choice","Quot.sound"],"declaration":"FindimCounterexample.ModuleResolution.augmentation_comp","module":"FindimCounterexample.ModuleResolution","theorem":true}
{"axioms":[],"declaration":"FindimCounterexample.SelectionGroup.instDecidableEqRoot.decEq._proof_12","module":"FindimCounterexample.SelectionGroup","theorem":true}
{"axioms":["propext","Classical.choice","Quot.sound"],"declaration":"FindimCounterexample.ProjectiveCoresolution.projectiveDimension_eq","module":"FindimCounterexample.Coresolution","theorem":true}
{"axioms":["propext","Quot.sound"],"declaration":"FindimCounterexample.StrongNakayama.homRightDualEquiv","module":"FindimCounterexample.StrongNakayamaExt","theorem":false}
{"axioms":["propext","Quot.sound"],"declaration":"FindimCounterexample.ModuleResolution.homDifferential","module":"FindimCounterexample.ModuleResolutionExt","theorem":false}
{"axioms":["propext"],"declaration":"FindimCounterexample.SelectionGroup.Root.v.injEq","module":"FindimCounterexample.SelectionGroup","theorem":true}
{"axioms":[],"declaration":"FindimCounterexample.SelectionGroup.generatorMap","module":"FindimCounterexample.SelectionGroup","theorem":false}
{"axioms":["propext"],"declaration":"FindimCounterexample.SelectionGroup.z._proof_1","module":"FindimCounterexample.SelectionCentral","theorem":true}
{"axioms":["propext","Classical.choice","Quot.sound"],"declaration":"FindimCounterexample.SelectionGroup.alpha","module":"FindimCounterexample.SelectionShift","theorem":false}
{"axioms":[],"declaration":"FindimCounterexample.SelectionGroup.instDecidableEqGenerator.decEq._proof_7","module":"FindimCounterexample.SelectionGroup","theorem":true}
{"axioms":[],"declaration":"FindimCounterexample.SelectionGroup.Generator.torus.sizeOf_spec","module":"FindimCounterexample.SelectionGroup","theorem":true}
{"axioms":["propext","Classical.choice","Quot.sound"],"declaration":"FindimCounterexample.SelectionGroup.beta","module":"FindimCounterexample.SelectionShift","theorem":false}
{"axioms":[],"declaration":"FindimCounterexample.SelectionGroup.instDecidableEqRoot.decEq._proof_10","module":"FindimCounterexample.SelectionGroup","theorem":true}
{"axioms":["propext","Quot.sound"],"declaration":"FindimCounterexample.RingDual.rightMap._proof_3","module":"FindimCounterexample.Duality","theorem":true}
{"axioms":["propext","Classical.choice","Quot.sound"],"declaration":"FindimCounterexample.ModuleResolution.projectiveResolution","module":"FindimCounterexample.ModuleResolution","theorem":false}
{"axioms":["propext","Classical.choice","Quot.sound"],"declaration":"FindimCounterexample.ProjectiveCoresolution.c","module":"FindimCounterexample.Coresolution","theorem":false}
{"axioms":["propext"],"declaration":"FindimCounterexample.SelectionCommutator.commutator_sq_eq_one","module":"FindimCounterexample.SelectionCommutator","theorem":true}
{"axioms":["propext","Classical.choice","Quot.sound"],"declaration":"_private.FindimCounterexample.SelectionGroup.0.FindimCounterexample.SelectionGroup.relator_eq_one","module":"FindimCounterexample.SelectionGroup","theorem":true}
{"axioms":["propext","Classical.choice","Quot.sound"],"declaration":"FindimCounterexample.ModuleResolution.augmentation.congr_simp","module":"FindimCounterexample.ModuleResolution","theorem":true}
{"axioms":["propext","Classical.choice","Quot.sound"],"declaration":"FindimCounterexample.ModuleResolution.projectiveResolution.eq_1","module":"FindimCounterexample.ModuleResolutionExt","theorem":true}
{"axioms":["propext","Classical.choice","Quot.sound"],"declaration":"FindimCounterexample.SelectionGroup.T.eq_1","module":"FindimCounterexample.SelectionGroup","theorem":true}
{"axioms":["propext","Classical.choice","Quot.sound"],"declaration":"FindimCounterexample.SelectionGroup.beta_T","module":"FindimCounterexample.SelectionShift","theorem":true}
{"axioms":["propext","Classical.choice","Quot.sound"],"declaration":"FindimCounterexample.SelectionGroup.torus_commute_z","module":"FindimCounterexample.SelectionCentral","theorem":true}
{"axioms":["propext"],"declaration":"FindimCounterexample.SelectionGroup.Root.u.injEq","module":"FindimCounterexample.SelectionGroup","theorem":true}
{"axioms":[],"declaration":"FindimCounterexample.SelectionGroup.Root.w","module":"FindimCounterexample.SelectionGroup","theorem":false}
{"axioms":["propext","Classical.choice","Quot.sound"],"declaration":"FindimCounterexample.SelectionGroup.commutator_convention","module":"FindimCounterexample.SelectionGroup","theorem":true}
{"axioms":["propext","Quot.sound"],"declaration":"FindimCounterexample.RingDual.eval_bijective_of_split","module":"FindimCounterexample.Duality","theorem":true}
{"axioms":["propext","Quot.sound"],"declaration":"FindimCounterexample.RingDual.leftMap","module":"FindimCounterexample.Duality","theorem":false}
{"axioms":["propext","Quot.sound"],"declaration":"FindimCounterexample.SelectionGroup.weight.eq_3","module":"FindimCounterexample.SelectionCentral","theorem":true}
{"axioms":["propext","Classical.choice","Quot.sound"],"declaration":"FindimCounterexample.ProjectiveCoresolution.mk.sizeOf_spec","module":"FindimCounterexample.Coresolution","theorem":true}
{"axioms":["propext"],"declaration":"FindimCounterexample.SelectionGroup.lift._simp_4","module":"FindimCounterexample.SelectionGroup","theorem":true}
{"axioms":[],"declaration":"FindimCounterexample.SelectionGroup.Generator.torus","module":"FindimCounterexample.SelectionGroup","theorem":false}
{"axioms":["propext","Classical.choice","Quot.sound"],"declaration":"FindimCounterexample.ModuleResolution.ext_vanishing_iff","module":"FindimCounterexample.ModuleResolutionExt","theorem":true}
{"axioms":["propext","Classical.choice","Quot.sound"],"declaration":"FindimCounterexample.ProjectiveCoresolution.rec","module":"FindimCounterexample.Coresolution","theorem":false}
{"axioms":["propext","Quot.sound"],"declaration":"FindimCounterexample.RingDual.rightMap._proof_4","module":"FindimCounterexample.Duality","theorem":true}
{"axioms":[],"declaration":"FindimCounterexample.SelectionGroup.Generator.torus.elim","module":"FindimCounterexample.SelectionGroup","theorem":false}
{"axioms":["propext","Classical.choice","Quot.sound"],"declaration":"FindimCounterexample.SelectionGroup.shiftHom_zero","module":"FindimCounterexample.SelectionShift","theorem":true}
{"axioms":[],"declaration":"FindimCounterexample.SelectionGroup.instDecidableEqRoot.decEq._proof_9","module":"FindimCounterexample.SelectionGroup","theorem":true}
{"axioms":[],"declaration":"FindimCounterexample.SelectionGroup.Root._sizeOf_inst","module":"FindimCounterexample.SelectionGroup","theorem":false}
{"axioms":[],"declaration":"_private.FindimCounterexample.SelectionShift.0.FindimCounterexample.SelectionGroup.shifted.match_1.eq_2","module":"FindimCounterexample.SelectionShift","theorem":true}
{"axioms":[],"declaration":"FindimCounterexample.SelectionGroup.instFintypeRoot.match_5","module":"FindimCounterexample.SelectionGroup","theorem":false}
{"axioms":["propext","Classical.choice","Quot.sound"],"declaration":"FindimCounterexample.Transpose.presentationCokernelIsoSyzygy","module":"FindimCounterexample.Transpose","theorem":false}
{"axioms":["propext","Classical.choice","Quot.sound"],"declaration":"_private.FindimCounterexample.SelectionCentral.0.FindimCounterexample.SelectionGroup.commutator_eq_of_ne","module":"FindimCounterexample.SelectionCentral","theorem":true}
{"axioms":["propext","Quot.sound"],"declaration":"FindimCounterexample.SelectionGroup.weight.eq_1","module":"FindimCounterexample.SelectionCentral","theorem":true}
{"axioms":[],"declaration":"FindimCounterexample.SelectionGroup.instDecidableEqRoot.decEq._proof_3","module":"FindimCounterexample.SelectionGroup","theorem":true}
{"axioms":[],"declaration":"FindimCounterexample.SelectionGroup.Root.ctorIdx","module":"FindimCounterexample.SelectionGroup","theorem":false}
{"axioms":["propext","Classical.choice","Quot.sound"],"declaration":"FindimCounterexample.ExactCoresolution.coresolution","module":"FindimCounterexample.ExactCoresolution","theorem":false}
{"axioms":[],"declaration":"FindimCounterexample.SelectionGroup.Generator.root.sizeOf_spec","module":"FindimCounterexample.SelectionGroup","theorem":true}
{"axioms":[],"declaration":"FindimCounterexample.SelectionGroup.Generator.ctorElim","module":"FindimCounterexample.SelectionGroup","theorem":false}
{"axioms":["propext","Quot.sound"],"declaration":"FindimCounterexample.RingDual.leftMap_apply","module":"FindimCounterexample.Duality","theorem":true}
{"axioms":["propext","Quot.sound"],"declaration":"FindimCounterexample.RingDual.eval","module":"FindimCounterexample.Duality","theorem":false}
{"axioms":["propext","Quot.sound"],"declaration":"FindimCounterexample.StrongNakayama.dualObjects","module":"FindimCounterexample.StrongNakayama","theorem":false}
{"axioms":[],"declaration":"FindimCounterexample.SelectionGroup.Root.ctorElim","module":"FindimCounterexample.SelectionGroup","theorem":false}
{"axioms":["propext","Classical.choice","Quot.sound"],"declaration":"FindimCounterexample.ModuleResolution.complex._proof_2","module":"FindimCounterexample.ModuleResolution","theorem":true}
{"axioms":[],"declaration":"FindimCounterexample.SelectionGroup.Generator.root","module":"FindimCounterexample.SelectionGroup","theorem":false}
{"axioms":["propext","Classical.choice","Quot.sound"],"declaration":"FindimCounterexample.ExactCoresolution.inclusion","module":"FindimCounterexample.ExactCoresolution","theorem":false}
{"axioms":[],"declaration":"FindimCounterexample.SelectionGroup.Root.recOn","module":"FindimCounterexample.SelectionGroup","theorem":false}
{"axioms":["propext","Classical.choice","Quot.sound"],"declaration":"FindimCounterexample.ProjectiveCoresolution.mk.injEq","module":"FindimCounterexample.Coresolution","theorem":true}
{"axioms":[],"declaration":"FindimCounterexample.SelectionGroup.instDecidableEqRoot.decEq._proof_5","module":"FindimCounterexample.SelectionGroup","theorem":true}
{"axioms":["propext","Classical.choice","Quot.sound"],"declaration":"FindimCounterexample.SelectionGroup.beta_V","module":"FindimCounterexample.SelectionShift","theorem":true}
{"axioms":["propext","Quot.sound"],"declaration":"FindimCounterexample.RingDual.eval._proof_5","module":"FindimCounterexample.Duality","theorem":true}
{"axioms":["propext","Classical.choice","Quot.sound"],"declaration":"FindimCounterexample.ProjectiveCoresolution.p","module":"FindimCounterexample.Coresolution","theorem":false}
{"axioms":["propext","Classical.choice","Quot.sound"],"declaration":"FindimCounterexample.SelectionGroup.shiftHom_comp","module":"FindimCounterexample.SelectionShift","theorem":true}
{"axioms":["propext","Classical.choice","Quot.sound"],"declaration":"FindimCounterexample.SelectionGroup.shiftHom._proof_6","module":"FindimCounterexample.SelectionShift","theorem":true}
{"axioms":[],"declaration":"FindimCounterexample.SelectionGroup.instDecidableEqGenerator","module":"FindimCounterexample.SelectionGroup","theorem":false}
{"axioms":["propext","Classical.choice","Quot.sound"],"declaration":"FindimCounterexample.ProjectiveCoresolution","module":"FindimCounterexample.Coresolution","theorem":false}
{"axioms":["propext","Classical.choice","Quot.sound"],"declaration":"FindimCounterexample.SelectionGroup.T","module":"FindimCounterexample.SelectionGroup","theorem":false}
{"axioms":["propext","Quot.sound"],"declaration":"FindimCounterexample.SelectionGroup.Relator.involution","module":"FindimCounterexample.SelectionGroup","theorem":false}
{"axioms":["propext","Quot.sound"],"declaration":"FindimCounterexample.ProjectiveCoresolution.projectiveDimension_eq._proof_1_1","module":"FindimCounterexample.Coresolution","theorem":true}
{"axioms":[],"declaration":"FindimCounterexample.Transpose.ofPresentation._proof_1","module":"FindimCounterexample.Transpose","theorem":true}
{"axioms":["propext","Classical.choice","Quot.sound"],"declaration":"FindimCounterexample.ExactCoresolution.inclusion_projection","module":"FindimCounterexample.ExactCoresolution","theorem":true}
{"axioms":["propext","Classical.choice","Quot.sound"],"declaration":"FindimCounterexample.RingDual.free_expansion","module":"FindimCounterexample.Duality","theorem":true}
{"axioms":[],"declaration":"FindimCounterexample.SelectionGroup.Generator.torus.noConfusion","module":"FindimCounterexample.SelectionGroup","theorem":false}
{"axioms":["propext","Classical.choice","Quot.sound"],"declaration":"FindimCounterexample.SelectionGroup.instFintypeRoot","module":"FindimCounterexample.SelectionGroup","theorem":false}
{"axioms":[],"declaration":"FindimCounterexample.SelectionGroup.instDecidableEqRoot.decEq._proof_6","module":"FindimCounterexample.SelectionGroup","theorem":true}
{"axioms":["propext","Classical.choice","Quot.sound"],"declaration":"FindimCounterexample.SelectionGroup.uw","module":"FindimCounterexample.SelectionGroup","theorem":true}
{"axioms":["propext","Classical.choice","Quot.sound"],"declaration":"FindimCounterexample.ProjectiveCoresolution.mk","module":"FindimCounterexample.Coresolution","theorem":false}
{"axioms":["propext","Classical.choice","Quot.sound"],"declaration":"FindimCounterexample.SelectionGroup.beta._proof_2","module":"FindimCounterexample.SelectionShift","theorem":true}
{"axioms":["propext","Classical.choice","Quot.sound"],"declaration":"FindimCounterexample.ModuleResolution.differential_comp","module":"FindimCounterexample.ModuleResolution","theorem":true}
{"axioms":[],"declaration":"_private.FindimCounterexample.SelectionShift.0.FindimCounterexample.SelectionGroup.shifted.match_1.splitter","module":"FindimCounterexample.SelectionShift","theorem":false}
{"axioms":["propext","Classical.choice","Quot.sound"],"declaration":"FindimCounterexample.SelectionGroup.z.eq_1","module":"FindimCounterexample.SelectionCentral","theorem":true}
{"axioms":["propext","Quot.sound"],"declaration":"FindimCounterexample.RingDual.rightMap","module":"FindimCounterexample.Duality","theorem":false}
{"axioms":["propext","Quot.sound"],"declaration":"_private.FindimCounterexample.SelectionCentral.0.FindimCounterexample.SelectionGroup.exists_third_index","module":"FindimCounterexample.SelectionCentral","theorem":true}
{"axioms":["propext","Quot.sound"],"declaration":"FindimCounterexample.RingDual.coordinate.eq_1","module":"FindimCounterexample.Duality","theorem":true}
{"axioms":[],"declaration":"FindimCounterexample.SelectionGroup.Root.v.noConfusion","module":"FindimCounterexample.SelectionGroup","theorem":false}
{"axioms":["propext","Quot.sound"],"declaration":"FindimCounterexample.RingDual.rightMap_apply","module":"FindimCounterexample.Duality","theorem":true}
{"axioms":[],"declaration":"_private.FindimCounterexample.SelectionCentral.0.FindimCounterexample.SelectionGroup.instFintypeRoot.match_5.eq_1","module":"FindimCounterexample.SelectionCentral","theorem":true}
{"axioms":[],"declaration":"FindimCounterexample.SelectionGroup.Root.proxyType","module":"FindimCounterexample.SelectionGroup","theorem":false}
{"axioms":[],"declaration":"FindimCounterexample.SelectionGroup.Generator._sizeOf_inst","module":"FindimCounterexample.SelectionGroup","theorem":false}
{"axioms":["propext","Quot.sound"],"declaration":"FindimCounterexample.RingDual.eval_naturality","module":"FindimCounterexample.Duality","theorem":true}
{"axioms":["propext","Quot.sound"],"declaration":"FindimCounterexample.RingDual.leftMap._proof_4","module":"FindimCounterexample.Duality","theorem":true}
{"axioms":["propext","Quot.sound"],"declaration":"FindimCounterexample.Transpose.syzygy","module":"FindimCounterexample.Transpose","theorem":false}
{"axioms":[],"declaration":"FindimCounterexample.SelectionGroup.Root.w.inj","module":"FindimCounterexample.SelectionGroup","theorem":true}
{"axioms":["propext","Classical.choice","Quot.sound"],"declaration":"FindimCounterexample.SelectionGroup.shiftHom._proof_3","module":"FindimCounterexample.SelectionShift","theorem":true}
{"axioms":[],"declaration":"FindimCounterexample.SelectionGroup.Generator.rec","module":"FindimCounterexample.SelectionGroup","theorem":false}
{"axioms":["propext","Classical.choice","Quot.sound"],"declaration":"FindimCounterexample.SelectionGroup.lift","module":"FindimCounterexample.SelectionGroup","theorem":false}
{"axioms":[],"declaration":"_private.FindimCounterexample.SelectionShift.0.FindimCounterexample.SelectionGroup.shifted.match_1.eq_1","module":"FindimCounterexample.SelectionShift","theorem":true}
{"axioms":["propext","Quot.sound"],"declaration":"FindimCounterexample.SelectionGroup.Relator.torus","module":"FindimCounterexample.SelectionGroup","theorem":false}
{"axioms":["propext","Quot.sound"],"declaration":"FindimCounterexample.SelectionGroup.weight.eq_2","module":"FindimCounterexample.SelectionCentral","theorem":true}
{"axioms":["propext","Classical.choice","Quot.sound"],"declaration":"FindimCounterexample.StrongNakayama.not_projective_one","module":"FindimCounterexample.StrongNakayama","theorem":true}
{"axioms":[],"declaration":"FindimCounterexample.RingDual.rightMap._proof_1","module":"FindimCounterexample.Duality","theorem":true}
{"axioms":["propext","Classical.choice","Quot.sound"],"declaration":"FindimCounterexample.SelectionGroup.beta_z","module":"FindimCounterexample.SelectionShift","theorem":true}
{"axioms":["propext","Classical.choice","Quot.sound"],"declaration":"FindimCounterexample.Transpose.cok_eq_transpose","module":"FindimCounterexample.Transpose","theorem":true}
{"axioms":["propext","Classical.choice","Quot.sound"],"declaration":"FindimCounterexample.SelectionGroup.wu","module":"FindimCounterexample.SelectionGroup","theorem":true}
{"axioms":[],"declaration":"FindimCounterexample.SelectionGroup.Root.v","module":"FindimCounterexample.SelectionGroup","theorem":false}
{"axioms":["propext","Classical.choice","Quot.sound"],"declaration":"FindimCounterexample.SelectionGroup.W","module":"FindimCounterexample.SelectionGroup","theorem":false}
{"axioms":[],"declaration":"_private.FindimCounterexample.SelectionGroup.0.FindimCounterexample.SelectionGroup.generatorMap.match_1.eq_1","module":"FindimCounterexample.SelectionGroup","theorem":true}
{"axioms":["propext","Quot.sound"],"declaration":"FindimCounterexample.ModuleResolution.homDifferential._proof_2","module":"FindimCounterexample.ModuleResolutionExt","theorem":true}
{"axioms":["propext","Quot.sound"],"declaration":"FindimCounterexample.RingDual.eval._proof_7","module":"FindimCounterexample.Duality","theorem":true}
{"axioms":[],"declaration":"FindimCounterexample.SelectionGroup.instDecidableEqGenerator.decEq._proof_1","module":"FindimCounterexample.SelectionGroup","theorem":true}
{"axioms":[],"declaration":"FindimCounterexample.SelectionGroup.shifted.match_1","module":"FindimCounterexample.SelectionShift","theorem":false}
{"axioms":["propext","Classical.choice","Quot.sound"],"declaration":"FindimCounterexample.ExactCoresolution.projection","module":"FindimCounterexample.ExactCoresolution","theorem":false}
{"axioms":["propext","Classical.choice","Quot.sound"],"declaration":"FindimCounterexample.ExactCoresolution.inclusion._proof_1","module":"FindimCounterexample.ExactCoresolution","theorem":true}
{"axioms":["propext","Classical.choice","Quot.sound"],"declaration":"FindimCounterexample.SelectionGroup.torus_commute","module":"FindimCounterexample.SelectionGroup","theorem":true}
{"axioms":["propext","Quot.sound"],"declaration":"FindimCounterexample.SelectionGroup.step","module":"FindimCounterexample.SelectionGroup","theorem":false}
{"axioms":[],"declaration":"FindimCounterexample.SelectionGroup.instDecidableEqGenerator.decEq._proof_2","module":"FindimCounterexample.SelectionGroup","theorem":true}
{"axioms":["propext","Quot.sound"],"declaration":"FindimCounterexample.SelectionGroup.weight","module":"FindimCounterexample.SelectionGroup","theorem":false}
{"axioms":["propext","Classical.choice","Quot.sound"],"declaration":"FindimCounterexample.SelectionGroup.z_sq","module":"FindimCounterexample.SelectionCentral","theorem":true}
{"axioms":["propext","Quot.sound"],"declaration":"FindimCounterexample.RingDual.coordinate._proof_2","module":"FindimCounterexample.Duality","theorem":true}
{"axioms":["propext","Quot.sound"],"declaration":"FindimCounterexample.SelectionGroup.Relator.rec","module":"FindimCounterexample.SelectionGroup","theorem":false}
{"axioms":[],"declaration":"_private.FindimCounterexample.SelectionShift.0.FindimCounterexample.SelectionGroup.shifted.match_1.eq_3","module":"FindimCounterexample.SelectionShift","theorem":true}
{"axioms":["propext","Classical.choice","Quot.sound"],"declaration":"FindimCounterexample.SelectionGroup.lift_T","module":"FindimCounterexample.SelectionGroup","theorem":true}
{"axioms":["propext","Quot.sound"],"declaration":"FindimCounterexample.SelectionGroup.Relator.wu","module":"FindimCounterexample.SelectionGroup","theorem":false}
{"axioms":["propext"],"declaration":"FindimCounterexample.ModuleResolution.augmentation._proof_1","module":"FindimCounterexample.ModuleResolution","theorem":true}
{"axioms":["propext","Quot.sound"],"declaration":"FindimCounterexample.RingDual.eval._proof_1","module":"FindimCounterexample.Duality","theorem":true}
{"axioms":["propext","Classical.choice","Quot.sound"],"declaration":"FindimCounterexample.ExactCoresolution.cok","module":"FindimCounterexample.ExactCoresolution","theorem":false}
{"axioms":[],"declaration":"FindimCounterexample.SelectionGroup.instDecidableEqRoot.decEq._proof_11","module":"FindimCounterexample.SelectionGroup","theorem":true}
{"axioms":["propext","Classical.choice","Quot.sound"],"declaration":"FindimCounterexample.RingDual.rightDual_finite","module":"FindimCounterexample.Duality","theorem":true}
{"axioms":["propext","Classical.choice","Quot.sound"],"declaration":"FindimCounterexample.Transpose.ofPresentation","module":"FindimCounterexample.Transpose","theorem":false}
{"axioms":[],"declaration":"FindimCounterexample.SelectionGroup.instDecidableEqRoot.decEq._proof_8","module":"FindimCounterexample.SelectionGroup","theorem":true}
{"axioms":["propext","Quot.sound"],"declaration":"FindimCounterexample.StrongNakayama.coresolution._proof_1","module":"FindimCounterexample.StrongNakayama","theorem":true}
{"axioms":[],"declaration":"FindimCounterexample.SelectionGroup.Root.noConfusion","module":"FindimCounterexample.SelectionGroup","theorem":false}
{"axioms":["propext","Classical.choice","Quot.sound"],"declaration":"FindimCounterexample.ProjectiveCoresolution.recOn","module":"FindimCounterexample.Coresolution","theorem":false}
{"axioms":["propext","Quot.sound"],"declaration":"FindimCounterexample.RingDual.evalEquiv._proof_1","module":"FindimCounterexample.Duality","theorem":true}
{"axioms":[],"declaration":"FindimCounterexample.SelectionGroup.Root.proxyTypeEquiv","module":"FindimCounterexample.SelectionGroup","theorem":false}
{"axioms":["propext","Classical.choice","Quot.sound"],"declaration":"FindimCounterexample.SelectionGroup.shifted","module":"FindimCounterexample.SelectionShift","theorem":false}
{"axioms":["propext","Quot.sound"],"declaration":"FindimCounterexample.RingDual.eval_apply","module":"FindimCounterexample.Duality","theorem":true}
{"axioms":["propext"],"declaration":"FindimCounterexample.SelectionGroup.wv_transfer._simp_1_1","module":"FindimCounterexample.SelectionGroup","theorem":true}
{"axioms":["propext","Quot.sound"],"declaration":"FindimCounterexample.SelectionGroup.relations","module":"FindimCounterexample.SelectionGroup","theorem":false}
{"axioms":["propext","Classical.choice","Quot.sound"],"declaration":"FindimCounterexample.ProjectiveCoresolution.ctorIdx","module":"FindimCounterexample.Coresolution","theorem":false}
{"axioms":["propext","Classical.choice","Quot.sound"],"declaration":"FindimCounterexample.SelectionGroup.beta_W","module":"FindimCounterexample.SelectionShift","theorem":true}
{"axioms":["propext","Classical.choice","Quot.sound"],"declaration":"FindimCounterexample.StrongNakayama.projectiveDimension_eq","module":"FindimCounterexample.StrongNakayama","theorem":true}
{"axioms":["propext"],"declaration":"FindimCounterexample.SelectionGroup.uw._simp_1_1","module":"FindimCounterexample.SelectionGroup","theorem":true}
{"axioms":[],"declaration":"FindimCounterexample.SelectionGroup.Root.v.elim","module":"FindimCounterexample.SelectionGroup","theorem":false}
{"axioms":["propext","Classical.choice","Quot.sound"],"declaration":"FindimCounterexample.SelectionGroup.commutator_eq_z","module":"FindimCounterexample.SelectionCentral","theorem":true}
{"axioms":["propext","Classical.choice","Quot.sound"],"declaration":"FindimCounterexample.SelectionGroup.uv","module":"FindimCounterexample.SelectionGroup","theorem":true}
{"axioms":["propext","Classical.choice","Quot.sound"],"declaration":"FindimCounterexample.ProjectiveCoresolution.mk.noConfusion","module":"FindimCounterexample.Coresolution","theorem":false}
{"axioms":[],"declaration":"FindimCounterexample.SelectionGroup.instDecidableEqGenerator.decEq._proof_4","module":"FindimCounterexample.SelectionGroup","theorem":true}
{"axioms":["propext","Classical.choice","Quot.sound"],"declaration":"PresentedGroup.of.eq_1","module":"FindimCounterexample.SelectionGroup","theorem":true}
{"axioms":[],"declaration":"FindimCounterexample.SelectionGroup.Word.T","module":"FindimCounterexample.SelectionGroup","theorem":false}
{"axioms":["propext","Classical.choice","Quot.sound"],"declaration":"FindimCounterexample.SelectionGroup.shiftHom._proof_4","module":"FindimCounterexample.SelectionShift","theorem":true}
{"axioms":["propext","Classical.choice","Quot.sound"],"declaration":"FindimCounterexample.SelectionGroup.S","module":"FindimCounterexample.SelectionGroup","theorem":false}
{"axioms":[],"declaration":"_private.FindimCounterexample.SelectionGroup.0.FindimCounterexample.SelectionGroup.generatorMap.match_1.eq_2","module":"FindimCounterexample.SelectionGroup","theorem":true}
{"axioms":["propext","Quot.sound"],"declaration":"FindimCounterexample.Transpose.ofPresentation._proof_2","module":"FindimCounterexample.Transpose","theorem":true}
{"axioms":["propext"],"declaration":"FindimCounterexample.SelectionCommutator.commute_commutator","module":"FindimCounterexample.SelectionCommutator","theorem":true}
{"axioms":["propext","Quot.sound"],"declaration":"FindimCounterexample.RingDual.eval._proof_2","module":"FindimCounterexample.Duality","theorem":true}
{"axioms":[],"declaration":"FindimCounterexample.SelectionGroup.instDecidableEqRoot.decEq._proof_2","module":"FindimCounterexample.SelectionGroup","theorem":true}
{"axioms":[],"declaration":"FindimCounterexample.SelectionGroup.Root.u.noConfusion","module":"FindimCounterexample.SelectionGroup","theorem":false}
{"axioms":["propext","Classical.choice","Quot.sound"],"declaration":"FindimCounterexample.SelectionGroup.u_sq","module":"FindimCounterexample.SelectionGroup","theorem":true}
{"axioms":["propext"],"declaration":"FindimCounterexample.SelectionGroup.conjugation._simp_1_1","module":"FindimCounterexample.SelectionGroup","theorem":true}
{"axioms":[],"declaration":"FindimCounterexample.SelectionGroup.Root.u.sizeOf_spec","module":"FindimCounterexample.SelectionGroup","theorem":true}
{"axioms":["propext","Classical.choice","Quot.sound"],"declaration":"FindimCounterexample.ProjectiveCoresolution.sc","module":"FindimCounterexample.Coresolution","theorem":false}
{"axioms":["propext","Classical.choice","Quot.sound"],"declaration":"FindimCounterexample.ModuleResolution.projectiveResolution._proof_1","module":"FindimCounterexample.ModuleResolution","theorem":true}
{"axioms":["propext"],"declaration":"FindimCounterexample.RingDual.leftMap._proof_1","module":"FindimCounterexample.Duality","theorem":true}
{"axioms":["propext","Classical.choice","Quot.sound"],"declaration":"FindimCounterexample.SelectionGroup.hom_ext","module":"FindimCounterexample.SelectionGroup","theorem":true}
{"axioms":["propext","Classical.choice","Quot.sound"],"declaration":"FindimCounterexample.ModuleResolution.projectiveResolution._proof_2","module":"FindimCounterexample.ModuleResolution","theorem":true}
{"axioms":["propext"],"declaration":"FindimCounterexample.SelectionCommutator.commutator_def","module":"FindimCounterexample.SelectionCommutator","theorem":true}
{"axioms":[],"declaration":"FindimCounterexample.SelectionGroup.instFintypeRoot.match_3","module":"FindimCounterexample.SelectionGroup","theorem":false}
{"axioms":[],"declaration":"FindimCounterexample.SelectionGroup.Word.S","module":"FindimCounterexample.SelectionGroup","theorem":false}
{"axioms":["propext","Quot.sound"],"declaration":"FindimCounterexample.Transpose.presentationCokernelEquivSyzygy._proof_6","module":"FindimCounterexample.Transpose","theorem":true}
{"axioms":["propext","Classical.choice","Quot.sound"],"declaration":"FindimCounterexample.SelectionGroup.alpha_z","module":"FindimCounterexample.SelectionShift","theorem":true}
{"axioms":[],"declaration":"FindimCounterexample.SelectionGroup.Root.casesOn","module":"FindimCounterexample.SelectionGroup","theorem":false}
{"axioms":[],"declaration":"FindimCounterexample.SelectionGroup.Word.W","module":"FindimCounterexample.SelectionGroup","theorem":false}
{"axioms":["propext","Quot.sound"],"declaration":"FindimCounterexample.SelectionGroup.step.eq_1","module":"FindimCounterexample.SelectionCentral","theorem":true}
{"axioms":["propext","Classical.choice","Quot.sound"],"declaration":"FindimCounterexample.StrongNakayama.projective_zero","module":"FindimCounterexample.StrongNakayama","theorem":true}
{"axioms":[],"declaration":"FindimCounterexample.SelectionGroup.Generator.ctorIdx","module":"FindimCounterexample.SelectionGroup","theorem":false}
{"axioms":[],"declaration":"_private.FindimCounterexample.SelectionCentral.0.FindimCounterexample.SelectionGroup.instFintypeRoot.match_5.eq_2","module":"FindimCounterexample.SelectionCentral","theorem":true}
{"axioms":[],"declaration":"FindimCounterexample.SelectionGroup.instDecidableEqRoot.decEq._proof_4","module":"FindimCounterexample.SelectionGroup","theorem":true}
{"axioms":["propext","Classical.choice","Quot.sound"],"declaration":"FindimCounterexample.StrongNakayama.unbounded_of_ext","module":"FindimCounterexample.StrongNakayamaExt","theorem":true}
{"axioms":[],"declaration":"FindimCounterexample.SelectionGroup.instDecidableEqGenerator.decEq._proof_5","module":"FindimCounterexample.SelectionGroup","theorem":true}
{"axioms":["propext","Classical.choice","Quot.sound"],"declaration":"FindimCounterexample.ModuleResolution.augmentation._proof_2","module":"FindimCounterexample.ModuleResolution","theorem":true}
{"axioms":[],"declaration":"FindimCounterexample.SelectionGroup.Generator._sizeOf_1","module":"FindimCounterexample.SelectionGroup","theorem":false}
{"axioms":["propext","Classical.choice","Quot.sound"],"declaration":"FindimCounterexample.Transpose.presentationCokernelEquivSyzygy","module":"FindimCounterexample.Transpose","theorem":false}
{"axioms":["propext","Classical.choice","Quot.sound"],"declaration":"FindimCounterexample.SelectionGroup.commutator_transfer","module":"FindimCounterexample.SelectionCentral","theorem":true}
{"axioms":[],"declaration":"FindimCounterexample.SelectionGroup.instDecidableEqRoot","module":"FindimCounterexample.SelectionGroup","theorem":false}
{"axioms":["propext","Quot.sound"],"declaration":"FindimCounterexample.SelectionGroup.Relator.casesOn","module":"FindimCounterexample.SelectionGroup","theorem":false}
{"axioms":["propext","Quot.sound"],"declaration":"FindimCounterexample.SelectionGroup.Relator.vv","module":"FindimCounterexample.SelectionGroup","theorem":false}
{"axioms":["propext","Classical.choice","Quot.sound"],"declaration":"FindimCounterexample.SelectionGroup.uu","module":"FindimCounterexample.SelectionGroup","theorem":true}
{"axioms":["propext","Classical.choice","Quot.sound"],"declaration":"FindimCounterexample.StrongNakayama.projectiveDimension_eq_of_ext","module":"FindimCounterexample.StrongNakayamaExt","theorem":true}
{"axioms":[],"declaration":"_private.FindimCounterexample.SelectionCentral.0.FindimCounterexample.SelectionGroup.instFintypeRoot.match_5.eq_3","module":"FindimCounterexample.SelectionCentral","theorem":true}
{"axioms":["propext","Classical.choice","Quot.sound"],"declaration":"FindimCounterexample.ModuleResolution.complex_X","module":"FindimCounterexample.ModuleResolution","theorem":true}
{"axioms":[],"declaration":"FindimCounterexample.SelectionGroup.Generator.root.elim","module":"FindimCounterexample.SelectionGroup","theorem":false}
{"axioms":[],"declaration":"FindimCounterexample.SelectionGroup.Root.v.sizeOf_spec","module":"FindimCounterexample.SelectionGroup","theorem":true}
{"axioms":["propext","Quot.sound"],"declaration":"_private.FindimCounterexample.SelectionCentral.0.FindimCounterexample.SelectionGroup.commutator_eq_of_ne._proof_1_1","module":"FindimCounterexample.SelectionCentral","theorem":true}
{"axioms":["propext","Classical.choice","Quot.sound"],"declaration":"FindimCounterexample.ProjectiveCoresolution.mk.inj","module":"FindimCounterexample.Coresolution","theorem":true}
{"axioms":["propext","Quot.sound"],"declaration":"FindimCounterexample.SelectionGroup.Relator.uv","module":"FindimCounterexample.SelectionGroup","theorem":false}
{"axioms":["propext","Classical.choice","Quot.sound"],"declaration":"FindimCounterexample.SelectionGroup.shifted.eq_2","module":"FindimCounterexample.SelectionShift","theorem":true}
{"axioms":["propext","Classical.choice","Quot.sound"],"declaration":"FindimCounterexample.ModuleResolution.augmentation","module":"FindimCounterexample.ModuleResolution","theorem":false}
{"axioms":["propext","Classical.choice","Quot.sound"],"declaration":"FindimCounterexample.SelectionGroup.wv","module":"FindimCounterexample.SelectionGroup","theorem":true}
{"axioms":[],"declaration":"_private.FindimCounterexample.SelectionCentral.0.FindimCounterexample.SelectionGroup.instFintypeRoot.match_5.splitter","module":"FindimCounterexample.SelectionCentral","theorem":false}
{"axioms":["propext","Classical.choice","Quot.sound"],"declaration":"FindimCounterexample.ModuleResolution.complex_exactAt_succ","module":"FindimCounterexample.ModuleResolution","theorem":true}
{"axioms":[],"declaration":"FindimCounterexample.SelectionGroup.Generator.ctorElimType","module":"FindimCounterexample.SelectionGroup","theorem":false}
{"axioms":["propext","Classical.choice","Quot.sound"],"declaration":"FindimCounterexample.SelectionCommutator.central_commutator_sq_eq_one","module":"FindimCounterexample.SelectionCommutator","theorem":true}
{"axioms":["propext","Classical.choice","Quot.sound"],"declaration":"FindimCounterexample.SelectionGroup.shiftHom_V","module":"FindimCounterexample.SelectionShift","theorem":true}
{"axioms":["propext","Quot.sound"],"declaration":"FindimCounterexample.ProjectiveCoresolution.hasProjectiveDimensionLE._proof_1_1","module":"FindimCounterexample.Coresolution","theorem":true}
{"axioms":["propext","Classical.choice","Quot.sound"],"declaration":"FindimCounterexample.SelectionGroup.w_commute_z","module":"FindimCounterexample.SelectionCentral","theorem":true}
{"axioms":[],"declaration":"FindimCounterexample.SelectionGroup.Root.u.inj","module":"FindimCounterexample.SelectionGroup","theorem":true}
{"axioms":["propext","Classical.choice","Quot.sound"],"declaration":"FindimCounterexample.ProjectiveCoresolution.projective","module":"FindimCounterexample.Coresolution","theorem":true}
{"axioms":["propext","Classical.choice","Quot.sound"],"declaration":"FindimCounterexample.ResolutionExt.ext_zero_iff_injective","module":"FindimCounterexample.ResolutionExt","theorem":true}
{"axioms":[],"declaration":"FindimCounterexample.SelectionGroup.Root._sizeOf_1","module":"FindimCounterexample.SelectionGroup","theorem":false}
{"axioms":["propext","Classical.choice","Quot.sound"],"declaration":"FindimCounterexample.StrongNakayama.coresolution","module":"FindimCounterexample.StrongNakayama","theorem":false}
{"axioms":[],"declaration":"FindimCounterexample.SelectionGroup.Generator.root.inj","module":"FindimCounterexample.SelectionGroup","theorem":true}
{"axioms":["propext","Classical.choice","Quot.sound"],"declaration":"FindimCounterexample.SelectionGroup.beta_apply","module":"FindimCounterexample.SelectionShift","theorem":true}
{"axioms":[],"declaration":"FindimCounterexample.SelectionGroup.Root.w.elim","module":"FindimCounterexample.SelectionGroup","theorem":false}
{"axioms":["propext"],"declaration":"FindimCounterexample.SelectionGroup.Generator.root.injEq","module":"FindimCounterexample.SelectionGroup","theorem":true}
{"axioms":["propext","Classical.choice","Quot.sound"],"declaration":"FindimCounterexample.ProjectiveCoresolution.not_hasProjectiveDimensionLT","module":"FindimCounterexample.Coresolution","theorem":true}
{"axioms":[],"declaration":"FindimCounterexample.SelectionGroup.generatorMap.eq_1","module":"FindimCounterexample.SelectionGroup","theorem":true}
{"axioms":["propext","Classical.choice","Quot.sound"],"declaration":"FindimCounterexample.StrongNakayama.ext_vanishing_iff_dual_exact","module":"FindimCounterexample.StrongNakayamaExt","theorem":true}
{"axioms":["propext","Classical.choice","Quot.sound"],"declaration":"FindimCounterexample.RingDual.freeDualEquiv._proof_4","module":"FindimCounterexample.Duality","theorem":true}
{"axioms":["propext","Classical.choice","Quot.sound"],"declaration":"FindimCounterexample.ProjectiveCoresolution.noConfusionType","module":"FindimCounterexample.Coresolution","theorem":false}
{"axioms":[],"declaration":"FindimCounterexample.SelectionGroup.Root.w.noConfusion","module":"FindimCounterexample.SelectionGroup","theorem":false}
{"axioms":[],"declaration":"FindimCounterexample.SelectionGroup.Word.U","module":"FindimCounterexample.SelectionGroup","theorem":false}
{"axioms":["propext"],"declaration":"FindimCounterexample.SelectionGroup.Generator.torus.injEq","module":"FindimCounterexample.SelectionGroup","theorem":true}
{"axioms":["propext","Quot.sound"],"declaration":"FindimCounterexample.RingDual.eval._proof_8","module":"FindimCounterexample.Duality","theorem":true}
{"axioms":[],"declaration":"FindimCounterexample.SelectionGroup.instDecidableEqRoot.decEq._proof_1","module":"FindimCounterexample.SelectionGroup","theorem":true}
{"axioms":["propext","Classical.choice","Quot.sound"],"declaration":"FindimCounterexample.SelectionGroup.commutator_eq_of_sum","module":"FindimCounterexample.SelectionCentral","theorem":true}
{"axioms":["propext","Classical.choice","Quot.sound"],"declaration":"FindimCounterexample.SelectionGroup.shiftHom_W","module":"FindimCounterexample.SelectionShift","theorem":true}
{"axioms":["propext","Quot.sound"],"declaration":"FindimCounterexample.ModuleResolution.homDifferential._proof_3","module":"FindimCounterexample.ModuleResolutionExt","theorem":true}
{"axioms":["propext","Classical.choice","Quot.sound"],"declaration":"FindimCounterexample.SelectionGroup.u_commute_z","module":"FindimCounterexample.SelectionCentral","theorem":true}
{"axioms":[],"declaration":"FindimCounterexample.SelectionGroup.Root","module":"FindimCounterexample.SelectionGroup","theorem":false}
{"axioms":["propext","Classical.choice","Quot.sound"],"declaration":"FindimCounterexample.SelectionGroup.shifted.eq_3","module":"FindimCounterexample.SelectionShift","theorem":true}
{"axioms":["propext","Classical.choice","Quot.sound"],"declaration":"FindimCounterexample.SelectionGroup.beta_zero","module":"FindimCounterexample.SelectionShift","theorem":true}
{"axioms":["propext","Classical.choice","Quot.sound"],"declaration":"FindimCounterexample.SelectionGroup.U","module":"FindimCounterexample.SelectionGroup","theorem":false}
{"axioms":[],"declaration":"FindimCounterexample.Transpose.syzygy.match_1","module":"FindimCounterexample.Transpose","theorem":false}
{"axioms":[],"declaration":"FindimCounterexample.SelectionGroup.Root.ctorElimType","module":"FindimCounterexample.SelectionGroup","theorem":false}
{"axioms":["propext","Classical.choice","Quot.sound"],"declaration":"FindimCounterexample.ResolutionExt.ext_succ_iff_cocycles_boundaries","module":"FindimCounterexample.ResolutionExt","theorem":true}
{"axioms":["propext","Classical.choice","Quot.sound"],"declaration":"FindimCounterexample.SelectionGroup.shiftHom._proof_5","module":"FindimCounterexample.SelectionShift","theorem":true}
{"axioms":["propext","Classical.choice","Quot.sound"],"declaration":"FindimCounterexample.ProjectiveCoresolution.mk._flat_ctor","module":"FindimCounterexample.Coresolution","theorem":false}
{"axioms":[],"declaration":"FindimCounterexample.SelectionGroup.Root.u","module":"FindimCounterexample.SelectionGroup","theorem":false}
{"axioms":["propext","Classical.choice","Quot.sound"],"declaration":"FindimCounterexample.ModuleResolution.complex","module":"FindimCounterexample.ModuleResolution","theorem":false}
{"axioms":[],"declaration":"FindimCounterexample.ExactCoresolution.cok.match_1","module":"FindimCounterexample.ExactCoresolution","theorem":false}
{"axioms":[],"declaration":"FindimCounterexample.SelectionGroup.Generator.casesOn","module":"FindimCounterexample.SelectionGroup","theorem":false}
{"axioms":["propext","Classical.choice","Quot.sound"],"declaration":"FindimCounterexample.ProjectiveCoresolution._sizeOf_inst","module":"FindimCounterexample.Coresolution","theorem":false}
{"axioms":["propext","Classical.choice","Quot.sound"],"declaration":"FindimCounterexample.SelectionGroup.z_eq","module":"FindimCounterexample.SelectionCentral","theorem":true}
{"axioms":[],"declaration":"FindimCounterexample.SelectionGroup.Generator.torus.inj","module":"FindimCounterexample.SelectionGroup","theorem":true}
{"axioms":[],"declaration":"FindimCounterexample.SelectionGroup.instDecidableEqRoot.decEq","module":"FindimCounterexample.SelectionGroup","theorem":false}
{"axioms":["propext","Classical.choice","Quot.sound"],"declaration":"FindimCounterexample.ModuleResolution.complex.eq_1","module":"FindimCounterexample.ModuleResolution","theorem":true}
{"axioms":["propext","Classical.choice","Quot.sound"],"declaration":"FindimCounterexample.RingDual.split_of_dual_split","module":"FindimCounterexample.Duality","theorem":true}
{"axioms":["propext","Quot.sound"],"declaration":"FindimCounterexample.SelectionGroup.Relator","module":"FindimCounterexample.SelectionGroup","theorem":false}
{"axioms":[],"declaration":"FindimCounterexample.SelectionGroup.instDecidableEqGenerator.decEq","module":"FindimCounterexample.SelectionGroup","theorem":false}
{"axioms":[],"declaration":"FindimCounterexample.SelectionGroup.generatorMap.eq_2","module":"FindimCounterexample.SelectionGroup","theorem":true}
{"axioms":["propext","Classical.choice","Quot.sound"],"declaration":"FindimCounterexample.SelectionGroup.conjugation","module":"FindimCounterexample.SelectionGroup","theorem":true}
{"axioms":["propext","Classical.choice","Quot.sound"],"declaration":"FindimCounterexample.SelectionGroup.beta_add","module":"FindimCounterexample.SelectionShift","theorem":true}
{"axioms":[],"declaration":"FindimCounterexample.SelectionGroup.Word.V","module":"FindimCounterexample.SelectionGroup","theorem":false}
{"axioms":["propext","Quot.sound"],"declaration":"FindimCounterexample.StrongNakayama.dualDifferential","module":"FindimCounterexample.StrongNakayama","theorem":false}
{"axioms":["propext","Classical.choice","Quot.sound"],"declaration":"FindimCounterexample.SelectionGroup.generator_commute_z","module":"FindimCounterexample.SelectionCentral","theorem":true}
{"axioms":["propext","Quot.sound"],"declaration":"FindimCounterexample.Transpose.presentationCokernelEquivSyzygy._proof_5","module":"FindimCounterexample.Transpose","theorem":true}
{"axioms":["propext","Classical.choice","Quot.sound"],"declaration":"FindimCounterexample.ProjectiveCoresolution.w","module":"FindimCounterexample.Coresolution","theorem":true}
{"axioms":["propext","Quot.sound"],"declaration":"_private.FindimCounterexample.SelectionCentral.0.FindimCounterexample.SelectionGroup.commutator_eq_of_ne._proof_1_2","module":"FindimCounterexample.SelectionCentral","theorem":true}
{"axioms":["propext","Classical.choice","Quot.sound"],"declaration":"FindimCounterexample.RingDual.freeDualEquiv","module":"FindimCounterexample.Duality","theorem":false}
{"axioms":[],"declaration":"FindimCounterexample.SelectionGroup.instDecidableEqGenerator.decEq._proof_6","module":"FindimCounterexample.SelectionGroup","theorem":true}
{"axioms":[],"declaration":"FindimCounterexample.SelectionGroup.Generator","module":"FindimCounterexample.SelectionGroup","theorem":false}
{"axioms":[],"declaration":"FindimCounterexample.SelectionGroup.Generator.root.noConfusion","module":"FindimCounterexample.SelectionGroup","theorem":false}
{"axioms":["propext","Classical.choice","Quot.sound"],"declaration":"FindimCounterexample.SelectionGroup.shiftHom","module":"FindimCounterexample.SelectionShift","theorem":false}
{"axioms":["propext","Classical.choice","Quot.sound"],"declaration":"FindimCounterexample.ModuleResolution.complex_d_succ","module":"FindimCounterexample.ModuleResolution","theorem":true}
{"axioms":["propext","Classical.choice","Quot.sound"],"declaration":"FindimCounterexample.ProjectiveCoresolution.noConfusion","module":"FindimCounterexample.Coresolution","theorem":false}
{"axioms":["propext","Quot.sound"],"declaration":"FindimCounterexample.SelectionGroup.Relator.wv","module":"FindimCounterexample.SelectionGroup","theorem":false}
{"axioms":[],"declaration":"FindimCounterexample.SelectionGroup.instDecidableEqGenerator.decEq._proof_3","module":"FindimCounterexample.SelectionGroup","theorem":true}
{"axioms":[],"declaration":"FindimCounterexample.RingDual.LeftDual","module":"FindimCounterexample.Duality","theorem":false}
{"axioms":["propext","Quot.sound"],"declaration":"FindimCounterexample.Transpose.presentedModule._proof_1","module":"FindimCounterexample.Transpose","theorem":true}
{"axioms":["propext"],"declaration":"FindimCounterexample.SelectionCommutator.transfer","module":"FindimCounterexample.SelectionCommutator","theorem":true}
{"axioms":["propext"],"declaration":"FindimCounterexample.SelectionGroup.Root.w.injEq","module":"FindimCounterexample.SelectionGroup","theorem":true}
{"axioms":["propext","Classical.choice","Quot.sound"],"declaration":"FindimCounterexample.StrongNakayama.coresolution._proof_2","module":"FindimCounterexample.StrongNakayama","theorem":true}
{"axioms":["propext","Classical.choice","Quot.sound"],"declaration":"FindimCounterexample.SelectionGroup.beta_U","module":"FindimCounterexample.SelectionShift","theorem":true}
{"axioms":[],"declaration":"FindimCounterexample.SelectionGroup.instDecidableEqGenerator.decEq.match_1","module":"FindimCounterexample.SelectionGroup","theorem":false}
{"axioms":["propext","Classical.choice","Quot.sound"],"declaration":"FindimCounterexample.Transpose.presentationCokernelEquivSyzygy._proof_7","module":"FindimCounterexample.Transpose","theorem":true}
{"axioms":["propext","Classical.choice","Quot.sound"],"declaration":"FindimCounterexample.ModuleResolution.augmentation_quasiIso","module":"FindimCounterexample.ModuleResolution","theorem":true}
{"axioms":[],"declaration":"FindimCounterexample.SelectionGroup.Root.rec","module":"FindimCounterexample.SelectionGroup","theorem":false}
{"axioms":["propext","Classical.choice","Quot.sound"],"declaration":"FindimCounterexample.RingDual.dual_expansion","module":"FindimCounterexample.Duality","theorem":true}
{"axioms":["propext","Quot.sound"],"declaration":"FindimCounterexample.Transpose.presentationCokernelEquivSyzygy._proof_2","module":"FindimCounterexample.Transpose","theorem":true}
{"axioms":["propext","Quot.sound"],"declaration":"FindimCounterexample.ModuleResolution.homDifferential._proof_1","module":"FindimCounterexample.ModuleResolutionExt","theorem":true}
{"axioms":["propext","Classical.choice","Quot.sound"],"declaration":"FindimCounterexample.RingDual.eval_bijective_free","module":"FindimCounterexample.Duality","theorem":true}
{"axioms":[],"declaration":"FindimCounterexample.SelectionGroup.Index","module":"FindimCounterexample.SelectionGroup","theorem":false}
{"axioms":["propext","Classical.choice","Quot.sound"],"declaration":"FindimCounterexample.SelectionGroup.shiftHom._proof_1","module":"FindimCounterexample.SelectionShift","theorem":true}
{"axioms":["propext","Quot.sound"],"declaration":"FindimCounterexample.StrongNakayama.homRightDualEquiv._proof_1","module":"FindimCounterexample.StrongNakayamaExt","theorem":true}
{"axioms":["propext","Classical.choice","Quot.sound"],"declaration":"FindimCounterexample.SelectionGroup.V","module":"FindimCounterexample.SelectionGroup","theorem":false}
{"axioms":["propext","Classical.choice","Quot.sound"],"declaration":"FindimCounterexample.ProjectiveCoresolution.ι","module":"FindimCounterexample.Coresolution","theorem":false}
{"axioms":["propext","Quot.sound"],"declaration":"FindimCounterexample.RingDual.freeDualEquiv._proof_1","module":"FindimCounterexample.Duality","theorem":true}
{"axioms":["propext","Classical.choice","Quot.sound"],"declaration":"FindimCounterexample.SelectionGroup.G","module":"FindimCounterexample.SelectionGroup","theorem":false}
{"axioms":[],"declaration":"_private.FindimCounterexample.SelectionGroup.0.FindimCounterexample.SelectionGroup.generatorMap.match_1.splitter","module":"FindimCounterexample.SelectionGroup","theorem":false}
{"axioms":["propext","Classical.choice","Quot.sound"],"declaration":"FindimCounterexample.SelectionGroup.shiftHom_T","module":"FindimCounterexample.SelectionShift","theorem":true}
{"axioms":["propext","Classical.choice","Quot.sound"],"declaration":"FindimCounterexample.ProjectiveCoresolution._sizeOf_1","module":"FindimCounterexample.Coresolution","theorem":false}
{"axioms":["propext","Quot.sound"],"declaration":"FindimCounterexample.StrongNakayama.homDifferential_eq_dualDifferential","module":"FindimCounterexample.StrongNakayamaExt","theorem":true}
{"axioms":["propext","Quot.sound"],"declaration":"FindimCounterexample.RingDual.freeDualEquiv._proof_2","module":"FindimCounterexample.Duality","theorem":true}
{"axioms":["propext","Quot.sound"],"declaration":"FindimCounterexample.Transpose.presentationCokernelEquivSyzygy._proof_3","module":"FindimCounterexample.Transpose","theorem":true}
{"axioms":["propext","Quot.sound"],"declaration":"FindimCounterexample.RingDual.RightDual","module":"FindimCounterexample.Duality","theorem":false}
{"axioms":["propext","Classical.choice","Quot.sound"],"declaration":"FindimCounterexample.ExactCoresolution.range_inclusion","module":"FindimCounterexample.ExactCoresolution","theorem":true}
{"axioms":[],"declaration":"FindimCounterexample.SelectionGroup.instDecidableEqRoot.decEq.match_1","module":"FindimCounterexample.SelectionGroup","theorem":false}
{"axioms":["propext","Classical.choice","Quot.sound"],"declaration":"FindimCounterexample.RingDual.eval_bijective","module":"FindimCounterexample.Duality","theorem":true}
{"axioms":["propext","Classical.choice","Quot.sound"],"declaration":"FindimCounterexample.SelectionGroup.shiftHom_U","module":"FindimCounterexample.SelectionShift","theorem":true}
{"axioms":["propext","Quot.sound"],"declaration":"FindimCounterexample.ExactCoresolution.cok._proof_1","module":"FindimCounterexample.ExactCoresolution","theorem":true}
{"axioms":["propext","Classical.choice","Quot.sound"],"declaration":"FindimCounterexample.SelectionGroup.z","module":"FindimCounterexample.SelectionCentral","theorem":false}
{"axioms":["propext","Quot.sound"],"declaration":"FindimCounterexample.Transpose.presentationCokernelEquivSyzygy._proof_1","module":"FindimCounterexample.Transpose","theorem":true}
{"axioms":["propext","Quot.sound"],"declaration":"FindimCounterexample.SelectionGroup.Relator.uw","module":"FindimCounterexample.SelectionGroup","theorem":false}
{"axioms":["propext","Classical.choice","Quot.sound"],"declaration":"FindimCounterexample.StrongNakayama.unbounded","module":"FindimCounterexample.StrongNakayama","theorem":true}
{"axioms":["propext","Classical.choice","Quot.sound"],"declaration":"FindimCounterexample.SelectionGroup.shifted.eq_1","module":"FindimCounterexample.SelectionShift","theorem":true}
{"axioms":["propext","Classical.choice","Quot.sound"],"declaration":"FindimCounterexample.ProjectiveCoresolution.shortExact","module":"FindimCounterexample.Coresolution","theorem":true}
{"axioms":["propext","Quot.sound"],"declaration":"FindimCounterexample.SelectionGroup.lift._proof_1","module":"FindimCounterexample.SelectionGroup","theorem":true}
{"axioms":["propext","Classical.choice","Quot.sound"],"declaration":"FindimCounterexample.Transpose.presentedModule","module":"FindimCounterexample.Transpose","theorem":false}
{"axioms":["propext","Quot.sound"],"declaration":"FindimCounterexample.SelectionGroup.Relator.wv_transfer","module":"FindimCounterexample.SelectionGroup","theorem":false}
{"axioms":[],"declaration":"FindimCounterexample.SelectionGroup.Root.u.elim","module":"FindimCounterexample.SelectionGroup","theorem":false}
{"axioms":["propext","Quot.sound"],"declaration":"FindimCounterexample.RingDual.rightMap_comp","module":"FindimCounterexample.Duality","theorem":true}
{"axioms":["propext","Classical.choice","Quot.sound"],"declaration":"FindimCounterexample.SelectionGroup.vv","module":"FindimCounterexample.SelectionGroup","theorem":true}
{"axioms":[],"declaration":"FindimCounterexample.SelectionGroup.generatorMap.match_1","module":"FindimCounterexample.SelectionGroup","theorem":false}
{"axioms":["propext","Quot.sound"],"declaration":"FindimCounterexample.RingDual.eval._proof_6","module":"FindimCounterexample.Duality","theorem":true}
{"axioms":["propext","Quot.sound"],"declaration":"FindimCounterexample.SelectionGroup.Relator.conjugation","module":"FindimCounterexample.SelectionGroup","theorem":false}
{"axioms":["propext","Classical.choice","Quot.sound"],"declaration":"FindimCounterexample.SelectionGroup.lift_S","module":"FindimCounterexample.SelectionGroup","theorem":true}
{"axioms":["propext","Quot.sound"],"declaration":"FindimCounterexample.RingDual.leftMap._proof_3","module":"FindimCounterexample.Duality","theorem":true}
{"axioms":["propext","Quot.sound"],"declaration":"FindimCounterexample.RingDual.freeDualEquiv._proof_3","module":"FindimCounterexample.Duality","theorem":true}
{"axioms":["propext","Classical.choice","Quot.sound"],"declaration":"FindimCounterexample.ResolutionExt.ext_vanishing_iff","module":"FindimCounterexample.ResolutionExt","theorem":true}
{"axioms":["propext","Quot.sound"],"declaration":"FindimCounterexample.SelectionGroup.Relator.recOn","module":"FindimCounterexample.SelectionGroup","theorem":false}
{"axioms":["propext","Classical.choice","Quot.sound"],"declaration":"FindimCounterexample.SelectionGroup.z_mem_center","module":"FindimCounterexample.SelectionCentral","theorem":true}
{"axioms":["propext","Classical.choice","Quot.sound"],"declaration":"FindimCounterexample.StrongNakayama.cok","module":"FindimCounterexample.StrongNakayama","theorem":false}
{"axioms":["propext","Classical.choice","Quot.sound"],"declaration":"FindimCounterexample.SelectionGroup.shiftHom._proof_2","module":"FindimCounterexample.SelectionShift","theorem":true}
{"axioms":[],"declaration":"FindimCounterexample.SelectionGroup.Root.v.inj","module":"FindimCounterexample.SelectionGroup","theorem":true}
{"axioms":["propext","Quot.sound"],"declaration":"FindimCounterexample.SelectionGroup.Relator.uu","module":"FindimCounterexample.SelectionGroup","theorem":false}
{"axioms":["propext","Classical.choice","Quot.sound"],"declaration":"FindimCounterexample.ProjectiveCoresolution.casesOn","module":"FindimCounterexample.Coresolution","theorem":false}
{"axioms":["propext","Quot.sound"],"declaration":"FindimCounterexample.RingDual.coordinate","module":"FindimCounterexample.Duality","theorem":false}
{"axioms":["propext","Classical.choice","Quot.sound"],"declaration":"FindimCounterexample.ModuleResolution.augmentation_f_zero","module":"FindimCounterexample.ModuleResolution","theorem":true}
{"axioms":[],"declaration":"FindimCounterexample.SelectionGroup.Generator.noConfusion","module":"FindimCounterexample.SelectionGroup","theorem":false}
{"axioms":["propext","Classical.choice","Quot.sound"],"declaration":"FindimCounterexample.SelectionGroup.torus_conjugate_z","module":"FindimCounterexample.SelectionCentral","theorem":true}
{"declarations":356,"modules":["FindimCounterexample.Coresolution","FindimCounterexample.Duality","FindimCounterexample.ExactCoresolution","FindimCounterexample.ModuleResolution","FindimCounterexample.ModuleResolutionExt","FindimCounterexample.ResolutionExt","FindimCounterexample.SelectionCentral","FindimCounterexample.SelectionCommutator","FindimCounterexample.SelectionGroup","FindimCounterexample.SelectionShift","FindimCounterexample.StrongNakayama","FindimCounterexample.StrongNakayamaExt","FindimCounterexample.Transpose","FindimCounterexample"],"theorems":221}
