{"axioms":["propext","Quot.sound"],"declaration":"FindimCounterexample.RingDual.leftMap._proof_2","module":"FindimCounterexample.Duality","theorem":true}
{"axioms":["propext","Quot.sound"],"declaration":"FindimCounterexample.RingDual.coordinate._proof_1","module":"FindimCounterexample.Duality","theorem":true}
{"axioms":["propext","Quot.sound"],"declaration":"FindimCounterexample.RingDual.rightMap._proof_2","module":"FindimCounterexample.Duality","theorem":true}
{"axioms":["propext","Classical.choice","Quot.sound"],"declaration":"FindimCounterexample.ProjectiveCoresolution.π","module":"FindimCounterexample.Coresolution","theorem":false}
{"axioms":["propext","Quot.sound"],"declaration":"FindimCounterexample.RingDual.eval._proof_3","module":"FindimCounterexample.Duality","theorem":true}
{"axioms":["propext","Classical.choice","Quot.sound"],"declaration":"FindimCounterexample.RingDual.evalEquiv","module":"FindimCounterexample.Duality","theorem":false}
{"axioms":["propext","Classical.choice","Quot.sound"],"declaration":"FindimCounterexample.RingDual.rightDual_projective","module":"FindimCounterexample.Duality","theorem":true}
{"axioms":["propext","Quot.sound"],"declaration":"FindimCounterexample.RingDual.eval._proof_4","module":"FindimCounterexample.Duality","theorem":true}
{"axioms":["propext","Classical.choice","Quot.sound"],"declaration":"FindimCounterexample.ProjectiveCoresolution.hasProjectiveDimensionLE","module":"FindimCounterexample.Coresolution","theorem":true}
{"axioms":[],"declaration":"FindimCounterexample.StrongNakayama.dualObjects._proof_1","module":"FindimCounterexample.StrongNakayama","theorem":true}
{"axioms":["propext","Classical.choice","Quot.sound"],"declaration":"FindimCounterexample.StrongNakayama.cok_finite","module":"FindimCounterexample.StrongNakayama","theorem":true}
{"axioms":["propext","Classical.choice","Quot.sound"],"declaration":"FindimCounterexample.ExactCoresolution.shortExact","module":"FindimCounterexample.ExactCoresolution","theorem":true}
{"axioms":["propext","Classical.choice","Quot.sound"],"declaration":"FindimCounterexample.ProjectiveCoresolution.projectiveDimension_eq","module":"FindimCounterexample.Coresolution","theorem":true}
{"axioms":["propext","Quot.sound"],"declaration":"FindimCounterexample.RingDual.rightMap._proof_3","module":"FindimCounterexample.Duality","theorem":true}
{"axioms":["propext","Classical.choice","Quot.sound"],"declaration":"FindimCounterexample.ProjectiveCoresolution.c","module":"FindimCounterexample.Coresolution","theorem":false}
{"axioms":["propext","Quot.sound"],"declaration":"FindimCounterexample.RingDual.eval_bijective_of_split","module":"FindimCounterexample.Duality","theorem":true}
{"axioms":["propext","Quot.sound"],"declaration":"FindimCounterexample.RingDual.leftMap","module":"FindimCounterexample.Duality","theorem":false}
{"axioms":["propext","Classical.choice","Quot.sound"],"declaration":"FindimCounterexample.ProjectiveCoresolution.mk.sizeOf_spec","module":"FindimCounterexample.Coresolution","theorem":true}
{"axioms":["propext","Classical.choice","Quot.sound"],"declaration":"FindimCounterexample.ProjectiveCoresolution.rec","module":"FindimCounterexample.Coresolution","theorem":false}
{"axioms":["propext","Quot.sound"],"declaration":"FindimCounterexample.RingDual.rightMap._proof_4","module":"FindimCounterexample.Duality","theorem":true}
{"axioms":["propext","Classical.choice","Quot.sound"],"declaration":"FindimCounterexample.ExactCoresolution.coresolution","module":"FindimCounterexample.ExactCoresolution","theorem":false}
{"axioms":["propext","Quot.sound"],"declaration":"FindimCounterexample.RingDual.leftMap_apply","module":"FindimCounterexample.Duality","theorem":true}
{"axioms":["propext","Quot.sound"],"declaration":"FindimCounterexample.RingDual.eval","module":"FindimCounterexample.Duality","theorem":false}
{"axioms":["propext","Quot.sound"],"declaration":"FindimCounterexample.StrongNakayama.dualObjects","module":"FindimCounterexample.StrongNakayama","theorem":false}
{"axioms":["propext","Classical.choice","Quot.sound"],"declaration":"FindimCounterexample.ExactCoresolution.inclusion","module":"FindimCounterexample.ExactCoresolution","theorem":false}
{"axioms":["propext","Classical.choice","Quot.sound"],"declaration":"FindimCounterexample.ProjectiveCoresolution.mk.injEq","module":"FindimCounterexample.Coresolution","theorem":true}
{"axioms":["propext","Quot.sound"],"declaration":"FindimCounterexample.RingDual.eval._proof_5","module":"FindimCounterexample.Duality","theorem":true}
{"axioms":["propext","Classical.choice","Quot.sound"],"declaration":"FindimCounterexample.ProjectiveCoresolution.p","module":"FindimCounterexample.Coresolution","theorem":false}
{"axioms":["propext","Classical.choice","Quot.sound"],"declaration":"FindimCounterexample.ProjectiveCoresolution","module":"FindimCounterexample.Coresolution","theorem":false}
{"axioms":["propext","Quot.sound"],"declaration":"FindimCounterexample.ProjectiveCoresolution.projectiveDimension_eq._proof_1_1","module":"FindimCounterexample.Coresolution","theorem":true}
{"axioms":["propext","Classical.choice","Quot.sound"],"declaration":"FindimCounterexample.ExactCoresolution.inclusion_projection","module":"FindimCounterexample.ExactCoresolution","theorem":true}
{"axioms":["propext","Classical.choice","Quot.sound"],"declaration":"FindimCounterexample.RingDual.free_expansion","module":"FindimCounterexample.Duality","theorem":true}
{"axioms":["propext","Classical.choice","Quot.sound"],"declaration":"FindimCounterexample.ProjectiveCoresolution.mk","module":"FindimCounterexample.Coresolution","theorem":false}
{"axioms":["propext","Quot.sound"],"declaration":"FindimCounterexample.RingDual.rightMap","module":"FindimCounterexample.Duality","theorem":false}
{"axioms":["propext","Quot.sound"],"declaration":"FindimCounterexample.RingDual.coordinate.eq_1","module":"FindimCounterexample.Duality","theorem":true}
{"axioms":["propext","Quot.sound"],"declaration":"FindimCounterexample.RingDual.rightMap_apply","module":"FindimCounterexample.Duality","theorem":true}
{"axioms":["propext","Quot.sound"],"declaration":"FindimCounterexample.RingDual.eval_naturality","module":"FindimCounterexample.Duality","theorem":true}
{"axioms":["propext","Quot.sound"],"declaration":"FindimCounterexample.RingDual.leftMap._proof_4","module":"FindimCounterexample.Duality","theorem":true}
{"axioms":["propext","Classical.choice","Quot.sound"],"declaration":"FindimCounterexample.StrongNakayama.not_projective_one","module":"FindimCounterexample.StrongNakayama","theorem":true}
{"axioms":[],"declaration":"FindimCounterexample.RingDual.rightMap._proof_1","module":"FindimCounterexample.Duality","theorem":true}
{"axioms":["propext","Quot.sound"],"declaration":"FindimCounterexample.RingDual.eval._proof_7","module":"FindimCounterexample.Duality","theorem":true}
{"axioms":["propext","Classical.choice","Quot.sound"],"declaration":"FindimCounterexample.ExactCoresolution.projection","module":"FindimCounterexample.ExactCoresolution","theorem":false}
{"axioms":["propext","Classical.choice","Quot.sound"],"declaration":"FindimCounterexample.ExactCoresolution.inclusion._proof_1","module":"FindimCounterexample.ExactCoresolution","theorem":true}
{"axioms":["propext","Quot.sound"],"declaration":"FindimCounterexample.RingDual.coordinate._proof_2","module":"FindimCounterexample.Duality","theorem":true}
{"axioms":["propext","Quot.sound"],"declaration":"FindimCounterexample.RingDual.eval._proof_1","module":"FindimCounterexample.Duality","theorem":true}
{"axioms":["propext","Classical.choice","Quot.sound"],"declaration":"FindimCounterexample.ExactCoresolution.cok","module":"FindimCounterexample.ExactCoresolution","theorem":false}
{"axioms":["propext","Classical.choice","Quot.sound"],"declaration":"FindimCounterexample.RingDual.rightDual_finite","module":"FindimCounterexample.Duality","theorem":true}
{"axioms":["propext","Quot.sound"],"declaration":"FindimCounterexample.StrongNakayama.coresolution._proof_1","module":"FindimCounterexample.StrongNakayama","theorem":true}
{"axioms":["propext","Classical.choice","Quot.sound"],"declaration":"FindimCounterexample.ProjectiveCoresolution.recOn","module":"FindimCounterexample.Coresolution","theorem":false}
{"axioms":["propext","Quot.sound"],"declaration":"FindimCounterexample.RingDual.evalEquiv._proof_1","module":"FindimCounterexample.Duality","theorem":true}
{"axioms":["propext","Quot.sound"],"declaration":"FindimCounterexample.RingDual.eval_apply","module":"FindimCounterexample.Duality","theorem":true}
{"axioms":["propext","Classical.choice","Quot.sound"],"declaration":"FindimCounterexample.ProjectiveCoresolution.ctorIdx","module":"FindimCounterexample.Coresolution","theorem":false}
{"axioms":["propext","Classical.choice","Quot.sound"],"declaration":"FindimCounterexample.StrongNakayama.projectiveDimension_eq","module":"FindimCounterexample.StrongNakayama","theorem":true}
{"axioms":["propext","Classical.choice","Quot.sound"],"declaration":"FindimCounterexample.ProjectiveCoresolution.mk.noConfusion","module":"FindimCounterexample.Coresolution","theorem":false}
{"axioms":["propext","Quot.sound"],"declaration":"FindimCounterexample.RingDual.eval._proof_2","module":"FindimCounterexample.Duality","theorem":true}
{"axioms":["propext","Classical.choice","Quot.sound"],"declaration":"FindimCounterexample.ProjectiveCoresolution.sc","module":"FindimCounterexample.Coresolution","theorem":false}
{"axioms":["propext"],"declaration":"FindimCounterexample.RingDual.leftMap._proof_1","module":"FindimCounterexample.Duality","theorem":true}
{"axioms":["propext","Classical.choice","Quot.sound"],"declaration":"FindimCounterexample.StrongNakayama.projective_zero","module":"FindimCounterexample.StrongNakayama","theorem":true}
{"axioms":["propext","Classical.choice","Quot.sound"],"declaration":"FindimCounterexample.ProjectiveCoresolution.mk.inj","module":"FindimCounterexample.Coresolution","theorem":true}
{"axioms":["propext","Quot.sound"],"declaration":"FindimCounterexample.ProjectiveCoresolution.hasProjectiveDimensionLE._proof_1_1","module":"FindimCounterexample.Coresolution","theorem":true}
{"axioms":["propext","Classical.choice","Quot.sound"],"declaration":"FindimCounterexample.ProjectiveCoresolution.projective","module":"FindimCounterexample.Coresolution","theorem":true}
{"axioms":["propext","Classical.choice","Quot.sound"],"declaration":"FindimCounterexample.StrongNakayama.coresolution","module":"FindimCounterexample.StrongNakayama","theorem":false}
{"axioms":["propext","Classical.choice","Quot.sound"],"declaration":"FindimCounterexample.ProjectiveCoresolution.not_hasProjectiveDimensionLT","module":"FindimCounterexample.Coresolution","theorem":true}
{"axioms":["propext","Classical.choice","Quot.sound"],"declaration":"FindimCounterexample.RingDual.freeDualEquiv._proof_4","module":"FindimCounterexample.Duality","theorem":true}
{"axioms":["propext","Classical.choice","Quot.sound"],"declaration":"FindimCounterexample.ProjectiveCoresolution.noConfusionType","module":"FindimCounterexample.Coresolution","theorem":false}
{"axioms":["propext","Quot.sound"],"declaration":"FindimCounterexample.RingDual.eval._proof_8","module":"FindimCounterexample.Duality","theorem":true}
{"axioms":["propext","Classical.choice","Quot.sound"],"declaration":"FindimCounterexample.ProjectiveCoresolution.mk._flat_ctor","module":"FindimCounterexample.Coresolution","theorem":false}
{"axioms":[],"declaration":"FindimCounterexample.ExactCoresolution.cok.match_1","module":"FindimCounterexample.ExactCoresolution","theorem":false}
{"axioms":["propext","Classical.choice","Quot.sound"],"declaration":"FindimCounterexample.ProjectiveCoresolution._sizeOf_inst","module":"FindimCounterexample.Coresolution","theorem":false}
{"axioms":["propext","Classical.choice","Quot.sound"],"declaration":"FindimCounterexample.RingDual.split_of_dual_split","module":"FindimCounterexample.Duality","theorem":true}
{"axioms":["propext","Quot.sound"],"declaration":"FindimCounterexample.StrongNakayama.dualDifferential","module":"FindimCounterexample.StrongNakayama","theorem":false}
{"axioms":["propext","Classical.choice","Quot.sound"],"declaration":"FindimCounterexample.ProjectiveCoresolution.w","module":"FindimCounterexample.Coresolution","theorem":true}
{"axioms":["propext","Classical.choice","Quot.sound"],"declaration":"FindimCounterexample.RingDual.freeDualEquiv","module":"FindimCounterexample.Duality","theorem":false}
{"axioms":["propext","Classical.choice","Quot.sound"],"declaration":"FindimCounterexample.ProjectiveCoresolution.noConfusion","module":"FindimCounterexample.Coresolution","theorem":false}
{"axioms":[],"declaration":"FindimCounterexample.RingDual.LeftDual","module":"FindimCounterexample.Duality","theorem":false}
{"axioms":["propext","Classical.choice","Quot.sound"],"declaration":"FindimCounterexample.StrongNakayama.coresolution._proof_2","module":"FindimCounterexample.StrongNakayama","theorem":true}
{"axioms":["propext","Classical.choice","Quot.sound"],"declaration":"FindimCounterexample.RingDual.dual_expansion","module":"FindimCounterexample.Duality","theorem":true}
{"axioms":["propext","Classical.choice","Quot.sound"],"declaration":"FindimCounterexample.RingDual.eval_bijective_free","module":"FindimCounterexample.Duality","theorem":true}
{"axioms":["propext","Classical.choice","Quot.sound"],"declaration":"FindimCounterexample.ProjectiveCoresolution.ι","module":"FindimCounterexample.Coresolution","theorem":false}
{"axioms":["propext","Quot.sound"],"declaration":"FindimCounterexample.RingDual.freeDualEquiv._proof_1","module":"FindimCounterexample.Duality","theorem":true}
{"axioms":["propext","Classical.choice","Quot.sound"],"declaration":"FindimCounterexample.ProjectiveCoresolution._sizeOf_1","module":"FindimCounterexample.Coresolution","theorem":false}
{"axioms":["propext","Quot.sound"],"declaration":"FindimCounterexample.RingDual.freeDualEquiv._proof_2","module":"FindimCounterexample.Duality","theorem":true}
{"axioms":["propext","Quot.sound"],"declaration":"FindimCounterexample.RingDual.RightDual","module":"FindimCounterexample.Duality","theorem":false}
{"axioms":["propext","Classical.choice","Quot.sound"],"declaration":"FindimCounterexample.ExactCoresolution.range_inclusion","module":"FindimCounterexample.ExactCoresolution","theorem":true}
{"axioms":["propext","Classical.choice","Quot.sound"],"declaration":"FindimCounterexample.RingDual.eval_bijective","module":"FindimCounterexample.Duality","theorem":true}
{"axioms":["propext","Quot.sound"],"declaration":"FindimCounterexample.ExactCoresolution.cok._proof_1","module":"FindimCounterexample.ExactCoresolution","theorem":true}
{"axioms":["propext","Classical.choice","Quot.sound"],"declaration":"FindimCounterexample.StrongNakayama.unbounded","module":"FindimCounterexample.StrongNakayama","theorem":true}
{"axioms":["propext","Classical.choice","Quot.sound"],"declaration":"FindimCounterexample.ProjectiveCoresolution.shortExact","module":"FindimCounterexample.Coresolution","theorem":true}
{"axioms":["propext","Quot.sound"],"declaration":"FindimCounterexample.RingDual.rightMap_comp","module":"FindimCounterexample.Duality","theorem":true}
{"axioms":["propext","Quot.sound"],"declaration":"FindimCounterexample.RingDual.eval._proof_6","module":"FindimCounterexample.Duality","theorem":true}
{"axioms":["propext","Quot.sound"],"declaration":"FindimCounterexample.RingDual.leftMap._proof_3","module":"FindimCounterexample.Duality","theorem":true}
{"axioms":["propext","Quot.sound"],"declaration":"FindimCounterexample.RingDual.freeDualEquiv._proof_3","module":"FindimCounterexample.Duality","theorem":true}
{"axioms":["propext","Classical.choice","Quot.sound"],"declaration":"FindimCounterexample.StrongNakayama.cok","module":"FindimCounterexample.StrongNakayama","theorem":false}
{"axioms":["propext","Classical.choice","Quot.sound"],"declaration":"FindimCounterexample.ProjectiveCoresolution.casesOn","module":"FindimCounterexample.Coresolution","theorem":false}
{"axioms":["propext","Quot.sound"],"declaration":"FindimCounterexample.RingDual.coordinate","module":"FindimCounterexample.Duality","theorem":false}
{"declarations":95,"modules":["FindimCounterexample.Coresolution","FindimCounterexample.Duality","FindimCounterexample.ExactCoresolution","FindimCounterexample.StrongNakayama","FindimCounterexample"],"theorems":61}
