{"axioms":["propext","Classical.choice","Quot.sound"],"declaration":"FindimCounterexample.ProjectiveCoresolution.π","module":"FindimCounterexample.Coresolution","theorem":false}
{"axioms":["propext","Classical.choice","Quot.sound"],"declaration":"FindimCounterexample.ProjectiveCoresolution.hasProjectiveDimensionLE","module":"FindimCounterexample.Coresolution","theorem":true}
{"axioms":["propext","Classical.choice","Quot.sound"],"declaration":"FindimCounterexample.ProjectiveCoresolution.projectiveDimension_eq","module":"FindimCounterexample.Coresolution","theorem":true}
{"axioms":["propext","Classical.choice","Quot.sound"],"declaration":"FindimCounterexample.ProjectiveCoresolution.c","module":"FindimCounterexample.Coresolution","theorem":false}
{"axioms":["propext","Classical.choice","Quot.sound"],"declaration":"FindimCounterexample.ProjectiveCoresolution.mk.sizeOf_spec","module":"FindimCounterexample.Coresolution","theorem":true}
{"axioms":["propext","Classical.choice","Quot.sound"],"declaration":"FindimCounterexample.ProjectiveCoresolution.rec","module":"FindimCounterexample.Coresolution","theorem":false}
{"axioms":["propext","Classical.choice","Quot.sound"],"declaration":"FindimCounterexample.ProjectiveCoresolution.mk.injEq","module":"FindimCounterexample.Coresolution","theorem":true}
{"axioms":["propext","Classical.choice","Quot.sound"],"declaration":"FindimCounterexample.ProjectiveCoresolution.p","module":"FindimCounterexample.Coresolution","theorem":false}
{"axioms":["propext","Classical.choice","Quot.sound"],"declaration":"FindimCounterexample.ProjectiveCoresolution","module":"FindimCounterexample.Coresolution","theorem":false}
{"axioms":["propext","Quot.sound"],"declaration":"FindimCounterexample.ProjectiveCoresolution.projectiveDimension_eq._proof_1_1","module":"FindimCounterexample.Coresolution","theorem":true}
{"axioms":["propext","Classical.choice","Quot.sound"],"declaration":"FindimCounterexample.ProjectiveCoresolution.mk","module":"FindimCounterexample.Coresolution","theorem":false}
{"axioms":["propext","Classical.choice","Quot.sound"],"declaration":"FindimCounterexample.ProjectiveCoresolution.recOn","module":"FindimCounterexample.Coresolution","theorem":false}
{"axioms":["propext","Classical.choice","Quot.sound"],"declaration":"FindimCounterexample.ProjectiveCoresolution.ctorIdx","module":"FindimCounterexample.Coresolution","theorem":false}
{"axioms":["propext","Classical.choice","Quot.sound"],"declaration":"FindimCounterexample.ProjectiveCoresolution.mk.noConfusion","module":"FindimCounterexample.Coresolution","theorem":false}
{"axioms":["propext","Classical.choice","Quot.sound"],"declaration":"FindimCounterexample.ProjectiveCoresolution.sc","module":"FindimCounterexample.Coresolution","theorem":false}
{"axioms":["propext","Classical.choice","Quot.sound"],"declaration":"FindimCounterexample.ProjectiveCoresolution.mk.inj","module":"FindimCounterexample.Coresolution","theorem":true}
{"axioms":["propext","Quot.sound"],"declaration":"FindimCounterexample.ProjectiveCoresolution.hasProjectiveDimensionLE._proof_1_1","module":"FindimCounterexample.Coresolution","theorem":true}
{"axioms":["propext","Classical.choice","Quot.sound"],"declaration":"FindimCounterexample.ProjectiveCoresolution.projective","module":"FindimCounterexample.Coresolution","theorem":true}
{"axioms":["propext","Classical.choice","Quot.sound"],"declaration":"FindimCounterexample.ProjectiveCoresolution.not_hasProjectiveDimensionLT","module":"FindimCounterexample.Coresolution","theorem":true}
{"axioms":["propext","Classical.choice","Quot.sound"],"declaration":"FindimCounterexample.ProjectiveCoresolution.noConfusionType","module":"FindimCounterexample.Coresolution","theorem":false}
{"axioms":["propext","Classical.choice","Quot.sound"],"declaration":"FindimCounterexample.ProjectiveCoresolution.mk._flat_ctor","module":"FindimCounterexample.Coresolution","theorem":false}
{"axioms":["propext","Classical.choice","Quot.sound"],"declaration":"FindimCounterexample.ProjectiveCoresolution._sizeOf_inst","module":"FindimCounterexample.Coresolution","theorem":false}
{"axioms":["propext","Classical.choice","Quot.sound"],"declaration":"FindimCounterexample.ProjectiveCoresolution.w","module":"FindimCounterexample.Coresolution","theorem":true}
{"axioms":["propext","Classical.choice","Quot.sound"],"declaration":"FindimCounterexample.ProjectiveCoresolution.noConfusion","module":"FindimCounterexample.Coresolution","theorem":false}
{"axioms":["propext","Classical.choice","Quot.sound"],"declaration":"FindimCounterexample.ProjectiveCoresolution.ι","module":"FindimCounterexample.Coresolution","theorem":false}
{"axioms":["propext","Classical.choice","Quot.sound"],"declaration":"FindimCounterexample.ProjectiveCoresolution._sizeOf_1","module":"FindimCounterexample.Coresolution","theorem":false}
{"axioms":["propext","Classical.choice","Quot.sound"],"declaration":"FindimCounterexample.ProjectiveCoresolution.shortExact","module":"FindimCounterexample.Coresolution","theorem":true}
{"axioms":["propext","Classical.choice","Quot.sound"],"declaration":"FindimCounterexample.ProjectiveCoresolution.casesOn","module":"FindimCounterexample.Coresolution","theorem":false}
{"declarations":28,"modules":["FindimCounterexample.Coresolution","FindimCounterexample"],"theorems":11}
