replaying FindimCounterexample.SelectionCentral
replaying FindimCounterexample.Stage3cKaroubi
replaying FindimCounterexample.SelectionDirectSum
replaying FindimCounterexample.Stage3cOddDouble
replaying FindimCounterexample.FiniteQuotients
replaying FindimCounterexample.SelectionCommutator
replaying FindimCounterexample.SelectionPresentation
replaying FindimCounterexample.ExactCoresolution
replaying FindimCounterexample.Stage3cFractions
replaying FindimCounterexample.SelectionFiniteOrbits
replaying FindimCounterexample.MatrixTransvections
replaying FindimCounterexample.SelectionFiniteRelations
replaying FindimCounterexample.SelectionShift
replaying FindimCounterexample.FiniteQuotientRing
replaying FindimCounterexample.StrongNakayama
replaying FindimCounterexample.Coresolution
replaying FindimCounterexample.SelectionTorus
replaying FindimCounterexample.FiniteQuotientCenter
replaying FindimCounterexample.StrongNakayamaExt
replaying FindimCounterexample.Duality
replaying FindimCounterexample.FiniteQuotientSeparation
replaying FindimCounterexample.ModuleResolutionExt
replaying FindimCounterexample.Stage4bRankObstruction
replaying FindimCounterexample.Stage3cConeSplitting
replaying FindimCounterexample.SelectionIndependence
replaying FindimCounterexample.Transpose
replaying FindimCounterexample.ResolutionExt
replaying FindimCounterexample.SelectionGroup
replaying FindimCounterexample.Stage4bExtinction
replaying FindimCounterexample.ModuleResolution
replaying FindimCounterexample.SelectionFinitePresentation
replaying FindimCounterexample
